<html>
<body>
<pre>
<h1>µVision Build Log</h1>
<h2>Tool Versions:</h2>
IDE-Version: ¦ÌVision V5.26.2.0
Copyright (C) 2018 ARM Ltd and ARM Germany GmbH. All rights reserved.
License Information: Yuan You, The Ohio State University, LIC=9WSKP-MVB5H-63WMB-2M8JT-GF985-PWIT3
 
Tool Versions:
Toolchain:       MDK-ARM Plus  Version: 5.26.2.0
Toolchain Path:  D:\Keil_v5\ARM\ARMCC\Bin
C Compiler:      Armcc.exe V5.06 update 6 (build 750)
Assembler:       Armasm.exe V5.06 update 6 (build 750)
Linker/Locator:  ArmLink.exe V5.06 update 6 (build 750)
Library Manager: ArmAr.exe V5.06 update 6 (build 750)
Hex Converter:   FromElf.exe V5.06 update 6 (build 750)
CPU DLL:         SARMCM3.DLL V5.26.2.0
Dialog DLL:      DCM.DLL V1.17.2.0
Target DLL:      STLink\ST-LINKIII-KEIL_SWO.dll V3.0.5.0
Dialog DLL:      TCM.DLL V1.36.1.0
 
<h2>Project:</h2>
D:\OneDrive - The Ohio State University\RoboMaster\OSU_RoboMaster_Embeded\OSU_RoboMaster_Embeded_Infantry_#2\standard\Project\standard.uvprojx
Project File Date:  06/09/2019

<h2>Output:</h2>
*** Using Compiler 'V5.06 update 6 (build 750)', folder: 'D:\Keil_v5\ARM\ARMCC\Bin'
Build target 'standard'
compiling gimbal_task.c...
..\user\APP\gimbal_task\gimbal_task.c(820): warning:  #1035-D: single-precision operand implicitly converted to double-precision
  				gimbal_motor->motor_gyro_set = GIMBAL_PID_Calc(&gimbal_motor->gimbal_motor_absolute_angle_pid, gimbal_motor->absolute_angle, final_absolute_yaw_angle_set, gimbal_motor->motor_gyro*0.85);
..\user\APP\gimbal_task\gimbal_task.c(823): warning:  #1035-D: single-precision operand implicitly converted to double-precision
  				gimbal_motor->motor_gyro_set = GIMBAL_PID_Calc(&gimbal_motor->gimbal_motor_absolute_angle_pid, gimbal_motor->absolute_angle, final_absolute_yaw_angle_set, gimbal_motor->motor_gyro*0.85);
..\user\APP\gimbal_task\gimbal_task.c: 2 warnings, 0 errors
linking...
Program Size: Code=58576 RO-data=2772 RW-data=732 ZI-data=139524  
FromELF: creating hex file...
".\Objects\infantry.axf" - 0 Error(s), 2 Warning(s).

<h2>Software Packages used:</h2>

Package Vendor: Keil
                http://www.keil.com/pack/Keil.STM32F4xx_DFP.2.13.0.pack
                Keil.STM32F4xx_DFP.2.13.0
                STMicroelectronics STM32F4 Series Device Support, Drivers and Examples

<h2>Collection of Component include folders:</h2>
  .\RTE\_standard
  D:\Keil_v5\ARM\PACK\Keil\STM32F4xx_DFP\2.13.0\Drivers\CMSIS\Device\ST\STM32F4xx\Include

<h2>Collection of Component Files used:</h2>
Build Time Elapsed:  00:00:02
</pre>
</body>
</html>
