<html>
<body>
<pre>
<h1>µVision Build Log</h1>
<h2>Tool Versions:</h2>
IDE-Version: ¦ÌVision V5.26.2.0
Copyright (C) 2018 ARM Ltd and ARM Germany GmbH. All rights reserved.
License Information: Yuan You, The Ohio State University, LIC=9WSKP-MVB5H-63WMB-2M8JT-GF985-PWIT3
 
Tool Versions:
Toolchain:       MDK-ARM Plus  Version: 5.26.2.0
Toolchain Path:  D:\Keil_v5\ARM\ARMCC\Bin
C Compiler:      Armcc.exe V5.06 update 6 (build 750)
Assembler:       Armasm.exe V5.06 update 6 (build 750)
Linker/Locator:  ArmLink.exe V5.06 update 6 (build 750)
Library Manager: ArmAr.exe V5.06 update 6 (build 750)
Hex Converter:   FromElf.exe V5.06 update 6 (build 750)
CPU DLL:         SARMCM3.DLL V5.26.2.0
Dialog DLL:      DCM.DLL V1.17.2.0
Target DLL:      STLink\ST-LINKIII-KEIL_SWO.dll V3.0.5.0
Dialog DLL:      TCM.DLL V1.36.1.0
 
<h2>Project:</h2>
D:\OneDrive - The Ohio State University\RoboMaster\OSU_RoboMaster_Embeded\OSU_RoboMaster_Embeded_Infantry_#2\standard\Project\standard.uvprojx
Project File Date:  06/09/2019

<h2>Output:</h2>
*** Using Compiler 'V5.06 update 6 (build 750)', folder: 'D:\Keil_v5\ARM\ARMCC\Bin'
Rebuild target 'standard'
assembling startup_stm32f427xx.s...
compiling misc.c...
compiling stm32f4xx_crc.c...
compiling stm32f4xx_cec.c...
compiling stm32f4xx_adc.c...
compiling stm32f4xx_it.c...
compiling system_stm32f4xx.c...
compiling stm32f4xx_cryp_tdes.c...
compiling stm32f4xx_cryp_des.c...
compiling stm32f4xx_can.c...
compiling stm32f4xx_cryp.c...
compiling stm32f4xx_cryp_aes.c...
compiling stm32f4xx_dac.c...
compiling stm32f4xx_dfsdm.c...
compiling stm32f4xx_dma2d.c...
compiling stm32f4xx_exti.c...
compiling stm32f4xx_dcmi.c...
compiling stm32f4xx_dsi.c...
compiling stm32f4xx_dbgmcu.c...
compiling stm32f4xx_dma.c...
compiling stm32f4xx_flash_ramfunc.c...
compiling stm32f4xx_flash.c...
compiling stm32f4xx_fmc.c...
compiling stm32f4xx_lptim.c...
compiling stm32f4xx_fmpi2c.c...
compiling stm32f4xx_qspi.c...
compiling stm32f4xx_hash_sha1.c...
compiling stm32f4xx_hash.c...
compiling stm32f4xx_iwdg.c...
compiling stm32f4xx_hash_md5.c...
compiling stm32f4xx_pwr.c...
compiling stm32f4xx_gpio.c...
compiling stm32f4xx_i2c.c...
compiling stm32f4xx_ltdc.c...
compiling stm32f4xx_spdifrx.c...
compiling stm32f4xx_rng.c...
compiling stm32f4xx_sdio.c...
compiling stm32f4xx_wwdg.c...
compiling stm32f4xx_sai.c...
compiling stm32f4xx_syscfg.c...
compiling stm32f4xx_usart.c...
compiling stm32f4xx_spi.c...
compiling stm32f4xx_tim.c...
compiling stm32f4xx_rtc.c...
compiling croutine.c...
compiling stm32f4xx_rcc.c...
compiling event_groups.c...
compiling list.c...
compiling queue.c...
compiling timers.c...
compiling heap_4.c...
compiling ist8310driver.c...
compiling mpu6500driver.c...
compiling tasks.c...
compiling port.c...
compiling AHRS_middleware.c...
compiling user_lib.c...
compiling laser.c...
compiling mpu6500driver_middleware.c...
compiling flash.c...
compiling delay.c...
compiling buzzer.c...
compiling exit_init.c...
compiling adc.c...
compiling can.c...
compiling ist8310driver_middleware.c...
compiling fric.c...
compiling main.c...
compiling calibrate_task.c...
compiling sys.c...
compiling detect_task.c...
compiling chassis_task.c...
compiling filter.c...
compiling gpio.c...
compiling rng.c...
compiling spi.c...
compiling led.c...
compiling timer.c...
compiling rc.c...
compiling power_ctrl.c...
compiling CAN_receive.c...
compiling chassis_behaviour.c...
..\user\APP\chassis_task\chassis_behaviour.c(401): warning:  #550-D: variable "swing_angle"  was set but never used
      static fp32 swing_angle = 0.0f;
..\user\APP\chassis_task\chassis_behaviour.c: 1 warning, 0 errors
compiling pid.c...
compiling FreeRTOS_middleware.c...
compiling start_task.c...
compiling gimbal_behaviour.c...
compiling gimbal_task.c...
..\user\APP\gimbal_task\gimbal_task.c(821): warning:  #1035-D: single-precision operand implicitly converted to double-precision
  				gimbal_motor->motor_gyro_set = GIMBAL_PID_Calc(&gimbal_motor->gimbal_motor_absolute_angle_pid, gimbal_motor->absolute_angle, final_absolute_yaw_angle_set, gimbal_motor->motor_gyro*0.2);
..\user\APP\gimbal_task\gimbal_task.c: 1 warning, 0 errors
compiling remote_control.c...
compiling INS_task.c...
compiling shoot.c...
compiling user_task.c...
..\user\APP\user_task\user_task.c(164): warning:  #177-D: variable "dt"  was declared but never referenced
  		const fp32 dt=0.000f;//572.9577951f*0.000;//ÔËÐÐÆµÂÊ£¿
..\user\APP\user_task\user_task.c: 1 warning, 0 errors
linking...
Program Size: Code=58600 RO-data=2772 RW-data=740 ZI-data=139524  
FromELF: creating hex file...
".\Objects\infantry.axf" - 0 Error(s), 3 Warning(s).

<h2>Software Packages used:</h2>

Package Vendor: Keil
                http://www.keil.com/pack/Keil.STM32F4xx_DFP.2.13.0.pack
                Keil.STM32F4xx_DFP.2.13.0
                STMicroelectronics STM32F4 Series Device Support, Drivers and Examples

<h2>Collection of Component include folders:</h2>
  .\RTE\_standard
  D:\Keil_v5\ARM\PACK\Keil\STM32F4xx_DFP\2.13.0\Drivers\CMSIS\Device\ST\STM32F4xx\Include

<h2>Collection of Component Files used:</h2>
Build Time Elapsed:  00:00:16
</pre>
</body>
</html>
