<html>
<body>
<pre>
<h1>µVision Build Log</h1>
<h2>Tool Versions:</h2>
IDE-Version: ¦ÌVision V5.26.2.0
Copyright (C) 2018 ARM Ltd and ARM Germany GmbH. All rights reserved.
License Information: Yuan You, The Ohio State University, LIC=9WSKP-MVB5H-63WMB-2M8JT-GF985-PWIT3
 
Tool Versions:
Toolchain:       MDK-ARM Plus  Version: 5.26.2.0
Toolchain Path:  D:\Keil_v5\ARM\ARMCC\Bin
C Compiler:      Armcc.exe V5.06 update 6 (build 750)
Assembler:       Armasm.exe V5.06 update 6 (build 750)
Linker/Locator:  ArmLink.exe V5.06 update 6 (build 750)
Library Manager: ArmAr.exe V5.06 update 6 (build 750)
Hex Converter:   FromElf.exe V5.06 update 6 (build 750)
CPU DLL:         SARMCM3.DLL V5.26.2.0
Dialog DLL:      DCM.DLL V1.17.2.0
Target DLL:      Segger\JL2CM3.dll V2.99.31.0
Dialog DLL:      TCM.DLL V1.36.1.0
 
<h2>Project:</h2>
D:\OneDrive - The Ohio State University\RoboMaster\OSU_RoboMaster_Embeded_Engineering\standard\Project\standard.uvprojx
Project File Date:  05/11/2019

<h2>Output:</h2>
*** Using Compiler 'V5.06 update 6 (build 750)', folder: 'D:\Keil_v5\ARM\ARMCC\Bin'
Build target 'standard'
compiling gimbal_task.c...
..\user\APP\gimbal_task\gimbal_task.c(756): warning:  #177-D: function "GIMBAL_PID_Init"  was declared but never referenced
  static void GIMBAL_PID_Init(Gimbal_PID_t *pid, fp32 maxout, fp32 max_iout, fp32 kp, fp32 ki, fp32 kd)
..\user\APP\gimbal_task\gimbal_task.c(772): warning:  #177-D: function "GIMBAL_PID_Calc"  was declared but never referenced
  static fp32 GIMBAL_PID_Calc(Gimbal_PID_t *pid, fp32 get, fp32 set, fp32 error_delta)
..\user\APP\gimbal_task\gimbal_task.c: 2 warnings, 0 errors
linking...
Program Size: Code=48016 RO-data=2752 RW-data=608 ZI-data=136848  
FromELF: creating hex file...
".\Objects\infantry.axf" - 0 Error(s), 2 Warning(s).

<h2>Software Packages used:</h2>

Package Vendor: Keil
                http://www.keil.com/pack/Keil.STM32F4xx_DFP.2.13.0.pack
                Keil.STM32F4xx_DFP.2.13.0
                STMicroelectronics STM32F4 Series Device Support, Drivers and Examples

<h2>Collection of Component include folders:</h2>
  .\RTE\_standard
  D:\Keil_v5\ARM\PACK\Keil\STM32F4xx_DFP\2.13.0\Drivers\CMSIS\Device\ST\STM32F4xx\Include

<h2>Collection of Component Files used:</h2>
Build Time Elapsed:  00:00:04
</pre>
</body>
</html>
