<html>
<body>
<pre>
<h1>µVision Build Log</h1>
<h2>Tool Versions:</h2>
IDE-Version: ¦ÌVision V5.26.2.0
Copyright (C) 2018 ARM Ltd and ARM Germany GmbH. All rights reserved.
License Information: Yuan You, The Ohio State University, LIC=9WSKP-MVB5H-63WMB-2M8JT-GF985-PWIT3
 
Tool Versions:
Toolchain:       MDK-ARM Plus  Version: 5.26.2.0
Toolchain Path:  D:\Keil_v5\ARM\ARMCC\Bin
C Compiler:      Armcc.exe V5.06 update 6 (build 750)
Assembler:       Armasm.exe V5.06 update 6 (build 750)
Linker/Locator:  ArmLink.exe V5.06 update 6 (build 750)
Library Manager: ArmAr.exe V5.06 update 6 (build 750)
Hex Converter:   FromElf.exe V5.06 update 6 (build 750)
CPU DLL:         SARMCM3.DLL V5.26.2.0
Dialog DLL:      DCM.DLL V1.17.2.0
Target DLL:      Segger\JL2CM3.dll V2.99.31.0
Dialog DLL:      TCM.DLL V1.36.1.0
 
<h2>Project:</h2>
D:\OneDrive - The Ohio State University\RoboMaster\OSU_RoboMaster_Embeded\OSU_RoboMaster_Embeded_Infantry_#5 - Copy\standard\Project\standard.uvprojx
Project File Date:  07/07/2019

<h2>Output:</h2>
*** Using Compiler 'V5.06 update 6 (build 750)', folder: 'D:\Keil_v5\ARM\ARMCC\Bin'
Build target 'standard'
compiling calibrate_task.c...
compiling start_task.c...
compiling chassis_task.c...
compiling gimbal_behaviour.c...
..\user\APP\gimbal_task\gimbal_behaviour.c(488): warning:  #177-D: function "gimbal_init_control"  was declared but never referenced
  static void gimbal_init_control(fp32 *yaw, fp32 *pitch, Gimbal_Control_t *gimbal_control_set)
..\user\APP\gimbal_task\gimbal_behaviour.c: 1 warning, 0 errors
compiling gimbal_task.c...
..\user\APP\gimbal_task\gimbal_task.c(94): warning:  #177-D: function "gimbal_motor_absolute_angle_control"  was declared but never referenced
  static void gimbal_motor_absolute_angle_control(Gimbal_Motor_t *gimbal_motor);
..\user\APP\gimbal_task\gimbal_task.c: 1 warning, 0 errors
compiling chassis_behaviour.c...
..\user\APP\chassis_task\chassis_behaviour.c(352): warning:  #175-D: subscript out of range
      *angle_set = rad_format(chassis_move_rc_to_vector->chassis_yaw_set - CHASSIS_ANGLE_Z_RC_SEN * chassis_move_rc_to_vector->chassis_RC->rc.ch[CHASSIS_WZ_CHANNEL]);
..\user\APP\chassis_task\chassis_behaviour.c(449): warning:  #175-D: subscript out of range
      *wz_set = -CHASSIS_WZ_RC_SEN * chassis_move_rc_to_vector->chassis_RC->rc.ch[CHASSIS_WZ_CHANNEL];//²âÊÔ²âÊÔ
..\user\APP\chassis_task\chassis_behaviour.c(379): warning:  #550-D: variable "swing_angle"  was set but never used
      static fp32 swing_angle = 0.0f;
..\user\APP\chassis_task\chassis_behaviour.c(472): warning:  #175-D: subscript out of range
      *wz_set = -chassis_move_rc_to_vector->chassis_RC->rc.ch[CHASSIS_WZ_CHANNEL] * CHASSIS_OPEN_RC_SCALE;
..\user\APP\chassis_task\chassis_behaviour.c: 4 warnings, 0 errors
compiling shoot.c...
compiling user_task.c...
linking...
Program Size: Code=61324 RO-data=2788 RW-data=816 ZI-data=137624  
FromELF: creating hex file...
".\Objects\infantry.axf" - 0 Error(s), 6 Warning(s).

<h2>Software Packages used:</h2>

Package Vendor: Keil
                http://www.keil.com/pack/Keil.STM32F4xx_DFP.2.13.0.pack
                Keil.STM32F4xx_DFP.2.13.0
                STMicroelectronics STM32F4 Series Device Support, Drivers and Examples

<h2>Collection of Component include folders:</h2>
  .\RTE\_standard
  D:\Keil_v5\ARM\PACK\Keil\STM32F4xx_DFP\2.13.0\Drivers\CMSIS\Device\ST\STM32F4xx\Include

<h2>Collection of Component Files used:</h2>
Build Time Elapsed:  00:00:05
</pre>
</body>
</html>
