Component: ARM Compiler 5.06 update 6 (build 750) Tool: armlink [4d35ed]

==============================================================================

Section Cross References

    stm32f4xx_hal_can.o(i.CAN_Receive_IT) refers to bsp_can.o(i.HAL_CAN_RxCpltCallback) for HAL_CAN_RxCpltCallback
    stm32f4xx_hal_can.o(i.CAN_Transmit_IT) refers to stm32f4xx_hal_can.o(i.HAL_CAN_TxCpltCallback) for HAL_CAN_TxCpltCallback
    stm32f4xx_hal_can.o(i.HAL_CAN_DeInit) refers to can.o(i.HAL_CAN_MspDeInit) for HAL_CAN_MspDeInit
    stm32f4xx_hal_can.o(i.HAL_CAN_IRQHandler) refers to stm32f4xx_hal_can.o(i.CAN_Transmit_IT) for CAN_Transmit_IT
    stm32f4xx_hal_can.o(i.HAL_CAN_IRQHandler) refers to stm32f4xx_hal_can.o(i.CAN_Receive_IT) for CAN_Receive_IT
    stm32f4xx_hal_can.o(i.HAL_CAN_IRQHandler) refers to stm32f4xx_hal_can.o(i.HAL_CAN_ErrorCallback) for HAL_CAN_ErrorCallback
    stm32f4xx_hal_can.o(i.HAL_CAN_Init) refers to can.o(i.HAL_CAN_MspInit) for HAL_CAN_MspInit
    stm32f4xx_hal_can.o(i.HAL_CAN_Init) refers to stm32f4xx_hal.o(i.HAL_GetTick) for HAL_GetTick
    stm32f4xx_hal_can.o(i.HAL_CAN_Receive) refers to stm32f4xx_hal.o(i.HAL_GetTick) for HAL_GetTick
    stm32f4xx_hal_can.o(i.HAL_CAN_Sleep) refers to stm32f4xx_hal.o(i.HAL_GetTick) for HAL_GetTick
    stm32f4xx_hal_can.o(i.HAL_CAN_Transmit) refers to stm32f4xx_hal.o(i.HAL_GetTick) for HAL_GetTick
    stm32f4xx_hal_can.o(i.HAL_CAN_WakeUp) refers to stm32f4xx_hal.o(i.HAL_GetTick) for HAL_GetTick
    stm32f4xx_hal_gpio.o(i.HAL_GPIO_EXTI_IRQHandler) refers to stm32f4xx_hal_gpio.o(i.HAL_GPIO_EXTI_Callback) for HAL_GPIO_EXTI_Callback
    stm32f4xx_hal_flash.o(i.FLASH_SetErrorCode) refers to stm32f4xx_hal_flash.o(.bss) for .bss
    stm32f4xx_hal_flash.o(i.FLASH_WaitForLastOperation) refers to stm32f4xx_hal.o(i.HAL_GetTick) for HAL_GetTick
    stm32f4xx_hal_flash.o(i.FLASH_WaitForLastOperation) refers to stm32f4xx_hal_flash.o(i.FLASH_SetErrorCode) for FLASH_SetErrorCode
    stm32f4xx_hal_flash.o(i.FLASH_WaitForLastOperation) refers to stm32f4xx_hal_flash.o(.bss) for .bss
    stm32f4xx_hal_flash.o(i.HAL_FLASH_GetError) refers to stm32f4xx_hal_flash.o(.bss) for .bss
    stm32f4xx_hal_flash.o(i.HAL_FLASH_IRQHandler) refers to stm32f4xx_hal_flash.o(i.FLASH_SetErrorCode) for FLASH_SetErrorCode
    stm32f4xx_hal_flash.o(i.HAL_FLASH_IRQHandler) refers to stm32f4xx_hal_flash.o(i.HAL_FLASH_OperationErrorCallback) for HAL_FLASH_OperationErrorCallback
    stm32f4xx_hal_flash.o(i.HAL_FLASH_IRQHandler) refers to stm32f4xx_hal_flash.o(i.HAL_FLASH_EndOfOperationCallback) for HAL_FLASH_EndOfOperationCallback
    stm32f4xx_hal_flash.o(i.HAL_FLASH_IRQHandler) refers to stm32f4xx_hal_flash_ex.o(i.FLASH_Erase_Sector) for FLASH_Erase_Sector
    stm32f4xx_hal_flash.o(i.HAL_FLASH_IRQHandler) refers to stm32f4xx_hal_flash_ex.o(i.FLASH_FlushCaches) for FLASH_FlushCaches
    stm32f4xx_hal_flash.o(i.HAL_FLASH_IRQHandler) refers to stm32f4xx_hal_flash.o(.bss) for .bss
    stm32f4xx_hal_flash.o(i.HAL_FLASH_OB_Launch) refers to stm32f4xx_hal_flash.o(i.FLASH_WaitForLastOperation) for FLASH_WaitForLastOperation
    stm32f4xx_hal_flash.o(i.HAL_FLASH_Program) refers to stm32f4xx_hal_flash.o(i.FLASH_WaitForLastOperation) for FLASH_WaitForLastOperation
    stm32f4xx_hal_flash.o(i.HAL_FLASH_Program) refers to stm32f4xx_hal_flash.o(i.FLASH_Program_DoubleWord) for FLASH_Program_DoubleWord
    stm32f4xx_hal_flash.o(i.HAL_FLASH_Program) refers to stm32f4xx_hal_flash.o(i.FLASH_Program_Byte) for FLASH_Program_Byte
    stm32f4xx_hal_flash.o(i.HAL_FLASH_Program) refers to stm32f4xx_hal_flash.o(i.FLASH_Program_HalfWord) for FLASH_Program_HalfWord
    stm32f4xx_hal_flash.o(i.HAL_FLASH_Program) refers to stm32f4xx_hal_flash.o(i.FLASH_Program_Word) for FLASH_Program_Word
    stm32f4xx_hal_flash.o(i.HAL_FLASH_Program) refers to stm32f4xx_hal_flash.o(.bss) for .bss
    stm32f4xx_hal_flash.o(i.HAL_FLASH_Program_IT) refers to stm32f4xx_hal_flash.o(i.FLASH_Program_DoubleWord) for FLASH_Program_DoubleWord
    stm32f4xx_hal_flash.o(i.HAL_FLASH_Program_IT) refers to stm32f4xx_hal_flash.o(i.FLASH_Program_Byte) for FLASH_Program_Byte
    stm32f4xx_hal_flash.o(i.HAL_FLASH_Program_IT) refers to stm32f4xx_hal_flash.o(i.FLASH_Program_HalfWord) for FLASH_Program_HalfWord
    stm32f4xx_hal_flash.o(i.HAL_FLASH_Program_IT) refers to stm32f4xx_hal_flash.o(i.FLASH_Program_Word) for FLASH_Program_Word
    stm32f4xx_hal_flash.o(i.HAL_FLASH_Program_IT) refers to stm32f4xx_hal_flash.o(.bss) for .bss
    stm32f4xx_hal_flash_ex.o(i.FLASH_OB_DisableWRP) refers to stm32f4xx_hal_flash.o(i.FLASH_WaitForLastOperation) for FLASH_WaitForLastOperation
    stm32f4xx_hal_flash_ex.o(i.FLASH_OB_EnableWRP) refers to stm32f4xx_hal_flash.o(i.FLASH_WaitForLastOperation) for FLASH_WaitForLastOperation
    stm32f4xx_hal_flash_ex.o(i.HAL_FLASHEx_AdvOBProgram) refers to stm32f4xx_hal_flash.o(i.FLASH_WaitForLastOperation) for FLASH_WaitForLastOperation
[...]
    ../Drivers/STM32F4xx_HAL_Driver/Src/stm32f4xx_hal_spi.c 0x00000000   Number         0  stm32f4xx_hal_spi.o ABSOLUTE
    ../Drivers/STM32F4xx_HAL_Driver/Src/stm32f4xx_hal_tim.c 0x00000000   Number         0  stm32f4xx_hal_tim.o ABSOLUTE
    ../Drivers/STM32F4xx_HAL_Driver/Src/stm32f4xx_hal_tim_ex.c 0x00000000   Number         0  stm32f4xx_hal_tim_ex.o ABSOLUTE
    ../Drivers/STM32F4xx_HAL_Driver/Src/stm32f4xx_hal_uart.c 0x00000000   Number         0  stm32f4xx_hal_uart.o ABSOLUTE
    ../Middlewares/Third_Party/FreeRTOS/Source/CMSIS_RTOS/cmsis_os.c 0x00000000   Number         0  cmsis_os.o ABSOLUTE
    ../Middlewares/Third_Party/FreeRTOS/Source/croutine.c 0x00000000   Number         0  croutine.o ABSOLUTE
    ../Middlewares/Third_Party/FreeRTOS/Source/event_groups.c 0x00000000   Number         0  event_groups.o ABSOLUTE
    ../Middlewares/Third_Party/FreeRTOS/Source/list.c 0x00000000   Number         0  list.o ABSOLUTE
    ../Middlewares/Third_Party/FreeRTOS/Source/portable/MemMang/heap_4.c 0x00000000   Number         0  heap_4.o ABSOLUTE
    ../Middlewares/Third_Party/FreeRTOS/Source/portable/RVDS/ARM_CM4F/port.c 0x00000000   Number         0  port.o ABSOLUTE
    ../Middlewares/Third_Party/FreeRTOS/Source/queue.c 0x00000000   Number         0  queue.o ABSOLUTE
    ../Middlewares/Third_Party/FreeRTOS/Source/tasks.c 0x00000000   Number         0  tasks.o ABSOLUTE
    ../Middlewares/Third_Party/FreeRTOS/Source/timers.c 0x00000000   Number         0  timers.o ABSOLUTE
    ../Src/can.c                             0x00000000   Number         0  can.o ABSOLUTE
    ../Src/dma.c                             0x00000000   Number         0  dma.o ABSOLUTE
    ../Src/freertos.c                        0x00000000   Number         0  freertos.o ABSOLUTE
    ../Src/gpio.c                            0x00000000   Number         0  gpio.o ABSOLUTE
    ../Src/main.c                            0x00000000   Number         0  main.o ABSOLUTE
    ../Src/spi.c                             0x00000000   Number         0  spi.o ABSOLUTE
    ../Src/stm32f4xx_hal_msp.c               0x00000000   Number         0  stm32f4xx_hal_msp.o ABSOLUTE
    ../Src/stm32f4xx_hal_timebase_TIM.c      0x00000000   Number         0  stm32f4xx_hal_timebase_tim.o ABSOLUTE
    ../Src/stm32f4xx_it.c                    0x00000000   Number         0  stm32f4xx_it.o ABSOLUTE
    ../Src/tim.c                             0x00000000   Number         0  tim.o ABSOLUTE
    ../Src/usart.c                           0x00000000   Number         0  usart.o ABSOLUTE
    ../clib/microlib/init/entry.s            0x00000000   Number         0  entry5.o ABSOLUTE
    ../clib/microlib/init/entry.s            0x00000000   Number         0  entry2.o ABSOLUTE
    ../clib/microlib/init/entry.s            0x00000000   Number         0  entry8a.o ABSOLUTE
    ../clib/microlib/init/entry.s            0x00000000   Number         0  entry11a.o ABSOLUTE
    ../clib/microlib/init/entry.s            0x00000000   Number         0  entry.o ABSOLUTE
    ../clib/microlib/init/entry.s            0x00000000   Number         0  entry10b.o ABSOLUTE
    ../clib/microlib/init/entry.s            0x00000000   Number         0  entry7b.o ABSOLUTE
    ../clib/microlib/init/entry.s            0x00000000   Number         0  entry10a.o ABSOLUTE
    ../clib/microlib/init/entry.s            0x00000000   Number         0  entry11b.o ABSOLUTE
    ../clib/microlib/init/entry.s            0x00000000   Number         0  entry9a.o ABSOLUTE
    ../clib/microlib/init/entry.s            0x00000000   Number         0  entry7a.o ABSOLUTE
    ../clib/microlib/init/entry.s            0x00000000   Number         0  entry8b.o ABSOLUTE
    ../clib/microlib/init/entry.s            0x00000000   Number         0  entry9b.o ABSOLUTE
    ../clib/microlib/string/memcpy.c         0x00000000   Number         0  memcpyb.o ABSOLUTE
    ../clib/microlib/string/memcpy.c         0x00000000   Number         0  memcpya.o ABSOLUTE
    ../clib/microlib/string/memset.c         0x00000000   Number         0  memseta.o ABSOLUTE
    ..\Drivers\CMSIS\\Device\ST\STM32F4xx\Source\Templates\system_stm32f4xx.c 0x00000000   Number         0  system_stm32f4xx.o ABSOLUTE
    ..\Drivers\STM32F4xx_HAL_Driver\Src\stm32f4xx_hal.c 0x00000000   Number         0  stm32f4xx_hal.o ABSOLUTE
    ..\Drivers\STM32F4xx_HAL_Driver\Src\stm32f4xx_hal_can.c 0x00000000   Number         0  stm32f4xx_hal_can.o ABSOLUTE
    ..\Drivers\STM32F4xx_HAL_Driver\Src\stm32f4xx_hal_cortex.c 0x00000000   Number         0  stm32f4xx_hal_cortex.o ABSOLUTE
    ..\Drivers\STM32F4xx_HAL_Driver\Src\stm32f4xx_hal_dma.c 0x00000000   Number         0  stm32f4xx_hal_dma.o ABSOLUTE
    ..\Drivers\STM32F4xx_HAL_Driver\Src\stm32f4xx_hal_dma_ex.c 0x00000000   Number         0  stm32f4xx_hal_dma_ex.o ABSOLUTE
    ..\Drivers\STM32F4xx_HAL_Driver\Src\stm32f4xx_hal_flash.c 0x00000000   Number         0  stm32f4xx_hal_flash.o ABSOLUTE
    ..\Drivers\STM32F4xx_HAL_Driver\Src\stm32f4xx_hal_flash_ex.c 0x00000000   Number         0  stm32f4xx_hal_flash_ex.o ABSOLUTE
    ..\Drivers\STM32F4xx_HAL_Driver\Src\stm32f4xx_hal_flash_ramfunc.c 0x00000000   Number         0  stm32f4xx_hal_flash_ramfunc.o ABSOLUTE
    ..\Drivers\STM32F4xx_HAL_Driver\Src\stm32f4xx_hal_gpio.c 0x00000000   Number         0  stm32f4xx_hal_gpio.o ABSOLUTE
    ..\Drivers\STM32F4xx_HAL_Driver\Src\stm32f4xx_hal_pwr.c 0x00000000   Number         0  stm32f4xx_hal_pwr.o ABSOLUTE
    ..\Drivers\STM32F4xx_HAL_Driver\Src\stm32f4xx_hal_pwr_ex.c 0x00000000   Number         0  stm32f4xx_hal_pwr_ex.o ABSOLUTE
    ..\Drivers\STM32F4xx_HAL_Driver\Src\stm32f4xx_hal_rcc.c 0x00000000   Number         0  stm32f4xx_hal_rcc.o ABSOLUTE
    ..\Drivers\STM32F4xx_HAL_Driver\Src\stm32f4xx_hal_rcc_ex.c 0x00000000   Number         0  stm32f4xx_hal_rcc_ex.o ABSOLUTE
    ..\Drivers\STM32F4xx_HAL_Driver\Src\stm32f4xx_hal_spi.c 0x00000000   Number         0  stm32f4xx_hal_spi.o ABSOLUTE
    ..\Drivers\STM32F4xx_HAL_Driver\Src\stm32f4xx_hal_tim.c 0x00000000   Number         0  stm32f4xx_hal_tim.o ABSOLUTE
    ..\Drivers\STM32F4xx_HAL_Driver\Src\stm32f4xx_hal_tim_ex.c 0x00000000   Number         0  stm32f4xx_hal_tim_ex.o ABSOLUTE
    ..\Drivers\STM32F4xx_HAL_Driver\Src\stm32f4xx_hal_uart.c 0x00000000   Number         0  stm32f4xx_hal_uart.o ABSOLUTE
    ..\Middlewares\Third_Party\FreeRTOS\Source\CMSIS_RTOS\cmsis_os.c 0x00000000   Number         0  cmsis_os.o ABSOLUTE
    ..\Middlewares\Third_Party\FreeRTOS\Source\portable\RVDS\ARM_CM4F\port.c 0x00000000   Number         0  port.o ABSOLUTE
    ..\Src\can.c                             0x00000000   Number         0  can.o ABSOLUTE
    ..\Src\dma.c                             0x00000000   Number         0  dma.o ABSOLUTE
    ..\Src\freertos.c                        0x00000000   Number         0  freertos.o ABSOLUTE
    ..\Src\gpio.c                            0x00000000   Number         0  gpio.o ABSOLUTE
    ..\Src\main.c                            0x00000000   Number         0  main.o ABSOLUTE
    ..\Src\spi.c                             0x00000000   Number         0  spi.o ABSOLUTE
    ..\Src\stm32f4xx_hal_msp.c               0x00000000   Number         0  stm32f4xx_hal_msp.o ABSOLUTE
    ..\Src\stm32f4xx_hal_timebase_TIM.c      0x00000000   Number         0  stm32f4xx_hal_timebase_tim.o ABSOLUTE
    ..\Src\stm32f4xx_it.c                    0x00000000   Number         0  stm32f4xx_it.o ABSOLUTE
    ..\Src\tim.c                             0x00000000   Number         0  tim.o ABSOLUTE
    ..\Src\usart.c                           0x00000000   Number         0  usart.o ABSOLUTE
    bsp\\bsp_can.c                           0x00000000   Number         0  bsp_can.o ABSOLUTE
    bsp\\pid.c                               0x00000000   Number         0  pid.o ABSOLUTE
    bsp\bsp_can.c                            0x00000000   Number         0  bsp_can.o ABSOLUTE
    bsp\pid.c                                0x00000000   Number         0  pid.o ABSOLUTE
    dc.s                                     0x00000000   Number         0  dc.o ABSOLUTE
    handlers.s                               0x00000000   Number         0  handlers.o ABSOLUTE
    init.s                                   0x00000000   Number         0  init.o ABSOLUTE
    startup_stm32f427xx.s                    0x00000000   Number         0  startup_stm32f427xx.o ABSOLUTE
    RESET                                    0x08000000   Section      428  startup_stm32f427xx.o(RESET)
    .ARM.Collect$$$$00000000                 0x080001ac   Section        0  entry.o(.ARM.Collect$$$$00000000)
    .ARM.Collect$$$$00000001                 0x080001ac   Section        4  entry2.o(.ARM.Collect$$$$00000001)
    .ARM.Collect$$$$00000004                 0x080001b0   Section        4  entry5.o(.ARM.Collect$$$$00000004)
    .ARM.Collect$$$$00000008                 0x080001b4   Section        0  entry7b.o(.ARM.Collect$$$$00000008)
    .ARM.Collect$$$$0000000A                 0x080001b4   Section        0  entry8b.o(.ARM.Collect$$$$0000000A)
    .ARM.Collect$$$$0000000B                 0x080001b4   Section        8  entry9a.o(.ARM.Collect$$$$0000000B)
    .ARM.Collect$$$$0000000D                 0x080001bc   Section        0  entry10a.o(.ARM.Collect$$$$0000000D)
    .ARM.Collect$$$$0000000F                 0x080001bc   Section        0  entry11a.o(.ARM.Collect$$$$0000000F)
    .ARM.Collect$$$$00002712                 0x080001bc   Section        4  entry2.o(.ARM.Collect$$$$00002712)
    __lit__00000000                          0x080001bc   Data           4  entry2.o(.ARM.Collect$$$$00002712)
    .emb_text                                0x080001c0   Section      186  port.o(.emb_text)
    $v0                                      0x080001c0   Number         0  port.o(.emb_text)
    .text                                    0x0800027c   Section       36  startup_stm32f427xx.o(.text)
    $v0                                      0x0800027c   Number         0  startup_stm32f427xx.o(.text)
    .text                                    0x080002a0   Section        0  memcpya.o(.text)
    .text                                    0x080002c4   Section        0  memseta.o(.text)
    .text                                    0x080002e8   Section       36  init.o(.text)
    i.BusFault_Handler                       0x0800030c   Section        0  stm32f4xx_it.o(i.BusFault_Handler)
    i.CAN1_RX0_IRQHandler                    0x08000310   Section        0  stm32f4xx_it.o(i.CAN1_RX0_IRQHandler)
    i.CAN1_TX_IRQHandler                     0x0800031c   Section        0  stm32f4xx_it.o(i.CAN1_TX_IRQHandler)
    i.CAN2_RX0_IRQHandler                    0x08000328   Section        0  stm32f4xx_it.o(i.CAN2_RX0_IRQHandler)
    i.CAN2_TX_IRQHandler                     0x08000334   Section        0  stm32f4xx_it.o(i.CAN2_TX_IRQHandler)
    i.CAN_Receive_IT                         0x08000340   Section        0  stm32f4xx_hal_can.o(i.CAN_Receive_IT)
    CAN_Receive_IT                           0x08000341   Thumb Code   296  stm32f4xx_hal_can.o(i.CAN_Receive_IT)
    i.CAN_Transmit_IT                        0x08000468   Section        0  stm32f4xx_hal_can.o(i.CAN_Transmit_IT)
    CAN_Transmit_IT                          0x08000469   Thumb Code    96  stm32f4xx_hal_can.o(i.CAN_Transmit_IT)
    i.DMA1_Stream1_IRQHandler                0x080004c8   Section        0  stm32f4xx_it.o(i.DMA1_Stream1_IRQHandler)
    i.DMA1_Stream5_IRQHandler                0x080004d4   Section        0  stm32f4xx_it.o(i.DMA1_Stream5_IRQHandler)
    i.DMA2_Stream1_IRQHandler                0x080004e0   Section        0  stm32f4xx_it.o(i.DMA2_Stream1_IRQHandler)
    i.DMA2_Stream2_IRQHandler                0x080004ec   Section        0  stm32f4xx_it.o(i.DMA2_Stream2_IRQHandler)
    i.DMA_CalcBaseAndBitshift                0x080004f8   Section        0  stm32f4xx_hal_dma.o(i.DMA_CalcBaseAndBitshift)
    DMA_CalcBaseAndBitshift                  0x080004f9   Thumb Code    34  stm32f4xx_hal_dma.o(i.DMA_CalcBaseAndBitshift)
    i.DMA_CheckFifoParam                     0x08000520   Section        0  stm32f4xx_hal_dma.o(i.DMA_CheckFifoParam)
    DMA_CheckFifoParam                       0x08000521   Thumb Code    84  stm32f4xx_hal_dma.o(i.DMA_CheckFifoParam)
    i.DebugMon_Handler                       0x08000574   Section        0  stm32f4xx_it.o(i.DebugMon_Handler)
    i.Error_Handler                          0x08000576   Section        0  main.o(i.Error_Handler)
    i.HAL_CAN_ConfigFilter                   0x08000578   Section        0  stm32f4xx_hal_can.o(i.HAL_CAN_ConfigFilter)
    i.HAL_CAN_ErrorCallback                  0x0800065c   Section        0  stm32f4xx_hal_can.o(i.HAL_CAN_ErrorCallback)
    i.HAL_CAN_IRQHandler                     0x08000660   Section        0  stm32f4xx_hal_can.o(i.HAL_CAN_IRQHandler)
    i.HAL_CAN_Init                           0x080007e0   Section        0  stm32f4xx_hal_can.o(i.HAL_CAN_Init)
    i.HAL_CAN_MspInit                        0x08000928   Section        0  can.o(i.HAL_CAN_MspInit)
    i.HAL_CAN_Receive_IT                     0x08000a08   Section        0  stm32f4xx_hal_can.o(i.HAL_CAN_Receive_IT)
    i.HAL_CAN_RxCpltCallback                 0x08000a90   Section        0  bsp_can.o(i.HAL_CAN_RxCpltCallback)
    i.HAL_CAN_Transmit                       0x08000b10   Section        0  stm32f4xx_hal_can.o(i.HAL_CAN_Transmit)
    i.HAL_CAN_TxCpltCallback                 0x08000ca4   Section        0  stm32f4xx_hal_can.o(i.HAL_CAN_TxCpltCallback)
    i.HAL_DMA_Abort_IT                       0x08000ca6   Section        0  stm32f4xx_hal_dma.o(i.HAL_DMA_Abort_IT)
    i.HAL_DMA_IRQHandler                     0x08000ccc   Section        0  stm32f4xx_hal_dma.o(i.HAL_DMA_IRQHandler)
    i.HAL_DMA_Init                           0x08000e74   Section        0  stm32f4xx_hal_dma.o(i.HAL_DMA_Init)
    i.HAL_Delay                              0x08000f44   Section        0  stm32f4xx_hal.o(i.HAL_Delay)
    i.HAL_GPIO_Init                          0x08000f5c   Section        0  stm32f4xx_hal_gpio.o(i.HAL_GPIO_Init)
    i.HAL_GPIO_ReadPin                       0x08001128   Section        0  stm32f4xx_hal_gpio.o(i.HAL_GPIO_ReadPin)
    i.HAL_GPIO_WritePin                      0x08001132   Section        0  stm32f4xx_hal_gpio.o(i.HAL_GPIO_WritePin)
    i.HAL_GetTick                            0x0800113c   Section        0  stm32f4xx_hal.o(i.HAL_GetTick)
    i.HAL_IncTick                            0x08001148   Section        0  stm32f4xx_hal.o(i.HAL_IncTick)
    i.HAL_Init                               0x08001158   Section        0  stm32f4xx_hal.o(i.HAL_Init)
    i.HAL_InitTick                           0x0800118c   Section        0  stm32f4xx_hal_timebase_tim.o(i.HAL_InitTick)
    i.HAL_MspInit                            0x08001200   Section        0  stm32f4xx_hal_msp.o(i.HAL_MspInit)
    i.HAL_NVIC_EnableIRQ                     0x08001258   Section        0  stm32f4xx_hal_cortex.o(i.HAL_NVIC_EnableIRQ)
    i.HAL_NVIC_SetPriority                   0x08001270   Section        0  stm32f4xx_hal_cortex.o(i.HAL_NVIC_SetPriority)
    i.HAL_NVIC_SetPriorityGrouping           0x080012b0   Section        0  stm32f4xx_hal_cortex.o(i.HAL_NVIC_SetPriorityGrouping)
    i.HAL_PWREx_EnableOverDrive              0x080012d4   Section        0  stm32f4xx_hal_pwr_ex.o(i.HAL_PWREx_EnableOverDrive)
    i.HAL_RCC_ClockConfig                    0x08001360   Section        0  stm32f4xx_hal_rcc.o(i.HAL_RCC_ClockConfig)
    i.HAL_RCC_GetClockConfig                 0x080014dc   Section        0  stm32f4xx_hal_rcc.o(i.HAL_RCC_GetClockConfig)
    i.HAL_RCC_GetHCLKFreq                    0x0800151c   Section        0  stm32f4xx_hal_rcc.o(i.HAL_RCC_GetHCLKFreq)
    i.HAL_RCC_GetPCLK1Freq                   0x08001528   Section        0  stm32f4xx_hal_rcc.o(i.HAL_RCC_GetPCLK1Freq)
    i.HAL_RCC_GetPCLK2Freq                   0x08001558   Section        0  stm32f4xx_hal_rcc.o(i.HAL_RCC_GetPCLK2Freq)
    i.HAL_RCC_GetSysClockFreq                0x08001588   Section        0  stm32f4xx_hal_rcc.o(i.HAL_RCC_GetSysClockFreq)
    i.HAL_RCC_OscConfig                      0x080015fc   Section        0  stm32f4xx_hal_rcc.o(i.HAL_RCC_OscConfig)
    i.HAL_SPI_Init                           0x080018e0   Section        0  stm32f4xx_hal_spi.o(i.HAL_SPI_Init)
    i.HAL_SPI_MspInit                        0x08001960   Section        0  spi.o(i.HAL_SPI_MspInit)
    i.HAL_SYSTICK_CLKSourceConfig            0x080019ac   Section        0  stm32f4xx_hal_cortex.o(i.HAL_SYSTICK_CLKSourceConfig)
    i.HAL_SYSTICK_Config                     0x080019c4   Section        0  stm32f4xx_hal_cortex.o(i.HAL_SYSTICK_Config)
    i.HAL_TIMEx_BreakCallback                0x080019ec   Section        0  stm32f4xx_hal_tim_ex.o(i.HAL_TIMEx_BreakCallback)
    i.HAL_TIMEx_CommutationCallback          0x080019ee   Section        0  stm32f4xx_hal_tim_ex.o(i.HAL_TIMEx_CommutationCallback)
    i.HAL_TIMEx_ConfigBreakDeadTime          0x080019f0   Section        0  stm32f4xx_hal_tim_ex.o(i.HAL_TIMEx_ConfigBreakDeadTime)
    i.HAL_TIMEx_MasterConfigSynchronization  0x08001a32   Section        0  stm32f4xx_hal_tim_ex.o(i.HAL_TIMEx_MasterConfigSynchronization)
    i.HAL_TIM_Base_Init                      0x08001a82   Section        0  stm32f4xx_hal_tim.o(i.HAL_TIM_Base_Init)
    i.HAL_TIM_Base_MspInit                   0x08001ab8   Section        0  stm32f4xx_hal_tim.o(i.HAL_TIM_Base_MspInit)
    i.HAL_TIM_Base_Start_IT                  0x08001aba   Section        0  stm32f4xx_hal_tim.o(i.HAL_TIM_Base_Start_IT)
    i.HAL_TIM_IC_CaptureCallback             0x08001ad2   Section        0  stm32f4xx_hal_tim.o(i.HAL_TIM_IC_CaptureCallback)
    i.HAL_TIM_IRQHandler                     0x08001ad4   Section        0  stm32f4xx_hal_tim.o(i.HAL_TIM_IRQHandler)
    i.HAL_TIM_MspPostInit                    0x08001c3c   Section        0  tim.o(i.HAL_TIM_MspPostInit)
    i.HAL_TIM_OC_DelayElapsedCallback        0x08001d44   Section        0  stm32f4xx_hal_tim.o(i.HAL_TIM_OC_DelayElapsedCallback)
    i.HAL_TIM_PWM_ConfigChannel              0x08001d46   Section        0  stm32f4xx_hal_tim.o(i.HAL_TIM_PWM_ConfigChannel)
    i.HAL_TIM_PWM_Init                       0x08001e16   Section        0  stm32f4xx_hal_tim.o(i.HAL_TIM_PWM_Init)
    i.HAL_TIM_PWM_MspInit                    0x08001e4c   Section        0  tim.o(i.HAL_TIM_PWM_MspInit)
    i.HAL_TIM_PWM_PulseFinishedCallback      0x08001ee8   Section        0  stm32f4xx_hal_tim.o(i.HAL_TIM_PWM_PulseFinishedCallback)
    i.HAL_TIM_PWM_Start                      0x08001eec   Section        0  stm32f4xx_hal_tim.o(i.HAL_TIM_PWM_Start)
    i.HAL_TIM_PeriodElapsedCallback          0x08001f24   Section        0  main.o(i.HAL_TIM_PeriodElapsedCallback)
    i.HAL_TIM_TriggerCallback                0x08001f38   Section        0  stm32f4xx_hal_tim.o(i.HAL_TIM_TriggerCallback)
    i.HAL_UART_ErrorCallback                 0x08001f3a   Section        0  stm32f4xx_hal_uart.o(i.HAL_UART_ErrorCallback)
    i.HAL_UART_IRQHandler                    0x08001f3c   Section        0  stm32f4xx_hal_uart.o(i.HAL_UART_IRQHandler)
    i.HAL_UART_Init                          0x0800204c   Section        0  stm32f4xx_hal_uart.o(i.HAL_UART_Init)
    i.HAL_UART_MspInit                       0x080020b0   Section        0  usart.o(i.HAL_UART_MspInit)
    i.HAL_UART_RxCpltCallback                0x0800230c   Section        0  stm32f4xx_hal_uart.o(i.HAL_UART_RxCpltCallback)
    i.HAL_UART_TxCpltCallback                0x0800230e   Section        0  stm32f4xx_hal_uart.o(i.HAL_UART_TxCpltCallback)
    i.HardFault_Handler                      0x08002310   Section        0  stm32f4xx_it.o(i.HardFault_Handler)
    i.MX_CAN1_Init                           0x08002314   Section        0  can.o(i.MX_CAN1_Init)
    i.MX_CAN2_Init                           0x08002358   Section        0  can.o(i.MX_CAN2_Init)
    i.MX_DMA_Init                            0x080023a0   Section        0  dma.o(i.MX_DMA_Init)
    i.MX_FREERTOS_Init                       0x0800240c   Section        0  freertos.o(i.MX_FREERTOS_Init)
    i.MX_GPIO_Init                           0x08002434   Section        0  gpio.o(i.MX_GPIO_Init)
    i.MX_SPI5_Init                           0x08002588   Section        0  spi.o(i.MX_SPI5_Init)
    i.MX_TIM12_Init                          0x080025d0   Section        0  tim.o(i.MX_TIM12_Init)
    i.MX_TIM2_Init                           0x08002634   Section        0  tim.o(i.MX_TIM2_Init)
    i.MX_TIM3_Init                           0x080026c0   Section        0  tim.o(i.MX_TIM3_Init)
    i.MX_TIM4_Init                           0x08002730   Section        0  tim.o(i.MX_TIM4_Init)
    i.MX_TIM5_Init                           0x080027bc   Section        0  tim.o(i.MX_TIM5_Init)
    i.MX_TIM8_Init                           0x08002854   Section        0  tim.o(i.MX_TIM8_Init)
    i.MX_USART1_UART_Init                    0x08002908   Section        0  usart.o(i.MX_USART1_UART_Init)
    i.MX_USART2_UART_Init                    0x08002948   Section        0  usart.o(i.MX_USART2_UART_Init)
    i.MX_USART3_UART_Init                    0x08002980   Section        0  usart.o(i.MX_USART3_UART_Init)
    i.MX_USART6_UART_Init                    0x080029b8   Section        0  usart.o(i.MX_USART6_UART_Init)
    i.MemManage_Handler                      0x080029f0   Section        0  stm32f4xx_it.o(i.MemManage_Handler)
    i.NMI_Handler                            0x080029f2   Section        0  stm32f4xx_it.o(i.NMI_Handler)
    i.NVIC_SetPriority                       0x080029f4   Section        0  stm32f4xx_hal_cortex.o(i.NVIC_SetPriority)
    NVIC_SetPriority                         0x080029f5   Thumb Code    32  stm32f4xx_hal_cortex.o(i.NVIC_SetPriority)
    i.PID_struct_init                        0x08002a14   Section        0  pid.o(i.PID_struct_init)
    i.StartDefaultTask                       0x08002a2c   Section        0  freertos.o(i.StartDefaultTask)
    i.SysTick_Handler                        0x08002bd4   Section        0  stm32f4xx_it.o(i.SysTick_Handler)
    i.SystemClock_Config                     0x08002bd8   Section        0  main.o(i.SystemClock_Config)
    i.SystemInit                             0x08002c7c   Section        0  system_stm32f4xx.o(i.SystemInit)
    i.TIM6_DAC_IRQHandler                    0x08002cd0   Section        0  stm32f4xx_it.o(i.TIM6_DAC_IRQHandler)
    i.TIM_Base_SetConfig                     0x08002cdc   Section        0  stm32f4xx_hal_tim.o(i.TIM_Base_SetConfig)
    i.TIM_CCxChannelCmd                      0x08002d9c   Section        0  stm32f4xx_hal_tim.o(i.TIM_CCxChannelCmd)
    i.TIM_OC1_SetConfig                      0x08002db4   Section        0  stm32f4xx_hal_tim.o(i.TIM_OC1_SetConfig)
    TIM_OC1_SetConfig                        0x08002db5   Thumb Code    80  stm32f4xx_hal_tim.o(i.TIM_OC1_SetConfig)
    i.TIM_OC2_SetConfig                      0x08002e0c   Section        0  stm32f4xx_hal_tim.o(i.TIM_OC2_SetConfig)
    i.TIM_OC3_SetConfig                      0x08002e70   Section        0  stm32f4xx_hal_tim.o(i.TIM_OC3_SetConfig)
    TIM_OC3_SetConfig                        0x08002e71   Thumb Code    88  stm32f4xx_hal_tim.o(i.TIM_OC3_SetConfig)
    i.TIM_OC4_SetConfig                      0x08002ed0   Section        0  stm32f4xx_hal_tim.o(i.TIM_OC4_SetConfig)
    TIM_OC4_SetConfig                        0x08002ed1   Thumb Code    70  stm32f4xx_hal_tim.o(i.TIM_OC4_SetConfig)
    i.UART_DMAAbortOnError                   0x08002f20   Section        0  stm32f4xx_hal_uart.o(i.UART_DMAAbortOnError)
    UART_DMAAbortOnError                     0x08002f21   Thumb Code    16  stm32f4xx_hal_uart.o(i.UART_DMAAbortOnError)
    i.UART_EndRxTransfer                     0x08002f30   Section        0  stm32f4xx_hal_uart.o(i.UART_EndRxTransfer)
    UART_EndRxTransfer                       0x08002f31   Thumb Code    28  stm32f4xx_hal_uart.o(i.UART_EndRxTransfer)
    i.UART_Receive_IT                        0x08002f4c   Section        0  stm32f4xx_hal_uart.o(i.UART_Receive_IT)
    UART_Receive_IT                          0x08002f4d   Thumb Code   140  stm32f4xx_hal_uart.o(i.UART_Receive_IT)
    i.UART_SetConfig                         0x08002fd8   Section        0  stm32f4xx_hal_uart.o(i.UART_SetConfig)
    UART_SetConfig                           0x08002fd9   Thumb Code   676  stm32f4xx_hal_uart.o(i.UART_SetConfig)
    i.UART_Transmit_IT                       0x08003284   Section        0  stm32f4xx_hal_uart.o(i.UART_Transmit_IT)
    UART_Transmit_IT                         0x08003285   Thumb Code    98  stm32f4xx_hal_uart.o(i.UART_Transmit_IT)
    i.USART1_IRQHandler                      0x080032e8   Section        0  stm32f4xx_it.o(i.USART1_IRQHandler)
    i.USART2_IRQHandler                      0x080032f4   Section        0  stm32f4xx_it.o(i.USART2_IRQHandler)
    i.USART3_IRQHandler                      0x08003300   Section        0  stm32f4xx_it.o(i.USART3_IRQHandler)
    i.USART6_IRQHandler                      0x0800330c   Section        0  stm32f4xx_it.o(i.USART6_IRQHandler)
    i.UsageFault_Handler                     0x08003318   Section        0  stm32f4xx_it.o(i.UsageFault_Handler)
    i.__scatterload_copy                     0x0800331a   Section       14  handlers.o(i.__scatterload_copy)
    i.__scatterload_null                     0x08003328   Section        2  handlers.o(i.__scatterload_null)
    i.__scatterload_zeroinit                 0x0800332a   Section       14  handlers.o(i.__scatterload_zeroinit)
    i.abs_limit                              0x08003338   Section        0  pid.o(i.abs_limit)
    i.get_moto_measure                       0x08003362   Section        0  bsp_can.o(i.get_moto_measure)
    i.get_moto_offset                        0x080033b6   Section        0  bsp_can.o(i.get_moto_offset)
    i.main                                   0x080033c2   Section        0  main.o(i.main)
    i.makeFreeRtosPriority                   0x08003410   Section        0  cmsis_os.o(i.makeFreeRtosPriority)
    makeFreeRtosPriority                     0x08003411   Thumb Code    12  cmsis_os.o(i.makeFreeRtosPriority)
    i.my_can_filter_init_recv_all            0x0800341c   Section        0  bsp_can.o(i.my_can_filter_init_recv_all)
    i.osDelay                                0x0800347c   Section        0  cmsis_os.o(i.osDelay)
    i.osKernelStart                          0x0800348a   Section        0  cmsis_os.o(i.osKernelStart)
    i.osSystickHandler                       0x08003494   Section        0  cmsis_os.o(i.osSystickHandler)
    i.osThreadCreate                         0x080034a8   Section        0  cmsis_os.o(i.osThreadCreate)
    i.pid_calc                               0x080034e0   Section        0  pid.o(i.pid_calc)
    i.pid_param_init                         0x080036a4   Section        0  pid.o(i.pid_param_init)
    pid_param_init                           0x080036a5   Thumb Code    14  pid.o(i.pid_param_init)
    i.pid_reset                              0x080036b2   Section        0  pid.o(i.pid_reset)
    pid_reset                                0x080036b3   Thumb Code     6  pid.o(i.pid_reset)
    i.prvAddCurrentTaskToDelayedList         0x080036b8   Section        0  tasks.o(i.prvAddCurrentTaskToDelayedList)
    prvAddCurrentTaskToDelayedList           0x080036b9   Thumb Code    48  tasks.o(i.prvAddCurrentTaskToDelayedList)
    i.prvCheckTasksWaitingTermination        0x080036ec   Section        0  tasks.o(i.prvCheckTasksWaitingTermination)
    prvCheckTasksWaitingTermination          0x080036ed   Thumb Code    76  tasks.o(i.prvCheckTasksWaitingTermination)
    i.prvHeapInit                            0x08003740   Section        0  heap_4.o(i.prvHeapInit)
    prvHeapInit                              0x08003741   Thumb Code    66  heap_4.o(i.prvHeapInit)
    i.prvIdleTask                            0x0800378c   Section        0  tasks.o(i.prvIdleTask)
    prvIdleTask                              0x0800378d   Thumb Code    30  tasks.o(i.prvIdleTask)
    i.prvInsertBlockIntoFreeList             0x080037b4   Section        0  heap_4.o(i.prvInsertBlockIntoFreeList)
    prvInsertBlockIntoFreeList               0x080037b5   Thumb Code    72  heap_4.o(i.prvInsertBlockIntoFreeList)
    i.prvResetNextTaskUnblockTime            0x08003800   Section        0  tasks.o(i.prvResetNextTaskUnblockTime)
    prvResetNextTaskUnblockTime              0x08003801   Thumb Code    26  tasks.o(i.prvResetNextTaskUnblockTime)
    i.prvTaskExitError                       0x08003820   Section        0  port.o(i.prvTaskExitError)
    prvTaskExitError                         0x08003821   Thumb Code    36  port.o(i.prvTaskExitError)
    i.pvPortMalloc                           0x08003848   Section        0  heap_4.o(i.pvPortMalloc)
    i.pxPortInitialiseStack                  0x08003920   Section        0  port.o(i.pxPortInitialiseStack)
    i.set_moto_current                       0x08003948   Section        0  bsp_can.o(i.set_moto_current)
    i.uxListRemove                           0x08003996   Section        0  list.o(i.uxListRemove)
    i.vListInitialise                        0x080039ba   Section        0  list.o(i.vListInitialise)
    i.vListInitialiseItem                    0x080039d0   Section        0  list.o(i.vListInitialiseItem)
    i.vListInsert                            0x080039d6   Section        0  list.o(i.vListInsert)
    i.vListInsertEnd                         0x08003a06   Section        0  list.o(i.vListInsertEnd)
    i.vPortEnterCritical                     0x08003a20   Section        0  port.o(i.vPortEnterCritical)
    i.vPortExitCritical                      0x08003a60   Section        0  port.o(i.vPortExitCritical)
    i.vPortFree                              0x08003a88   Section        0  heap_4.o(i.vPortFree)
    i.vPortSetupTimerInterrupt               0x08003ae4   Section        0  port.o(i.vPortSetupTimerInterrupt)
    i.vTaskDelay                             0x08003b04   Section        0  tasks.o(i.vTaskDelay)
    i.vTaskStartScheduler                    0x08003b6c   Section        0  tasks.o(i.vTaskStartScheduler)
    i.vTaskSuspendAll                        0x08003bd4   Section        0  tasks.o(i.vTaskSuspendAll)
    i.vTaskSwitchContext                     0x08003be4   Section        0  tasks.o(i.vTaskSwitchContext)
    i.xPortStartScheduler                    0x08003c40   Section        0  port.o(i.xPortStartScheduler)
    i.xPortSysTickHandler                    0x08003d20   Section        0  port.o(i.xPortSysTickHandler)
    i.xTaskGenericCreate                     0x08003d4c   Section        0  tasks.o(i.xTaskGenericCreate)
    i.xTaskGetSchedulerState                 0x08003f08   Section        0  tasks.o(i.xTaskGetSchedulerState)
    i.xTaskIncrementTick                     0x08003f24   Section        0  tasks.o(i.xTaskIncrementTick)
    i.xTaskResumeAll                         0x08003ff0   Section        0  tasks.o(i.xTaskResumeAll)
    .constdata                               0x080040b4   Section        8  stm32f4xx_hal_dma.o(.constdata)
    flagBitshiftOffset                       0x080040b4   Data           8  stm32f4xx_hal_dma.o(.constdata)
    .constdata                               0x080040bc   Section       16  stm32f4xx_hal_rcc.o(.constdata)
    .constdata                               0x080040cc   Section       20  freertos.o(.constdata)
    .conststring                             0x080040e0   Section       12  freertos.o(.conststring)
    .data                                    0x20000000   Section        4  stm32f4xx_hal.o(.data)
    .data                                    0x20000004   Section        4  system_stm32f4xx.o(.data)
    .data                                    0x20000008   Section       56  tasks.o(.data)
    uxTasksDeleted                           0x2000000c   Data           4  tasks.o(.data)
    uxCurrentNumberOfTasks                   0x20000010   Data           4  tasks.o(.data)
    xTickCount                               0x20000014   Data           4  tasks.o(.data)
    uxTopReadyPriority                       0x20000018   Data           4  tasks.o(.data)
    xSchedulerRunning                        0x2000001c   Data           4  tasks.o(.data)
    uxPendedTicks                            0x20000020   Data           4  tasks.o(.data)
    xYieldPending                            0x20000024   Data           4  tasks.o(.data)
    xNumOfOverflows                          0x20000028   Data           4  tasks.o(.data)
    uxTaskNumber                             0x2000002c   Data           4  tasks.o(.data)
    xNextTaskUnblockTime                     0x20000030   Data           4  tasks.o(.data)
    uxSchedulerSuspended                     0x20000034   Data           4  tasks.o(.data)
    pxDelayedTaskList                        0x20000038   Data           4  tasks.o(.data)
    pxOverflowDelayedTaskList                0x2000003c   Data           4  tasks.o(.data)
    .data                                    0x20000040   Section       12  port.o(.data)
    ucMaxSysCallPriority                     0x20000040   Data           1  port.o(.data)
    uxCriticalNesting                        0x20000044   Data           4  port.o(.data)
    ulMaxPRIGROUPValue                       0x20000048   Data           4  port.o(.data)
    .data                                    0x2000004c   Section       24  heap_4.o(.data)
    pxEnd                                    0x2000004c   Data           4  heap_4.o(.data)
    xFreeBytesRemaining                      0x20000050   Data           4  heap_4.o(.data)
    xMinimumEverFreeBytesRemaining           0x20000054   Data           4  heap_4.o(.data)
    xBlockAllocatedBit                       0x20000058   Data           4  heap_4.o(.data)
    xStart                                   0x2000005c   Data           8  heap_4.o(.data)
    .data                                    0x20000064   Section       12  freertos.o(.data)
    key_sta                                  0x20000064   Data           4  freertos.o(.data)
    key_cnt                                  0x20000068   Data           4  freertos.o(.data)
    .data                                    0x20000070   Section        4  can.o(.data)
    HAL_RCC_CAN1_CLK_ENABLED                 0x20000070   Data           4  can.o(.data)
    .data                                    0x20000074   Section        1  bsp_can.o(.data)
    i                                        0x20000074   Data           1  bsp_can.o(.data)
    .bss                                     0x20000078   Section      240  tasks.o(.bss)
    pxReadyTasksLists                        0x20000078   Data         140  tasks.o(.bss)
    xDelayedTaskList1                        0x20000104   Data          20  tasks.o(.bss)
    xDelayedTaskList2                        0x20000118   Data          20  tasks.o(.bss)
    xPendingReadyList                        0x2000012c   Data          20  tasks.o(.bss)
    xTasksWaitingTermination                 0x20000140   Data          20  tasks.o(.bss)
    xSuspendedTaskList                       0x20000154   Data          20  tasks.o(.bss)
    .bss                                     0x20000168   Section    15360  heap_4.o(.bss)
    ucHeap                                   0x20000168   Data       15360  heap_4.o(.bss)
    .bss                                     0x20003d68   Section      360  tim.o(.bss)
    .bss                                     0x20003ed0   Section      640  usart.o(.bss)
    .bss                                     0x20004150   Section       16  freertos.o(.bss)
    .bss                                     0x20004160   Section       60  stm32f4xx_hal_timebase_tim.o(.bss)
    .bss                                     0x2000419c   Section       88  spi.o(.bss)
    .bss                                     0x200041f4   Section      128  can.o(.bss)
    .bss                                     0x20004274   Section      348  bsp_can.o(.bss)
    Tx1Message                               0x20004324   Data          28  bsp_can.o(.bss)
    Rx1Message                               0x20004340   Data          36  bsp_can.o(.bss)
    Tx2Message                               0x20004364   Data          28  bsp_can.o(.bss)
    Rx2Message                               0x20004380   Data          36  bsp_can.o(.bss)
    .bss                                     0x200043d0   Section      432  pid.o(.bss)
    STACK                                    0x20004580   Section     1024  startup_stm32f427xx.o(STACK)

    Global Symbols

    Symbol Name                              Value     Ov Type        Size  Object(Section)

    BuildAttributes$$THM_ISAv4$E$P$D$K$B$S$7EM$VFPi3$EXTD16$VFPS$VFMA$PE$A:L22UL41UL21$X:L11$S22US41US21$IEEE1$IW$USESV6$~STKCKD$USESV7$~SHL$OSPACE$EBA8$MICROLIB$REQ8$PRES8$EABIv2 0x00000000   Number         0  anon$$obj.o ABSOLUTE
    __ARM_use_no_argv                        0x00000000   Number         0  main.o ABSOLUTE
    __cpp_initialize__aeabi_                  - Undefined Weak Reference
    __cxa_finalize                            - Undefined Weak Reference
    __decompress                              - Undefined Weak Reference
    _clock_init                               - Undefined Weak Reference
    _microlib_exit                            - Undefined Weak Reference
    __Vectors_Size                           0x000001ac   Number         0  startup_stm32f427xx.o ABSOLUTE
    __Vectors                                0x08000000   Data           4  startup_stm32f427xx.o(RESET)
    __Vectors_End                            0x080001ac   Data           0  startup_stm32f427xx.o(RESET)
    __main                                   0x080001ad   Thumb Code     0  entry.o(.ARM.Collect$$$$00000000)
    _main_stk                                0x080001ad   Thumb Code     0  entry2.o(.ARM.Collect$$$$00000001)
    _main_scatterload                        0x080001b1   Thumb Code     0  entry5.o(.ARM.Collect$$$$00000004)
    __main_after_scatterload                 0x080001b5   Thumb Code     0  entry5.o(.ARM.Collect$$$$00000004)
    _main_clock                              0x080001b5   Thumb Code     0  entry7b.o(.ARM.Collect$$$$00000008)
    _main_cpp_init                           0x080001b5   Thumb Code     0  entry8b.o(.ARM.Collect$$$$0000000A)
    _main_init                               0x080001b5   Thumb Code     0  entry9a.o(.ARM.Collect$$$$0000000B)
    __rt_final_cpp                           0x080001bd   Thumb Code     0  entry10a.o(.ARM.Collect$$$$0000000D)
    __rt_final_exit                          0x080001bd   Thumb Code     0  entry11a.o(.ARM.Collect$$$$0000000F)
    SVC_Handler                              0x080001c1   Thumb Code    28  port.o(.emb_text)
    __asm___6_port_c_39a90d8d__prvStartFirstTask 0x080001e1   Thumb Code    28  port.o(.emb_text)
    __asm___6_port_c_39a90d8d__prvEnableVFP  0x08000201   Thumb Code    16  port.o(.emb_text)
    PendSV_Handler                           0x08000215   Thumb Code    92  port.o(.emb_text)
    vPortGetIPSR                             0x08000275   Thumb Code     6  port.o(.emb_text)
    Reset_Handler                            0x0800027d   Thumb Code     8  startup_stm32f427xx.o(.text)
    ADC_IRQHandler                           0x08000297   Thumb Code     0  startup_stm32f427xx.o(.text)
    CAN1_RX1_IRQHandler                      0x08000297   Thumb Code     0  startup_stm32f427xx.o(.text)
    CAN1_SCE_IRQHandler                      0x08000297   Thumb Code     0  startup_stm32f427xx.o(.text)
    CAN2_RX1_IRQHandler                      0x08000297   Thumb Code     0  startup_stm32f427xx.o(.text)
    CAN2_SCE_IRQHandler                      0x08000297   Thumb Code     0  startup_stm32f427xx.o(.text)
    DCMI_IRQHandler                          0x08000297   Thumb Code     0  startup_stm32f427xx.o(.text)
    DMA1_Stream0_IRQHandler                  0x08000297   Thumb Code     0  startup_stm32f427xx.o(.text)
    DMA1_Stream2_IRQHandler                  0x08000297   Thumb Code     0  startup_stm32f427xx.o(.text)
    DMA1_Stream3_IRQHandler                  0x08000297   Thumb Code     0  startup_stm32f427xx.o(.text)
    DMA1_Stream4_IRQHandler                  0x08000297   Thumb Code     0  startup_stm32f427xx.o(.text)
    DMA1_Stream6_IRQHandler                  0x08000297   Thumb Code     0  startup_stm32f427xx.o(.text)
    DMA1_Stream7_IRQHandler                  0x08000297   Thumb Code     0  startup_stm32f427xx.o(.text)
    DMA2D_IRQHandler                         0x08000297   Thumb Code     0  startup_stm32f427xx.o(.text)
    DMA2_Stream0_IRQHandler                  0x08000297   Thumb Code     0  startup_stm32f427xx.o(.text)
    DMA2_Stream3_IRQHandler                  0x08000297   Thumb Code     0  startup_stm32f427xx.o(.text)
    DMA2_Stream4_IRQHandler                  0x08000297   Thumb Code     0  startup_stm32f427xx.o(.text)
    DMA2_Stream5_IRQHandler                  0x08000297   Thumb Code     0  startup_stm32f427xx.o(.text)
    DMA2_Stream6_IRQHandler                  0x08000297   Thumb Code     0  startup_stm32f427xx.o(.text)
    DMA2_Stream7_IRQHandler                  0x08000297   Thumb Code     0  startup_stm32f427xx.o(.text)
    ETH_IRQHandler                           0x08000297   Thumb Code     0  startup_stm32f427xx.o(.text)
    ETH_WKUP_IRQHandler                      0x08000297   Thumb Code     0  startup_stm32f427xx.o(.text)
    EXTI0_IRQHandler                         0x08000297   Thumb Code     0  startup_stm32f427xx.o(.text)
    EXTI15_10_IRQHandler                     0x08000297   Thumb Code     0  startup_stm32f427xx.o(.text)
    EXTI1_IRQHandler                         0x08000297   Thumb Code     0  startup_stm32f427xx.o(.text)
    EXTI2_IRQHandler                         0x08000297   Thumb Code     0  startup_stm32f427xx.o(.text)
    EXTI3_IRQHandler                         0x08000297   Thumb Code     0  startup_stm32f427xx.o(.text)
    EXTI4_IRQHandler                         0x08000297   Thumb Code     0  startup_stm32f427xx.o(.text)
    EXTI9_5_IRQHandler                       0x08000297   Thumb Code     0  startup_stm32f427xx.o(.text)
    FLASH_IRQHandler                         0x08000297   Thumb Code     0  startup_stm32f427xx.o(.text)
    FMC_IRQHandler                           0x08000297   Thumb Code     0  startup_stm32f427xx.o(.text)
    FPU_IRQHandler                           0x08000297   Thumb Code     0  startup_stm32f427xx.o(.text)
    HASH_RNG_IRQHandler                      0x08000297   Thumb Code     0  startup_stm32f427xx.o(.text)
    I2C1_ER_IRQHandler                       0x08000297   Thumb Code     0  startup_stm32f427xx.o(.text)
    I2C1_EV_IRQHandler                       0x08000297   Thumb Code     0  startup_stm32f427xx.o(.text)
    I2C2_ER_IRQHandler                       0x08000297   Thumb Code     0  startup_stm32f427xx.o(.text)
    I2C2_EV_IRQHandler                       0x08000297   Thumb Code     0  startup_stm32f427xx.o(.text)
    I2C3_ER_IRQHandler                       0x08000297   Thumb Code     0  startup_stm32f427xx.o(.text)
    I2C3_EV_IRQHandler                       0x08000297   Thumb Code     0  startup_stm32f427xx.o(.text)
    OTG_FS_IRQHandler                        0x08000297   Thumb Code     0  startup_stm32f427xx.o(.text)
    OTG_FS_WKUP_IRQHandler                   0x08000297   Thumb Code     0  startup_stm32f427xx.o(.text)
    OTG_HS_EP1_IN_IRQHandler                 0x08000297   Thumb Code     0  startup_stm32f427xx.o(.text)
    OTG_HS_EP1_OUT_IRQHandler                0x08000297   Thumb Code     0  startup_stm32f427xx.o(.text)
    OTG_HS_IRQHandler                        0x08000297   Thumb Code     0  startup_stm32f427xx.o(.text)
    OTG_HS_WKUP_IRQHandler                   0x08000297   Thumb Code     0  startup_stm32f427xx.o(.text)
    PVD_IRQHandler                           0x08000297   Thumb Code     0  startup_stm32f427xx.o(.text)
    RCC_IRQHandler                           0x08000297   Thumb Code     0  startup_stm32f427xx.o(.text)
    RTC_Alarm_IRQHandler                     0x08000297   Thumb Code     0  startup_stm32f427xx.o(.text)
    RTC_WKUP_IRQHandler                      0x08000297   Thumb Code     0  startup_stm32f427xx.o(.text)
    SAI1_IRQHandler                          0x08000297   Thumb Code     0  startup_stm32f427xx.o(.text)
    SDIO_IRQHandler                          0x08000297   Thumb Code     0  startup_stm32f427xx.o(.text)
    SPI1_IRQHandler                          0x08000297   Thumb Code     0  startup_stm32f427xx.o(.text)
    SPI2_IRQHandler                          0x08000297   Thumb Code     0  startup_stm32f427xx.o(.text)
    SPI3_IRQHandler                          0x08000297   Thumb Code     0  startup_stm32f427xx.o(.text)
    SPI4_IRQHandler                          0x08000297   Thumb Code     0  startup_stm32f427xx.o(.text)
    SPI5_IRQHandler                          0x08000297   Thumb Code     0  startup_stm32f427xx.o(.text)
    SPI6_IRQHandler                          0x08000297   Thumb Code     0  startup_stm32f427xx.o(.text)
    TAMP_STAMP_IRQHandler                    0x08000297   Thumb Code     0  startup_stm32f427xx.o(.text)
    TIM1_BRK_TIM9_IRQHandler                 0x08000297   Thumb Code     0  startup_stm32f427xx.o(.text)
    TIM1_CC_IRQHandler                       0x08000297   Thumb Code     0  startup_stm32f427xx.o(.text)
    TIM1_TRG_COM_TIM11_IRQHandler            0x08000297   Thumb Code     0  startup_stm32f427xx.o(.text)
    TIM1_UP_TIM10_IRQHandler                 0x08000297   Thumb Code     0  startup_stm32f427xx.o(.text)
    TIM2_IRQHandler                          0x08000297   Thumb Code     0  startup_stm32f427xx.o(.text)
    TIM3_IRQHandler                          0x08000297   Thumb Code     0  startup_stm32f427xx.o(.text)
    TIM4_IRQHandler                          0x08000297   Thumb Code     0  startup_stm32f427xx.o(.text)
    TIM5_IRQHandler                          0x08000297   Thumb Code     0  startup_stm32f427xx.o(.text)
    TIM7_IRQHandler                          0x08000297   Thumb Code     0  startup_stm32f427xx.o(.text)
    TIM8_BRK_TIM12_IRQHandler                0x08000297   Thumb Code     0  startup_stm32f427xx.o(.text)
    TIM8_CC_IRQHandler                       0x08000297   Thumb Code     0  startup_stm32f427xx.o(.text)
    TIM8_TRG_COM_TIM14_IRQHandler            0x08000297   Thumb Code     0  startup_stm32f427xx.o(.text)
    TIM8_UP_TIM13_IRQHandler                 0x08000297   Thumb Code     0  startup_stm32f427xx.o(.text)
    UART4_IRQHandler                         0x08000297   Thumb Code     0  startup_stm32f427xx.o(.text)
    UART5_IRQHandler                         0x08000297   Thumb Code     0  startup_stm32f427xx.o(.text)
    UART7_IRQHandler                         0x08000297   Thumb Code     0  startup_stm32f427xx.o(.text)
    UART8_IRQHandler                         0x08000297   Thumb Code     0  startup_stm32f427xx.o(.text)
    WWDG_IRQHandler                          0x08000297   Thumb Code     0  startup_stm32f427xx.o(.text)
    __aeabi_memcpy                           0x080002a1   Thumb Code    36  memcpya.o(.text)
    __aeabi_memcpy4                          0x080002a1   Thumb Code     0  memcpya.o(.text)
    __aeabi_memcpy8                          0x080002a1   Thumb Code     0  memcpya.o(.text)
    __aeabi_memset                           0x080002c5   Thumb Code    14  memseta.o(.text)
    __aeabi_memset4                          0x080002c5   Thumb Code     0  memseta.o(.text)
    __aeabi_memset8                          0x080002c5   Thumb Code     0  memseta.o(.text)
    __aeabi_memclr                           0x080002d3   Thumb Code     4  memseta.o(.text)
    __aeabi_memclr4                          0x080002d3   Thumb Code     0  memseta.o(.text)
    __aeabi_memclr8                          0x080002d3   Thumb Code     0  memseta.o(.text)
    _memset$wrapper                          0x080002d7   Thumb Code    18  memseta.o(.text)
    __scatterload                            0x080002e9   Thumb Code    28  init.o(.text)
    __scatterload_rt2                        0x080002e9   Thumb Code     0  init.o(.text)
    BusFault_Handler                         0x0800030d   Thumb Code     2  stm32f4xx_it.o(i.BusFault_Handler)
    CAN1_RX0_IRQHandler                      0x08000311   Thumb Code     6  stm32f4xx_it.o(i.CAN1_RX0_IRQHandler)
    CAN1_TX_IRQHandler                       0x0800031d   Thumb Code     6  stm32f4xx_it.o(i.CAN1_TX_IRQHandler)
    CAN2_RX0_IRQHandler                      0x08000329   Thumb Code     6  stm32f4xx_it.o(i.CAN2_RX0_IRQHandler)
    CAN2_TX_IRQHandler                       0x08000335   Thumb Code     6  stm32f4xx_it.o(i.CAN2_TX_IRQHandler)
    DMA1_Stream1_IRQHandler                  0x080004c9   Thumb Code     6  stm32f4xx_it.o(i.DMA1_Stream1_IRQHandler)
    DMA1_Stream5_IRQHandler                  0x080004d5   Thumb Code     6  stm32f4xx_it.o(i.DMA1_Stream5_IRQHandler)
    DMA2_Stream1_IRQHandler                  0x080004e1   Thumb Code     6  stm32f4xx_it.o(i.DMA2_Stream1_IRQHandler)
    DMA2_Stream2_IRQHandler                  0x080004ed   Thumb Code     6  stm32f4xx_it.o(i.DMA2_Stream2_IRQHandler)
    DebugMon_Handler                         0x08000575   Thumb Code     2  stm32f4xx_it.o(i.DebugMon_Handler)
    Error_Handler                            0x08000577   Thumb Code     2  main.o(i.Error_Handler)
    HAL_CAN_ConfigFilter                     0x08000579   Thumb Code   218  stm32f4xx_hal_can.o(i.HAL_CAN_ConfigFilter)
    HAL_CAN_ErrorCallback                    0x0800065d   Thumb Code     2  stm32f4xx_hal_can.o(i.HAL_CAN_ErrorCallback)
    HAL_CAN_IRQHandler                       0x08000661   Thumb Code   370  stm32f4xx_hal_can.o(i.HAL_CAN_IRQHandler)
    HAL_CAN_Init                             0x080007e1   Thumb Code   328  stm32f4xx_hal_can.o(i.HAL_CAN_Init)
    HAL_CAN_MspInit                          0x08000929   Thumb Code   200  can.o(i.HAL_CAN_MspInit)
    HAL_CAN_Receive_IT                       0x08000a09   Thumb Code   134  stm32f4xx_hal_can.o(i.HAL_CAN_Receive_IT)
    HAL_CAN_RxCpltCallback                   0x08000a91   Thumb Code   106  bsp_can.o(i.HAL_CAN_RxCpltCallback)
    HAL_CAN_Transmit                         0x08000b11   Thumb Code   390  stm32f4xx_hal_can.o(i.HAL_CAN_Transmit)
    HAL_CAN_TxCpltCallback                   0x08000ca5   Thumb Code     2  stm32f4xx_hal_can.o(i.HAL_CAN_TxCpltCallback)
    HAL_DMA_Abort_IT                         0x08000ca7   Thumb Code    36  stm32f4xx_hal_dma.o(i.HAL_DMA_Abort_IT)
    HAL_DMA_IRQHandler                       0x08000ccd   Thumb Code   414  stm32f4xx_hal_dma.o(i.HAL_DMA_IRQHandler)
    HAL_DMA_Init                             0x08000e75   Thumb Code   202  stm32f4xx_hal_dma.o(i.HAL_DMA_Init)
    HAL_Delay                                0x08000f45   Thumb Code    22  stm32f4xx_hal.o(i.HAL_Delay)
    HAL_GPIO_Init                            0x08000f5d   Thumb Code   408  stm32f4xx_hal_gpio.o(i.HAL_GPIO_Init)
    HAL_GPIO_ReadPin                         0x08001129   Thumb Code    10  stm32f4xx_hal_gpio.o(i.HAL_GPIO_ReadPin)
    HAL_GPIO_WritePin                        0x08001133   Thumb Code    10  stm32f4xx_hal_gpio.o(i.HAL_GPIO_WritePin)
    HAL_GetTick                              0x0800113d   Thumb Code     6  stm32f4xx_hal.o(i.HAL_GetTick)
    HAL_IncTick                              0x08001149   Thumb Code    10  stm32f4xx_hal.o(i.HAL_IncTick)
    HAL_Init                                 0x08001159   Thumb Code    48  stm32f4xx_hal.o(i.HAL_Init)
    HAL_InitTick                             0x0800118d   Thumb Code   100  stm32f4xx_hal_timebase_tim.o(i.HAL_InitTick)
    HAL_MspInit                              0x08001201   Thumb Code    88  stm32f4xx_hal_msp.o(i.HAL_MspInit)
    HAL_NVIC_EnableIRQ                       0x08001259   Thumb Code    22  stm32f4xx_hal_cortex.o(i.HAL_NVIC_EnableIRQ)
    HAL_NVIC_SetPriority                     0x08001271   Thumb Code    60  stm32f4xx_hal_cortex.o(i.HAL_NVIC_SetPriority)
    HAL_NVIC_SetPriorityGrouping             0x080012b1   Thumb Code    26  stm32f4xx_hal_cortex.o(i.HAL_NVIC_SetPriorityGrouping)
    HAL_PWREx_EnableOverDrive                0x080012d5   Thumb Code   126  stm32f4xx_hal_pwr_ex.o(i.HAL_PWREx_EnableOverDrive)
    HAL_RCC_ClockConfig                      0x08001361   Thumb Code   364  stm32f4xx_hal_rcc.o(i.HAL_RCC_ClockConfig)
    HAL_RCC_GetClockConfig                   0x080014dd   Thumb Code    54  stm32f4xx_hal_rcc.o(i.HAL_RCC_GetClockConfig)
    HAL_RCC_GetHCLKFreq                      0x0800151d   Thumb Code     6  stm32f4xx_hal_rcc.o(i.HAL_RCC_GetHCLKFreq)
    HAL_RCC_GetPCLK1Freq                     0x08001529   Thumb Code    34  stm32f4xx_hal_rcc.o(i.HAL_RCC_GetPCLK1Freq)
    HAL_RCC_GetPCLK2Freq                     0x08001559   Thumb Code    34  stm32f4xx_hal_rcc.o(i.HAL_RCC_GetPCLK2Freq)
    HAL_RCC_GetSysClockFreq                  0x08001589   Thumb Code   104  stm32f4xx_hal_rcc.o(i.HAL_RCC_GetSysClockFreq)
    HAL_RCC_OscConfig                        0x080015fd   Thumb Code   722  stm32f4xx_hal_rcc.o(i.HAL_RCC_OscConfig)
    HAL_SPI_Init                             0x080018e1   Thumb Code   128  stm32f4xx_hal_spi.o(i.HAL_SPI_Init)
    HAL_SPI_MspInit                          0x08001961   Thumb Code    64  spi.o(i.HAL_SPI_MspInit)
    HAL_SYSTICK_CLKSourceConfig              0x080019ad   Thumb Code    24  stm32f4xx_hal_cortex.o(i.HAL_SYSTICK_CLKSourceConfig)
    HAL_SYSTICK_Config                       0x080019c5   Thumb Code    40  stm32f4xx_hal_cortex.o(i.HAL_SYSTICK_Config)
    HAL_TIMEx_BreakCallback                  0x080019ed   Thumb Code     2  stm32f4xx_hal_tim_ex.o(i.HAL_TIMEx_BreakCallback)
    HAL_TIMEx_CommutationCallback            0x080019ef   Thumb Code     2  stm32f4xx_hal_tim_ex.o(i.HAL_TIMEx_CommutationCallback)
    HAL_TIMEx_ConfigBreakDeadTime            0x080019f1   Thumb Code    66  stm32f4xx_hal_tim_ex.o(i.HAL_TIMEx_ConfigBreakDeadTime)
    HAL_TIMEx_MasterConfigSynchronization    0x08001a33   Thumb Code    80  stm32f4xx_hal_tim_ex.o(i.HAL_TIMEx_MasterConfigSynchronization)
    HAL_TIM_Base_Init                        0x08001a83   Thumb Code    54  stm32f4xx_hal_tim.o(i.HAL_TIM_Base_Init)
    HAL_TIM_Base_MspInit                     0x08001ab9   Thumb Code     2  stm32f4xx_hal_tim.o(i.HAL_TIM_Base_MspInit)
    HAL_TIM_Base_Start_IT                    0x08001abb   Thumb Code    24  stm32f4xx_hal_tim.o(i.HAL_TIM_Base_Start_IT)
    HAL_TIM_IC_CaptureCallback               0x08001ad3   Thumb Code     2  stm32f4xx_hal_tim.o(i.HAL_TIM_IC_CaptureCallback)
    HAL_TIM_IRQHandler                       0x08001ad5   Thumb Code   358  stm32f4xx_hal_tim.o(i.HAL_TIM_IRQHandler)
    HAL_TIM_MspPostInit                      0x08001c3d   Thumb Code   224  tim.o(i.HAL_TIM_MspPostInit)
    HAL_TIM_OC_DelayElapsedCallback          0x08001d45   Thumb Code     2  stm32f4xx_hal_tim.o(i.HAL_TIM_OC_DelayElapsedCallback)
    HAL_TIM_PWM_ConfigChannel                0x08001d47   Thumb Code   208  stm32f4xx_hal_tim.o(i.HAL_TIM_PWM_ConfigChannel)
    HAL_TIM_PWM_Init                         0x08001e17   Thumb Code    54  stm32f4xx_hal_tim.o(i.HAL_TIM_PWM_Init)
    HAL_TIM_PWM_MspInit                      0x08001e4d   Thumb Code   130  tim.o(i.HAL_TIM_PWM_MspInit)
    HAL_TIM_PWM_PulseFinishedCallback        0x08001ee9   Thumb Code     2  stm32f4xx_hal_tim.o(i.HAL_TIM_PWM_PulseFinishedCallback)
    HAL_TIM_PWM_Start                        0x08001eed   Thumb Code    48  stm32f4xx_hal_tim.o(i.HAL_TIM_PWM_Start)
    HAL_TIM_PeriodElapsedCallback            0x08001f25   Thumb Code    14  main.o(i.HAL_TIM_PeriodElapsedCallback)
    HAL_TIM_TriggerCallback                  0x08001f39   Thumb Code     2  stm32f4xx_hal_tim.o(i.HAL_TIM_TriggerCallback)
    HAL_UART_ErrorCallback                   0x08001f3b   Thumb Code     2  stm32f4xx_hal_uart.o(i.HAL_UART_ErrorCallback)
    HAL_UART_IRQHandler                      0x08001f3d   Thumb Code   266  stm32f4xx_hal_uart.o(i.HAL_UART_IRQHandler)
    HAL_UART_Init                            0x0800204d   Thumb Code    98  stm32f4xx_hal_uart.o(i.HAL_UART_Init)
    HAL_UART_MspInit                         0x080020b1   Thumb Code   554  usart.o(i.HAL_UART_MspInit)
    HAL_UART_RxCpltCallback                  0x0800230d   Thumb Code     2  stm32f4xx_hal_uart.o(i.HAL_UART_RxCpltCallback)
    HAL_UART_TxCpltCallback                  0x0800230f   Thumb Code     2  stm32f4xx_hal_uart.o(i.HAL_UART_TxCpltCallback)
    HardFault_Handler                        0x08002311   Thumb Code     2  stm32f4xx_it.o(i.HardFault_Handler)
    MX_CAN1_Init                             0x08002315   Thumb Code    60  can.o(i.MX_CAN1_Init)
    MX_CAN2_Init                             0x08002359   Thumb Code    64  can.o(i.MX_CAN2_Init)
    MX_DMA_Init                              0x080023a1   Thumb Code   104  dma.o(i.MX_DMA_Init)
    MX_FREERTOS_Init                         0x0800240d   Thumb Code    30  freertos.o(i.MX_FREERTOS_Init)
    MX_GPIO_Init                             0x08002435   Thumb Code   308  gpio.o(i.MX_GPIO_Init)
    MX_SPI5_Init                             0x08002589   Thumb Code    62  spi.o(i.MX_SPI5_Init)
    MX_TIM12_Init                            0x080025d1   Thumb Code    92  tim.o(i.MX_TIM12_Init)
    MX_TIM2_Init                             0x08002635   Thumb Code   134  tim.o(i.MX_TIM2_Init)
    MX_TIM3_Init                             0x080026c1   Thumb Code   102  tim.o(i.MX_TIM3_Init)
    MX_TIM4_Init                             0x08002731   Thumb Code   132  tim.o(i.MX_TIM4_Init)
    MX_TIM5_Init                             0x080027bd   Thumb Code   144  tim.o(i.MX_TIM5_Init)
    MX_TIM8_Init                             0x08002855   Thumb Code   172  tim.o(i.MX_TIM8_Init)
    MX_USART1_UART_Init                      0x08002909   Thumb Code    50  usart.o(i.MX_USART1_UART_Init)
    MX_USART2_UART_Init                      0x08002949   Thumb Code    48  usart.o(i.MX_USART2_UART_Init)
    MX_USART3_UART_Init                      0x08002981   Thumb Code    48  usart.o(i.MX_USART3_UART_Init)
    MX_USART6_UART_Init                      0x080029b9   Thumb Code    48  usart.o(i.MX_USART6_UART_Init)
    MemManage_Handler                        0x080029f1   Thumb Code     2  stm32f4xx_it.o(i.MemManage_Handler)
    NMI_Handler                              0x080029f3   Thumb Code     2  stm32f4xx_it.o(i.NMI_Handler)
    PID_struct_init                          0x08002a15   Thumb Code    16  pid.o(i.PID_struct_init)
    StartDefaultTask                         0x08002a2d   Thumb Code   382  freertos.o(i.StartDefaultTask)
    SysTick_Handler                          0x08002bd5   Thumb Code     4  stm32f4xx_it.o(i.SysTick_Handler)
    SystemClock_Config                       0x08002bd9   Thumb Code   156  main.o(i.SystemClock_Config)
    SystemInit                               0x08002c7d   Thumb Code    66  system_stm32f4xx.o(i.SystemInit)
    TIM6_DAC_IRQHandler                      0x08002cd1   Thumb Code     6  stm32f4xx_it.o(i.TIM6_DAC_IRQHandler)
    TIM_Base_SetConfig                       0x08002cdd   Thumb Code   148  stm32f4xx_hal_tim.o(i.TIM_Base_SetConfig)
    TIM_CCxChannelCmd                        0x08002d9d   Thumb Code    22  stm32f4xx_hal_tim.o(i.TIM_CCxChannelCmd)
    TIM_OC2_SetConfig                        0x08002e0d   Thumb Code    90  stm32f4xx_hal_tim.o(i.TIM_OC2_SetConfig)
    USART1_IRQHandler                        0x080032e9   Thumb Code     6  stm32f4xx_it.o(i.USART1_IRQHandler)
    USART2_IRQHandler                        0x080032f5   Thumb Code     6  stm32f4xx_it.o(i.USART2_IRQHandler)
    USART3_IRQHandler                        0x08003301   Thumb Code     6  stm32f4xx_it.o(i.USART3_IRQHandler)
    USART6_IRQHandler                        0x0800330d   Thumb Code     6  stm32f4xx_it.o(i.USART6_IRQHandler)
    UsageFault_Handler                       0x08003319   Thumb Code     2  stm32f4xx_it.o(i.UsageFault_Handler)
    __scatterload_copy                       0x0800331b   Thumb Code    14  handlers.o(i.__scatterload_copy)
    __scatterload_null                       0x08003329   Thumb Code     2  handlers.o(i.__scatterload_null)
    __scatterload_zeroinit                   0x0800332b   Thumb Code    14  handlers.o(i.__scatterload_zeroinit)
    abs_limit                                0x08003339   Thumb Code    42  pid.o(i.abs_limit)
    get_moto_measure                         0x08003363   Thumb Code    84  bsp_can.o(i.get_moto_measure)
    get_moto_offset                          0x080033b7   Thumb Code    12  bsp_can.o(i.get_moto_offset)
    main                                     0x080033c3   Thumb Code    78  main.o(i.main)
    my_can_filter_init_recv_all              0x0800341d   Thumb Code    84  bsp_can.o(i.my_can_filter_init_recv_all)
    osDelay                                  0x0800347d   Thumb Code    14  cmsis_os.o(i.osDelay)
    osKernelStart                            0x0800348b   Thumb Code    10  cmsis_os.o(i.osKernelStart)
    osSystickHandler                         0x08003495   Thumb Code    20  cmsis_os.o(i.osSystickHandler)
    osThreadCreate                           0x080034a9   Thumb Code    56  cmsis_os.o(i.osThreadCreate)
    pid_calc                                 0x080034e1   Thumb Code   448  pid.o(i.pid_calc)
    pvPortMalloc                             0x08003849   Thumb Code   210  heap_4.o(i.pvPortMalloc)
    pxPortInitialiseStack                    0x08003921   Thumb Code    36  port.o(i.pxPortInitialiseStack)
    set_moto_current                         0x08003949   Thumb Code    78  bsp_can.o(i.set_moto_current)
    uxListRemove                             0x08003997   Thumb Code    36  list.o(i.uxListRemove)
    vListInitialise                          0x080039bb   Thumb Code    22  list.o(i.vListInitialise)
    vListInitialiseItem                      0x080039d1   Thumb Code     6  list.o(i.vListInitialiseItem)
    vListInsert                              0x080039d7   Thumb Code    48  list.o(i.vListInsert)
    vListInsertEnd                           0x08003a07   Thumb Code    24  list.o(i.vListInsertEnd)
    vPortEnterCritical                       0x08003a21   Thumb Code    54  port.o(i.vPortEnterCritical)
    vPortExitCritical                        0x08003a61   Thumb Code    34  port.o(i.vPortExitCritical)
    vPortFree                                0x08003a89   Thumb Code    88  heap_4.o(i.vPortFree)
    vPortSetupTimerInterrupt                 0x08003ae5   Thumb Code    26  port.o(i.vPortSetupTimerInterrupt)
    vTaskDelay                               0x08003b05   Thumb Code    94  tasks.o(i.vTaskDelay)
    vTaskStartScheduler                      0x08003b6d   Thumb Code    86  tasks.o(i.vTaskStartScheduler)
    vTaskSuspendAll                          0x08003bd5   Thumb Code    10  tasks.o(i.vTaskSuspendAll)
    vTaskSwitchContext                       0x08003be5   Thumb Code    82  tasks.o(i.vTaskSwitchContext)
    xPortStartScheduler                      0x08003c41   Thumb Code   202  port.o(i.xPortStartScheduler)
    xPortSysTickHandler                      0x08003d21   Thumb Code    38  port.o(i.xPortSysTickHandler)
    xTaskGenericCreate                       0x08003d4d   Thumb Code   430  tasks.o(i.xTaskGenericCreate)
    xTaskGetSchedulerState                   0x08003f09   Thumb Code    22  tasks.o(i.xTaskGetSchedulerState)
    xTaskIncrementTick                       0x08003f25   Thumb Code   194  tasks.o(i.xTaskIncrementTick)
    xTaskResumeAll                           0x08003ff1   Thumb Code   182  tasks.o(i.xTaskResumeAll)
    APBAHBPrescTable                         0x080040bc   Data          16  stm32f4xx_hal_rcc.o(.constdata)
    Region$$Table$$Base                      0x080040ec   Number         0  anon$$obj.o(Region$$Table)
    Region$$Table$$Limit                     0x0800410c   Number         0  anon$$obj.o(Region$$Table)
    uwTick                                   0x20000000   Data           4  stm32f4xx_hal.o(.data)
    SystemCoreClock                          0x20000004   Data           4  system_stm32f4xx.o(.data)
    pxCurrentTCB                             0x20000008   Data           4  tasks.o(.data)
    defaultTaskHandle                        0x2000006c   Data           4  freertos.o(.data)
    htim2                                    0x20003d68   Data          60  tim.o(.bss)
    htim3                                    0x20003da4   Data          60  tim.o(.bss)
    htim4                                    0x20003de0   Data          60  tim.o(.bss)
    htim5                                    0x20003e1c   Data          60  tim.o(.bss)
    htim8                                    0x20003e58   Data          60  tim.o(.bss)
    htim12                                   0x20003e94   Data          60  tim.o(.bss)
    huart1                                   0x20003ed0   Data          64  usart.o(.bss)
    huart2                                   0x20003f10   Data          64  usart.o(.bss)
    huart3                                   0x20003f50   Data          64  usart.o(.bss)
    huart6                                   0x20003f90   Data          64  usart.o(.bss)
    hdma_usart1_rx                           0x20003fd0   Data          96  usart.o(.bss)
    hdma_usart2_rx                           0x20004030   Data          96  usart.o(.bss)
    hdma_usart3_rx                           0x20004090   Data          96  usart.o(.bss)
    hdma_usart6_rx                           0x200040f0   Data          96  usart.o(.bss)
    set_spd                                  0x20004150   Data          16  freertos.o(.bss)
    htim6                                    0x20004160   Data          60  stm32f4xx_hal_timebase_tim.o(.bss)
    hspi5                                    0x2000419c   Data          88  spi.o(.bss)
    hcan1                                    0x200041f4   Data          64  can.o(.bss)
    hcan2                                    0x20004234   Data          64  can.o(.bss)
    moto_chassis                             0x20004274   Data         176  bsp_can.o(.bss)
    moto_info                                0x200043a4   Data          44  bsp_can.o(.bss)
    pid_spd                                  0x200043d0   Data         432  pid.o(.bss)
    __initial_sp                             0x20004980   Data           0  startup_stm32f427xx.o(STACK)



==============================================================================

Memory Map of the image

  Image Entry point : 0x080001ad

  Load Region LR_IROM1 (Base: 0x08000000, Size: 0x00004184, Max: 0x00200000, ABSOLUTE)

    Execution Region ER_IROM1 (Exec base: 0x08000000, Load base: 0x08000000, Size: 0x0000410c, Max: 0x00200000, ABSOLUTE)

    Exec Addr    Load Addr    Size         Type   Attr      Idx    E Section Name        Object

    0x08000000   0x08000000   0x000001ac   Data   RO         3816    RESET               startup_stm32f427xx.o
    0x080001ac   0x080001ac   0x00000000   Code   RO         4611  * .ARM.Collect$$$$00000000  mc_w.l(entry.o)
    0x080001ac   0x080001ac   0x00000004   Code   RO         4620    .ARM.Collect$$$$00000001  mc_w.l(entry2.o)
    0x080001b0   0x080001b0   0x00000004   Code   RO         4623    .ARM.Collect$$$$00000004  mc_w.l(entry5.o)
    0x080001b4   0x080001b4   0x00000000   Code   RO         4625    .ARM.Collect$$$$00000008  mc_w.l(entry7b.o)
    0x080001b4   0x080001b4   0x00000000   Code   RO         4627    .ARM.Collect$$$$0000000A  mc_w.l(entry8b.o)
    0x080001b4   0x080001b4   0x00000008   Code   RO         4628    .ARM.Collect$$$$0000000B  mc_w.l(entry9a.o)
    0x080001bc   0x080001bc   0x00000000   Code   RO         4630    .ARM.Collect$$$$0000000D  mc_w.l(entry10a.o)
    0x080001bc   0x080001bc   0x00000000   Code   RO         4632    .ARM.Collect$$$$0000000F  mc_w.l(entry11a.o)
    0x080001bc   0x080001bc   0x00000004   Code   RO         4621    .ARM.Collect$$$$00002712  mc_w.l(entry2.o)
    0x080001c0   0x080001c0   0x000000ba   Code   RO         3691    .emb_text           port.o
    0x0800027a   0x0800027a   0x00000002   PAD
    0x0800027c   0x0800027c   0x00000024   Code   RO         3817    .text               startup_stm32f427xx.o
    0x080002a0   0x080002a0   0x00000024   Code   RO         4614    .text               mc_w.l(memcpya.o)
    0x080002c4   0x080002c4   0x00000024   Code   RO         4616    .text               mc_w.l(memseta.o)
    0x080002e8   0x080002e8   0x00000024   Code   RO         4634    .text               mc_w.l(init.o)
    0x0800030c   0x0800030c   0x00000002   Code   RO         4258    i.BusFault_Handler  stm32f4xx_it.o
    0x0800030e   0x0800030e   0x00000002   PAD
    0x08000310   0x08000310   0x0000000c   Code   RO         4259    i.CAN1_RX0_IRQHandler  stm32f4xx_it.o
    0x0800031c   0x0800031c   0x0000000c   Code   RO         4260    i.CAN1_TX_IRQHandler  stm32f4xx_it.o
    0x08000328   0x08000328   0x0000000c   Code   RO         4261    i.CAN2_RX0_IRQHandler  stm32f4xx_it.o
    0x08000334   0x08000334   0x0000000c   Code   RO         4262    i.CAN2_TX_IRQHandler  stm32f4xx_it.o
    0x08000340   0x08000340   0x00000128   Code   RO            4    i.CAN_Receive_IT    stm32f4xx_hal_can.o
    0x08000468   0x08000468   0x00000060   Code   RO            5    i.CAN_Transmit_IT   stm32f4xx_hal_can.o
    0x080004c8   0x080004c8   0x0000000c   Code   RO         4263    i.DMA1_Stream1_IRQHandler  stm32f4xx_it.o
    0x080004d4   0x080004d4   0x0000000c   Code   RO         4264    i.DMA1_Stream5_IRQHandler  stm32f4xx_it.o
    0x080004e0   0x080004e0   0x0000000c   Code   RO         4265    i.DMA2_Stream1_IRQHandler  stm32f4xx_it.o
    0x080004ec   0x080004ec   0x0000000c   Code   RO         4266    i.DMA2_Stream2_IRQHandler  stm32f4xx_it.o
    0x080004f8   0x080004f8   0x00000028   Code   RO         2490    i.DMA_CalcBaseAndBitshift  stm32f4xx_hal_dma.o
    0x08000520   0x08000520   0x00000054   Code   RO         2491    i.DMA_CheckFifoParam  stm32f4xx_hal_dma.o
    0x08000574   0x08000574   0x00000002   Code   RO         4267    i.DebugMon_Handler  stm32f4xx_it.o
    0x08000576   0x08000576   0x00000002   Code   RO         3824    i.Error_Handler     main.o
    0x08000578   0x08000578   0x000000e4   Code   RO            6    i.HAL_CAN_ConfigFilter  stm32f4xx_hal_can.o
    0x0800065c   0x0800065c   0x00000002   Code   RO            8    i.HAL_CAN_ErrorCallback  stm32f4xx_hal_can.o
    0x0800065e   0x0800065e   0x00000002   PAD
    0x08000660   0x08000660   0x00000180   Code   RO           11    i.HAL_CAN_IRQHandler  stm32f4xx_hal_can.o
    0x080007e0   0x080007e0   0x00000148   Code   RO           12    i.HAL_CAN_Init      stm32f4xx_hal_can.o
    0x08000928   0x08000928   0x000000e0   Code   RO         4401    i.HAL_CAN_MspInit   can.o
    0x08000a08   0x08000a08   0x00000086   Code   RO           16    i.HAL_CAN_Receive_IT  stm32f4xx_hal_can.o
    0x08000a8e   0x08000a8e   0x00000002   PAD
    0x08000a90   0x08000a90   0x00000080   Code   RO         4449    i.HAL_CAN_RxCpltCallback  bsp_can.o
    0x08000b10   0x08000b10   0x00000194   Code   RO           19    i.HAL_CAN_Transmit  stm32f4xx_hal_can.o
    0x08000ca4   0x08000ca4   0x00000002   Code   RO           21    i.HAL_CAN_TxCpltCallback  stm32f4xx_hal_can.o
    0x08000ca6   0x08000ca6   0x00000024   Code   RO         2494    i.HAL_DMA_Abort_IT  stm32f4xx_hal_dma.o
    0x08000cca   0x08000cca   0x00000002   PAD
    0x08000ccc   0x08000ccc   0x000001a8   Code   RO         2498    i.HAL_DMA_IRQHandler  stm32f4xx_hal_dma.o
    0x08000e74   0x08000e74   0x000000d0   Code   RO         2499    i.HAL_DMA_Init      stm32f4xx_hal_dma.o
    0x08000f44   0x08000f44   0x00000016   Code   RO         1040    i.HAL_Delay         stm32f4xx_hal.o
    0x08000f5a   0x08000f5a   0x00000002   PAD
    0x08000f5c   0x08000f5c   0x000001cc   Code   RO          239    i.HAL_GPIO_Init     stm32f4xx_hal_gpio.o
    0x08001128   0x08001128   0x0000000a   Code   RO          241    i.HAL_GPIO_ReadPin  stm32f4xx_hal_gpio.o
    0x08001132   0x08001132   0x0000000a   Code   RO          243    i.HAL_GPIO_WritePin  stm32f4xx_hal_gpio.o
    0x0800113c   0x0800113c   0x0000000c   Code   RO         1048    i.HAL_GetTick       stm32f4xx_hal.o
    0x08001148   0x08001148   0x00000010   Code   RO         1049    i.HAL_IncTick       stm32f4xx_hal.o
    0x08001158   0x08001158   0x00000034   Code   RO         1050    i.HAL_Init          stm32f4xx_hal.o
    0x0800118c   0x0800118c   0x00000074   Code   RO         4152    i.HAL_InitTick      stm32f4xx_hal_timebase_tim.o
    0x08001200   0x08001200   0x00000058   Code   RO         3981    i.HAL_MspInit       stm32f4xx_hal_msp.o
    0x08001258   0x08001258   0x00000016   Code   RO          523    i.HAL_NVIC_EnableIRQ  stm32f4xx_hal_cortex.o
    0x0800126e   0x0800126e   0x00000002   PAD
    0x08001270   0x08001270   0x00000040   Code   RO          529    i.HAL_NVIC_SetPriority  stm32f4xx_hal_cortex.o
    0x080012b0   0x080012b0   0x00000024   Code   RO          530    i.HAL_NVIC_SetPriorityGrouping  stm32f4xx_hal_cortex.o
    0x080012d4   0x080012d4   0x0000008c   Code   RO         1234    i.HAL_PWREx_EnableOverDrive  stm32f4xx_hal_pwr_ex.o
    0x08001360   0x08001360   0x0000017c   Code   RO         2597    i.HAL_RCC_ClockConfig  stm32f4xx_hal_rcc.o
    0x080014dc   0x080014dc   0x00000040   Code   RO         2601    i.HAL_RCC_GetClockConfig  stm32f4xx_hal_rcc.o
    0x0800151c   0x0800151c   0x0000000c   Code   RO         2602    i.HAL_RCC_GetHCLKFreq  stm32f4xx_hal_rcc.o
    0x08001528   0x08001528   0x00000030   Code   RO         2604    i.HAL_RCC_GetPCLK1Freq  stm32f4xx_hal_rcc.o
    0x08001558   0x08001558   0x00000030   Code   RO         2605    i.HAL_RCC_GetPCLK2Freq  stm32f4xx_hal_rcc.o
    0x08001588   0x08001588   0x00000074   Code   RO         2606    i.HAL_RCC_GetSysClockFreq  stm32f4xx_hal_rcc.o
    0x080015fc   0x080015fc   0x000002e4   Code   RO         2609    i.HAL_RCC_OscConfig  stm32f4xx_hal_rcc.o
    0x080018e0   0x080018e0   0x00000080   Code   RO         1308    i.HAL_SPI_Init      stm32f4xx_hal_spi.o
    0x08001960   0x08001960   0x0000004c   Code   RO         4217    i.HAL_SPI_MspInit   spi.o
    0x080019ac   0x080019ac   0x00000018   Code   RO          532    i.HAL_SYSTICK_CLKSourceConfig  stm32f4xx_hal_cortex.o
    0x080019c4   0x080019c4   0x00000028   Code   RO          534    i.HAL_SYSTICK_Config  stm32f4xx_hal_cortex.o
    0x080019ec   0x080019ec   0x00000002   Code   RO         1579    i.HAL_TIMEx_BreakCallback  stm32f4xx_hal_tim_ex.o
    0x080019ee   0x080019ee   0x00000002   Code   RO         1580    i.HAL_TIMEx_CommutationCallback  stm32f4xx_hal_tim_ex.o
    0x080019f0   0x080019f0   0x00000042   Code   RO         1581    i.HAL_TIMEx_ConfigBreakDeadTime  stm32f4xx_hal_tim_ex.o
    0x08001a32   0x08001a32   0x00000050   Code   RO         1596    i.HAL_TIMEx_MasterConfigSynchronization  stm32f4xx_hal_tim_ex.o
    0x08001a82   0x08001a82   0x00000036   Code   RO         1820    i.HAL_TIM_Base_Init  stm32f4xx_hal_tim.o
    0x08001ab8   0x08001ab8   0x00000002   Code   RO         1822    i.HAL_TIM_Base_MspInit  stm32f4xx_hal_tim.o
    0x08001aba   0x08001aba   0x00000018   Code   RO         1825    i.HAL_TIM_Base_Start_IT  stm32f4xx_hal_tim.o
    0x08001ad2   0x08001ad2   0x00000002   Code   RO         1849    i.HAL_TIM_IC_CaptureCallback  stm32f4xx_hal_tim.o
    0x08001ad4   0x08001ad4   0x00000166   Code   RO         1862    i.HAL_TIM_IRQHandler  stm32f4xx_hal_tim.o
    0x08001c3a   0x08001c3a   0x00000002   PAD
    0x08001c3c   0x08001c3c   0x00000108   Code   RO         3903    i.HAL_TIM_MspPostInit  tim.o
    0x08001d44   0x08001d44   0x00000002   Code   RO         1865    i.HAL_TIM_OC_DelayElapsedCallback  stm32f4xx_hal_tim.o
    0x08001d46   0x08001d46   0x000000d0   Code   RO         1886    i.HAL_TIM_PWM_ConfigChannel  stm32f4xx_hal_tim.o
    0x08001e16   0x08001e16   0x00000036   Code   RO         1889    i.HAL_TIM_PWM_Init  stm32f4xx_hal_tim.o
    0x08001e4c   0x08001e4c   0x0000009c   Code   RO         3905    i.HAL_TIM_PWM_MspInit  tim.o
    0x08001ee8   0x08001ee8   0x00000002   Code   RO         1892    i.HAL_TIM_PWM_PulseFinishedCallback  stm32f4xx_hal_tim.o
    0x08001eea   0x08001eea   0x00000002   PAD
    0x08001eec   0x08001eec   0x00000038   Code   RO         1893    i.HAL_TIM_PWM_Start  stm32f4xx_hal_tim.o
    0x08001f24   0x08001f24   0x00000014   Code   RO         3825    i.HAL_TIM_PeriodElapsedCallback  main.o
    0x08001f38   0x08001f38   0x00000002   Code   RO         1903    i.HAL_TIM_TriggerCallback  stm32f4xx_hal_tim.o
    0x08001f3a   0x08001f3a   0x00000002   Code   RO          793    i.HAL_UART_ErrorCallback  stm32f4xx_hal_uart.o
    0x08001f3c   0x08001f3c   0x00000110   Code   RO          796    i.HAL_UART_IRQHandler  stm32f4xx_hal_uart.o
    0x0800204c   0x0800204c   0x00000062   Code   RO          797    i.HAL_UART_Init     stm32f4xx_hal_uart.o
    0x080020ae   0x080020ae   0x00000002   PAD
    0x080020b0   0x080020b0   0x0000025c   Code   RO         4006    i.HAL_UART_MspInit  usart.o
    0x0800230c   0x0800230c   0x00000002   Code   RO          803    i.HAL_UART_RxCpltCallback  stm32f4xx_hal_uart.o
    0x0800230e   0x0800230e   0x00000002   Code   RO          808    i.HAL_UART_TxCpltCallback  stm32f4xx_hal_uart.o
    0x08002310   0x08002310   0x00000002   Code   RO         4268    i.HardFault_Handler  stm32f4xx_it.o
    0x08002312   0x08002312   0x00000002   PAD
    0x08002314   0x08002314   0x00000044   Code   RO         4402    i.MX_CAN1_Init      can.o
    0x08002358   0x08002358   0x00000048   Code   RO         4403    i.MX_CAN2_Init      can.o
    0x080023a0   0x080023a0   0x0000006c   Code   RO         4065    i.MX_DMA_Init       dma.o
    0x0800240c   0x0800240c   0x00000028   Code   RO         4088    i.MX_FREERTOS_Init  freertos.o
    0x08002434   0x08002434   0x00000154   Code   RO         4192    i.MX_GPIO_Init      gpio.o
    0x08002588   0x08002588   0x00000048   Code   RO         4218    i.MX_SPI5_Init      spi.o
    0x080025d0   0x080025d0   0x00000064   Code   RO         3906    i.MX_TIM12_Init     tim.o
    0x08002634   0x08002634   0x0000008c   Code   RO         3907    i.MX_TIM2_Init      tim.o
    0x080026c0   0x080026c0   0x00000070   Code   RO         3908    i.MX_TIM3_Init      tim.o
    0x08002730   0x08002730   0x0000008c   Code   RO         3909    i.MX_TIM4_Init      tim.o
    0x080027bc   0x080027bc   0x00000098   Code   RO         3910    i.MX_TIM5_Init      tim.o
    0x08002854   0x08002854   0x000000b4   Code   RO         3911    i.MX_TIM8_Init      tim.o
    0x08002908   0x08002908   0x00000040   Code   RO         4007    i.MX_USART1_UART_Init  usart.o
    0x08002948   0x08002948   0x00000038   Code   RO         4008    i.MX_USART2_UART_Init  usart.o
    0x08002980   0x08002980   0x00000038   Code   RO         4009    i.MX_USART3_UART_Init  usart.o
    0x080029b8   0x080029b8   0x00000038   Code   RO         4010    i.MX_USART6_UART_Init  usart.o
    0x080029f0   0x080029f0   0x00000002   Code   RO         4269    i.MemManage_Handler  stm32f4xx_it.o
    0x080029f2   0x080029f2   0x00000002   Code   RO         4270    i.NMI_Handler       stm32f4xx_it.o
    0x080029f4   0x080029f4   0x00000020   Code   RO          536    i.NVIC_SetPriority  stm32f4xx_hal_cortex.o
    0x08002a14   0x08002a14   0x00000018   Code   RO         4543    i.PID_struct_init   pid.o
    0x08002a2c   0x08002a2c   0x000001a8   Code   RO         4089    i.StartDefaultTask  freertos.o
    0x08002bd4   0x08002bd4   0x00000004   Code   RO         4271    i.SysTick_Handler   stm32f4xx_it.o
    0x08002bd8   0x08002bd8   0x000000a4   Code   RO         3826    i.SystemClock_Config  main.o
    0x08002c7c   0x08002c7c   0x00000054   Code   RO         2702    i.SystemInit        system_stm32f4xx.o
    0x08002cd0   0x08002cd0   0x0000000c   Code   RO         4272    i.TIM6_DAC_IRQHandler  stm32f4xx_it.o
    0x08002cdc   0x08002cdc   0x000000c0   Code   RO         1904    i.TIM_Base_SetConfig  stm32f4xx_hal_tim.o
    0x08002d9c   0x08002d9c   0x00000016   Code   RO         1905    i.TIM_CCxChannelCmd  stm32f4xx_hal_tim.o
    0x08002db2   0x08002db2   0x00000002   PAD
    0x08002db4   0x08002db4   0x00000058   Code   RO         1913    i.TIM_OC1_SetConfig  stm32f4xx_hal_tim.o
    0x08002e0c   0x08002e0c   0x00000064   Code   RO         1914    i.TIM_OC2_SetConfig  stm32f4xx_hal_tim.o
    0x08002e70   0x08002e70   0x00000060   Code   RO         1915    i.TIM_OC3_SetConfig  stm32f4xx_hal_tim.o
    0x08002ed0   0x08002ed0   0x00000050   Code   RO         1916    i.TIM_OC4_SetConfig  stm32f4xx_hal_tim.o
    0x08002f20   0x08002f20   0x00000010   Code   RO          810    i.UART_DMAAbortOnError  stm32f4xx_hal_uart.o
    0x08002f30   0x08002f30   0x0000001c   Code   RO          816    i.UART_EndRxTransfer  stm32f4xx_hal_uart.o
    0x08002f4c   0x08002f4c   0x0000008c   Code   RO          818    i.UART_Receive_IT   stm32f4xx_hal_uart.o
    0x08002fd8   0x08002fd8   0x000002ac   Code   RO          819    i.UART_SetConfig    stm32f4xx_hal_uart.o
    0x08003284   0x08003284   0x00000062   Code   RO          820    i.UART_Transmit_IT  stm32f4xx_hal_uart.o
    0x080032e6   0x080032e6   0x00000002   PAD
    0x080032e8   0x080032e8   0x0000000c   Code   RO         4273    i.USART1_IRQHandler  stm32f4xx_it.o
    0x080032f4   0x080032f4   0x0000000c   Code   RO         4274    i.USART2_IRQHandler  stm32f4xx_it.o
    0x08003300   0x08003300   0x0000000c   Code   RO         4275    i.USART3_IRQHandler  stm32f4xx_it.o
    0x0800330c   0x0800330c   0x0000000c   Code   RO         4276    i.USART6_IRQHandler  stm32f4xx_it.o
    0x08003318   0x08003318   0x00000002   Code   RO         4277    i.UsageFault_Handler  stm32f4xx_it.o
    0x0800331a   0x0800331a   0x0000000e   Code   RO         4638    i.__scatterload_copy  mc_w.l(handlers.o)
    0x08003328   0x08003328   0x00000002   Code   RO         4639    i.__scatterload_null  mc_w.l(handlers.o)
    0x0800332a   0x0800332a   0x0000000e   Code   RO         4640    i.__scatterload_zeroinit  mc_w.l(handlers.o)
    0x08003338   0x08003338   0x0000002a   Code   RO         4544    i.abs_limit         pid.o
    0x08003362   0x08003362   0x00000054   Code   RO         4452    i.get_moto_measure  bsp_can.o
    0x080033b6   0x080033b6   0x0000000c   Code   RO         4453    i.get_moto_offset   bsp_can.o
    0x080033c2   0x080033c2   0x0000004e   Code   RO         3827    i.main              main.o
    0x08003410   0x08003410   0x0000000c   Code   RO         3274    i.makeFreeRtosPriority  cmsis_os.o
    0x0800341c   0x0800341c   0x00000060   Code   RO         4455    i.my_can_filter_init_recv_all  bsp_can.o
    0x0800347c   0x0800347c   0x0000000e   Code   RO         3275    i.osDelay           cmsis_os.o
    0x0800348a   0x0800348a   0x0000000a   Code   RO         3278    i.osKernelStart     cmsis_os.o
    0x08003494   0x08003494   0x00000014   Code   RO         3307    i.osSystickHandler  cmsis_os.o
    0x080034a8   0x080034a8   0x00000038   Code   RO         3308    i.osThreadCreate    cmsis_os.o
    0x080034e0   0x080034e0   0x000001c4   Code   RO         4545    i.pid_calc          pid.o
    0x080036a4   0x080036a4   0x0000000e   Code   RO         4546    i.pid_param_init    pid.o
    0x080036b2   0x080036b2   0x00000006   Code   RO         4547    i.pid_reset         pid.o
    0x080036b8   0x080036b8   0x00000034   Code   RO         2735    i.prvAddCurrentTaskToDelayedList  tasks.o
    0x080036ec   0x080036ec   0x00000054   Code   RO         2736    i.prvCheckTasksWaitingTermination  tasks.o
    0x08003740   0x08003740   0x0000004c   Code   RO         3756    i.prvHeapInit       heap_4.o
    0x0800378c   0x0800378c   0x00000028   Code   RO         2737    i.prvIdleTask       tasks.o
    0x080037b4   0x080037b4   0x0000004c   Code   RO         3757    i.prvInsertBlockIntoFreeList  heap_4.o
    0x08003800   0x08003800   0x00000020   Code   RO         2739    i.prvResetNextTaskUnblockTime  tasks.o
    0x08003820   0x08003820   0x00000028   Code   RO         3692    i.prvTaskExitError  port.o
    0x08003848   0x08003848   0x000000d8   Code   RO         3758    i.pvPortMalloc      heap_4.o
    0x08003920   0x08003920   0x00000028   Code   RO         3693    i.pxPortInitialiseStack  port.o
    0x08003948   0x08003948   0x0000004e   Code   RO         4456    i.set_moto_current  bsp_can.o
    0x08003996   0x08003996   0x00000024   Code   RO         3234    i.uxListRemove      list.o
    0x080039ba   0x080039ba   0x00000016   Code   RO         3235    i.vListInitialise   list.o
    0x080039d0   0x080039d0   0x00000006   Code   RO         3236    i.vListInitialiseItem  list.o
    0x080039d6   0x080039d6   0x00000030   Code   RO         3237    i.vListInsert       list.o
    0x08003a06   0x08003a06   0x00000018   Code   RO         3238    i.vListInsertEnd    list.o
    0x08003a1e   0x08003a1e   0x00000002   PAD
    0x08003a20   0x08003a20   0x00000040   Code   RO         3695    i.vPortEnterCritical  port.o
    0x08003a60   0x08003a60   0x00000028   Code   RO         3696    i.vPortExitCritical  port.o
    0x08003a88   0x08003a88   0x0000005c   Code   RO         3759    i.vPortFree         heap_4.o
    0x08003ae4   0x08003ae4   0x00000020   Code   RO         3697    i.vPortSetupTimerInterrupt  port.o
    0x08003b04   0x08003b04   0x00000068   Code   RO         2749    i.vTaskDelay        tasks.o
    0x08003b6c   0x08003b6c   0x00000068   Code   RO         2761    i.vTaskStartScheduler  tasks.o
    0x08003bd4   0x08003bd4   0x00000010   Code   RO         2763    i.vTaskSuspendAll   tasks.o
    0x08003be4   0x08003be4   0x0000005c   Code   RO         2764    i.vTaskSwitchContext  tasks.o
    0x08003c40   0x08003c40   0x000000e0   Code   RO         3699    i.xPortStartScheduler  port.o
    0x08003d20   0x08003d20   0x0000002c   Code   RO         3700    i.xPortSysTickHandler  port.o
    0x08003d4c   0x08003d4c   0x000001bc   Code   RO         2766    i.xTaskGenericCreate  tasks.o
    0x08003f08   0x08003f08   0x0000001c   Code   RO         2770    i.xTaskGetSchedulerState  tasks.o
    0x08003f24   0x08003f24   0x000000cc   Code   RO         2773    i.xTaskIncrementTick  tasks.o
    0x08003ff0   0x08003ff0   0x000000c4   Code   RO         2779    i.xTaskResumeAll    tasks.o
    0x080040b4   0x080040b4   0x00000008   Data   RO         2505    .constdata          stm32f4xx_hal_dma.o
    0x080040bc   0x080040bc   0x00000010   Data   RO         2610    .constdata          stm32f4xx_hal_rcc.o
    0x080040cc   0x080040cc   0x00000014   Data   RO         4091    .constdata          freertos.o
    0x080040e0   0x080040e0   0x0000000c   Data   RO         4092    .conststring        freertos.o
    0x080040ec   0x080040ec   0x00000020   Data   RO         4636    Region$$Table       anon$$obj.o


    Execution Region RW_IRAM1 (Exec base: 0x20000000, Load base: 0x0800410c, Size: 0x00004980, Max: 0x00030000, ABSOLUTE)

    Exec Addr    Load Addr    Size         Type   Attr      Idx    E Section Name        Object

    0x20000000   0x0800410c   0x00000004   Data   RW         1056    .data               stm32f4xx_hal.o
    0x20000004   0x08004110   0x00000004   Data   RW         2704    .data               system_stm32f4xx.o
    0x20000008   0x08004114   0x00000038   Data   RW         2782    .data               tasks.o
    0x20000040   0x0800414c   0x0000000c   Data   RW         3701    .data               port.o
    0x2000004c   0x08004158   0x00000018   Data   RW         3764    .data               heap_4.o
    0x20000064   0x08004170   0x0000000c   Data   RW         4093    .data               freertos.o
    0x20000070   0x0800417c   0x00000004   Data   RW         4405    .data               can.o
    0x20000074   0x08004180   0x00000001   Data   RW         4458    .data               bsp_can.o
    0x20000075   0x08004181   0x00000003   PAD
    0x20000078        -       0x000000f0   Zero   RW         2781    .bss                tasks.o
    0x20000168        -       0x00003c00   Zero   RW         3763    .bss                heap_4.o
    0x20003d68        -       0x00000168   Zero   RW         3912    .bss                tim.o
    0x20003ed0        -       0x00000280   Zero   RW         4011    .bss                usart.o
    0x20004150        -       0x00000010   Zero   RW         4090    .bss                freertos.o
    0x20004160        -       0x0000003c   Zero   RW         4155    .bss                stm32f4xx_hal_timebase_tim.o
    0x2000419c        -       0x00000058   Zero   RW         4219    .bss                spi.o
    0x200041f4        -       0x00000080   Zero   RW         4404    .bss                can.o
    0x20004274        -       0x0000015c   Zero   RW         4457    .bss                bsp_can.o
    0x200043d0        -       0x000001b0   Zero   RW         4552    .bss                pid.o
    0x20004580        -       0x00000400   Zero   RW         3814    STACK               startup_stm32f427xx.o


==============================================================================

Image component sizes


      Code (inc. data)   RO Data    RW Data    ZI Data      Debug   Object Name

       398         34          0          1        348       6456   bsp_can.o
       364         40          0          4        128       2550   can.o
       112          0          0          0          0      16408   cmsis_os.o
       108          4          0          0          0        882   dma.o
       464         52         32         12         16       2324   freertos.o
       340         32          0          0          0       1215   gpio.o
       460         24          0         24      15360       7459   heap_4.o
       136          0          0          0          0       3754   list.o
       264         14          0          0          0       6588   main.o
       538         12          0          0        432       5428   pid.o
       670         74          0         12          0       8772   port.o
       148         22          0          0         88       1749   spi.o
        36          8        428          0       1024        836   startup_stm32f427xx.o
       102         16          0          4          0       3780   stm32f4xx_hal.o
      1874         38          0          0          0     363056   stm32f4xx_hal_can.o
       218         14          0          0          0      31273   stm32f4xx_hal_cortex.o
       792         22          8          0          0       4959   stm32f4xx_hal_dma.o
       480         52          0          0          0       3339   stm32f4xx_hal_gpio.o
        88          0          0          0          0        558   stm32f4xx_hal_msp.o
       140         14          0          0          0       1356   stm32f4xx_hal_pwr_ex.o
      1408         90         16          0          0       6880   stm32f4xx_hal_rcc.o
       128          0          0          0          0       1283   stm32f4xx_hal_spi.o
      1342         88          0          0          0      13549   stm32f4xx_hal_tim.o
       150          0          0          0          0       3366   stm32f4xx_hal_tim_ex.o
       116         16          0          0         60       1548   stm32f4xx_hal_timebase_tim.o
      1342         14          0          0          0       7839   stm32f4xx_hal_uart.o
       172         78          0          0          0       9911   stm32f4xx_it.o
        84         18          0          4          0       1449   system_stm32f4xx.o
      1396        116          0         56        240      29366   tasks.o
      1244        114          0          0        360       6278   tim.o
         0          0          0          0          0      11520   timers.o
       836         88          0          0        640       4281   usart.o

    ----------------------------------------------------------------------
     15978       1094        516        120      18696     570012   Object Totals
         0          0         32          0          0          0   (incl. Generated)
        28          0          0          3          0          0   (incl. Padding)

    ----------------------------------------------------------------------

      Code (inc. data)   RO Data    RW Data    ZI Data      Debug   Library Member Name

         0          0          0          0          0          0   entry.o
         0          0          0          0          0          0   entry10a.o
         0          0          0          0          0          0   entry11a.o
         8          4          0          0          0          0   entry2.o
         4          0          0          0          0          0   entry5.o
         0          0          0          0          0          0   entry7b.o
         0          0          0          0          0          0   entry8b.o
         8          4          0          0          0          0   entry9a.o
        30          0          0          0          0          0   handlers.o
        36          8          0          0          0         68   init.o
        36          0          0          0          0         68   memcpya.o
        36          0          0          0          0        108   memseta.o

    ----------------------------------------------------------------------
       158         16          0          0          0        244   Library Totals
         0          0          0          0          0          0   (incl. Padding)

    ----------------------------------------------------------------------

      Code (inc. data)   RO Data    RW Data    ZI Data      Debug   Library Name

       158         16          0          0          0        244   mc_w.l

    ----------------------------------------------------------------------
       158         16          0          0          0        244   Library Totals

    ----------------------------------------------------------------------

==============================================================================


      Code (inc. data)   RO Data    RW Data    ZI Data      Debug   

     16136       1110        516        120      18696     555308   Grand Totals
     16136       1110        516        120      18696     555308   ELF Image Totals
     16136       1110        516        120          0          0   ROM Totals

==============================================================================

    Total RO  Size (Code + RO Data)                16652 (  16.26kB)
    Total RW  Size (RW Data + ZI Data)             18816 (  18.38kB)
    Total ROM Size (Code + RO Data + RW Data)      16772 (  16.38kB)

==============================================================================

