Component: ARM Compiler 5.06 update 6 (build 750) Tool: armlink [4d35ed]

==============================================================================

Section Cross References

    startup_stm32f427xx.o(STACK) refers (Special) to heapauxi.o(.text) for __use_two_region_memory
    startup_stm32f427xx.o(HEAP) refers (Special) to heapauxi.o(.text) for __use_two_region_memory
    startup_stm32f427xx.o(RESET) refers (Special) to heapauxi.o(.text) for __use_two_region_memory
    startup_stm32f427xx.o(RESET) refers to startup_stm32f427xx.o(STACK) for __initial_sp
    startup_stm32f427xx.o(RESET) refers to startup_stm32f427xx.o(.text) for Reset_Handler
    startup_stm32f427xx.o(RESET) refers to stm32f4xx_it.o(i.NMI_Handler) for NMI_Handler
    startup_stm32f427xx.o(RESET) refers to stm32f4xx_it.o(i.HardFault_Handler) for HardFault_Handler
    startup_stm32f427xx.o(RESET) refers to stm32f4xx_it.o(i.MemManage_Handler) for MemManage_Handler
    startup_stm32f427xx.o(RESET) refers to stm32f4xx_it.o(i.BusFault_Handler) for BusFault_Handler
    startup_stm32f427xx.o(RESET) refers to stm32f4xx_it.o(i.UsageFault_Handler) for UsageFault_Handler
    startup_stm32f427xx.o(RESET) refers to port.o(.emb_text) for SVC_Handler
    startup_stm32f427xx.o(RESET) refers to stm32f4xx_it.o(i.DebugMon_Handler) for DebugMon_Handler
    startup_stm32f427xx.o(RESET) refers to freertos_middleware.o(i.SysTick_Handler) for SysTick_Handler
    startup_stm32f427xx.o(RESET) refers to can_receive.o(i.CAN1_RX0_IRQHandler) for CAN1_RX0_IRQHandler
    startup_stm32f427xx.o(RESET) refers to ins_task.o(i.EXTI9_5_IRQHandler) for EXTI9_5_IRQHandler
    startup_stm32f427xx.o(RESET) refers to freertos_middleware.o(i.TIM3_IRQHandler) for TIM3_IRQHandler
    startup_stm32f427xx.o(RESET) refers to remote_control.o(i.USART1_IRQHandler) for USART1_IRQHandler
    startup_stm32f427xx.o(RESET) refers to can_receive.o(i.TIM6_DAC_IRQHandler) for TIM6_DAC_IRQHandler
    startup_stm32f427xx.o(RESET) refers to can_receive.o(i.CAN2_RX0_IRQHandler) for CAN2_RX0_IRQHandler
    startup_stm32f427xx.o(RESET) refers to ins_task.o(i.DMA2_Stream5_IRQHandler) for DMA2_Stream5_IRQHandler
    startup_stm32f427xx.o(.text) refers (Special) to heapauxi.o(.text) for __use_two_region_memory
    startup_stm32f427xx.o(.text) refers to system_stm32f4xx.o(i.SystemInit) for SystemInit
    startup_stm32f427xx.o(.text) refers to __main.o(!!!main) for __main
    startup_stm32f427xx.o(.text) refers to startup_stm32f427xx.o(HEAP) for Heap_Mem
    startup_stm32f427xx.o(.text) refers to startup_stm32f427xx.o(STACK) for Stack_Mem
    system_stm32f4xx.o(i.SystemCoreClockUpdate) refers to system_stm32f4xx.o(.data) for SystemCoreClock
    system_stm32f4xx.o(i.SystemInit) refers to system_stm32f4xx.o(i.SetSysClock) for SetSysClock
    stm32f4xx_adc.o(i.ADC_DeInit) refers to stm32f4xx_rcc.o(i.RCC_APB2PeriphResetCmd) for RCC_APB2PeriphResetCmd
    stm32f4xx_can.o(i.CAN_DeInit) refers to stm32f4xx_rcc.o(i.RCC_APB1PeriphResetCmd) for RCC_APB1PeriphResetCmd
    stm32f4xx_can.o(i.CAN_GetITStatus) refers to stm32f4xx_can.o(i.CheckITStatus) for CheckITStatus
    stm32f4xx_cryp.o(i.CRYP_DeInit) refers to stm32f4xx_rcc.o(i.RCC_AHB2PeriphResetCmd) for RCC_AHB2PeriphResetCmd
    stm32f4xx_cryp_aes.o(i.CRYP_AES_CBC) refers to stm32f4xx_cryp.o(i.CRYP_KeyStructInit) for CRYP_KeyStructInit
    stm32f4xx_cryp_aes.o(i.CRYP_AES_CBC) refers to stm32f4xx_cryp.o(i.CRYP_FIFOFlush) for CRYP_FIFOFlush
    stm32f4xx_cryp_aes.o(i.CRYP_AES_CBC) refers to stm32f4xx_cryp.o(i.CRYP_Init) for CRYP_Init
    stm32f4xx_cryp_aes.o(i.CRYP_AES_CBC) refers to stm32f4xx_cryp.o(i.CRYP_KeyInit) for CRYP_KeyInit
    stm32f4xx_cryp_aes.o(i.CRYP_AES_CBC) refers to stm32f4xx_cryp.o(i.CRYP_Cmd) for CRYP_Cmd
    stm32f4xx_cryp_aes.o(i.CRYP_AES_CBC) refers to stm32f4xx_cryp.o(i.CRYP_GetFlagStatus) for CRYP_GetFlagStatus
    stm32f4xx_cryp_aes.o(i.CRYP_AES_CBC) refers to stm32f4xx_cryp.o(i.CRYP_IVInit) for CRYP_IVInit
    stm32f4xx_cryp_aes.o(i.CRYP_AES_CBC) refers to stm32f4xx_cryp.o(i.CRYP_GetCmdStatus) for CRYP_GetCmdStatus
    stm32f4xx_cryp_aes.o(i.CRYP_AES_CBC) refers to stm32f4xx_cryp.o(i.CRYP_DataIn) for CRYP_DataIn
    stm32f4xx_cryp_aes.o(i.CRYP_AES_CBC) refers to stm32f4xx_cryp.o(i.CRYP_DataOut) for CRYP_DataOut
    stm32f4xx_cryp_aes.o(i.CRYP_AES_CCM) refers to stm32f4xx_cryp.o(i.CRYP_KeyStructInit) for CRYP_KeyStructInit
    stm32f4xx_cryp_aes.o(i.CRYP_AES_CCM) refers to stm32f4xx_cryp.o(i.CRYP_FIFOFlush) for CRYP_FIFOFlush
    stm32f4xx_cryp_aes.o(i.CRYP_AES_CCM) refers to stm32f4xx_cryp.o(i.CRYP_KeyInit) for CRYP_KeyInit
    stm32f4xx_cryp_aes.o(i.CRYP_AES_CCM) refers to stm32f4xx_cryp.o(i.CRYP_IVInit) for CRYP_IVInit
    stm32f4xx_cryp_aes.o(i.CRYP_AES_CCM) refers to stm32f4xx_cryp.o(i.CRYP_Init) for CRYP_Init
    stm32f4xx_cryp_aes.o(i.CRYP_AES_CCM) refers to stm32f4xx_cryp.o(i.CRYP_PhaseConfig) for CRYP_PhaseConfig
    stm32f4xx_cryp_aes.o(i.CRYP_AES_CCM) refers to stm32f4xx_cryp.o(i.CRYP_DataIn) for CRYP_DataIn
[...]
    TIM_OC1Init                              0x08005049   Thumb Code   114  stm32f4xx_tim.o(i.TIM_OC1Init)
    TIM_OC1PreloadConfig                     0x080050c5   Thumb Code    18  stm32f4xx_tim.o(i.TIM_OC1PreloadConfig)
    TIM_OC2Init                              0x080050d9   Thumb Code   154  stm32f4xx_tim.o(i.TIM_OC2Init)
    TIM_OC2PreloadConfig                     0x0800517d   Thumb Code    26  stm32f4xx_tim.o(i.TIM_OC2PreloadConfig)
    TIM_OC4Init                              0x08005199   Thumb Code   112  stm32f4xx_tim.o(i.TIM_OC4Init)
    TIM_OC4PreloadConfig                     0x08005211   Thumb Code    26  stm32f4xx_tim.o(i.TIM_OC4PreloadConfig)
    TIM_SetCompare1                          0x0800522b   Thumb Code     4  stm32f4xx_tim.o(i.TIM_SetCompare1)
    TIM_SetCompare2                          0x0800522f   Thumb Code     4  stm32f4xx_tim.o(i.TIM_SetCompare2)
    TIM_SetCompare4                          0x08005233   Thumb Code     4  stm32f4xx_tim.o(i.TIM_SetCompare4)
    TIM_TimeBaseInit                         0x08005239   Thumb Code   104  stm32f4xx_tim.o(i.TIM_TimeBaseInit)
    USART1_IRQHandler                        0x080052bd   Thumb Code   216  remote_control.o(i.USART1_IRQHandler)
    USART_ClearFlag                          0x080053ad   Thumb Code    18  stm32f4xx_usart.o(i.USART_ClearFlag)
    USART_Cmd                                0x080053bf   Thumb Code    24  stm32f4xx_usart.o(i.USART_Cmd)
    USART_DMACmd                             0x080053d7   Thumb Code    18  stm32f4xx_usart.o(i.USART_DMACmd)
    USART_DeInit                             0x080053e9   Thumb Code   206  stm32f4xx_usart.o(i.USART_DeInit)
    USART_GetITStatus                        0x080054d9   Thumb Code    84  stm32f4xx_usart.o(i.USART_GetITStatus)
    USART_ITConfig                           0x0800552d   Thumb Code    74  stm32f4xx_usart.o(i.USART_ITConfig)
    USART_Init                               0x08005579   Thumb Code   204  stm32f4xx_usart.o(i.USART_Init)
    USART_ReceiveData                        0x0800564d   Thumb Code    10  stm32f4xx_usart.o(i.USART_ReceiveData)
    UsageFault_Handler                       0x08005657   Thumb Code     4  stm32f4xx_it.o(i.UsageFault_Handler)
    UserTask                                 0x0800565d   Thumb Code   102  user_task.o(i.UserTask)
    __ARM_fpclassifyf                        0x080056d1   Thumb Code    38  fpclassifyf.o(i.__ARM_fpclassifyf)
    __hardfp_asinf                           0x080056f9   Thumb Code   258  asinf.o(i.__hardfp_asinf)
    __hardfp_atan2f                          0x08005825   Thumb Code   502  atan2f.o(i.__hardfp_atan2f)
    __hardfp_fabs                            0x08005a75   Thumb Code    20  fabs.o(i.__hardfp_fabs)
    __mathlib_flt_infnan                     0x08005a89   Thumb Code     6  funder.o(i.__mathlib_flt_infnan)
    __mathlib_flt_infnan2                    0x08005a8f   Thumb Code     6  funder.o(i.__mathlib_flt_infnan2)
    __mathlib_flt_invalid                    0x08005a95   Thumb Code    10  funder.o(i.__mathlib_flt_invalid)
    __mathlib_flt_underflow                  0x08005aa5   Thumb Code    10  funder.o(i.__mathlib_flt_underflow)
    abs_limit                                0x08005ab5   Thumb Code    48  user_lib.o(i.abs_limit)
    buzzer_init                              0x08005fad   Thumb Code   174  buzzer.o(i.buzzer_init)
    buzzer_off                               0x08006065   Thumb Code    12  buzzer.o(i.buzzer_off)
    buzzer_on                                0x08006075   Thumb Code    22  buzzer.o(i.buzzer_on)
    cali_param_init                          0x0800649d   Thumb Code   168  calibrate_task.o(i.cali_param_init)
    calibrate_task                           0x08006555   Thumb Code   304  calibrate_task.o(i.calibrate_task)
    chassis_behaviour_control_set            0x0800669d   Thumb Code   156  chassis_behaviour.o(i.chassis_behaviour_control_set)
    chassis_behaviour_mode_set               0x0800673d   Thumb Code   150  chassis_behaviour.o(i.chassis_behaviour_mode_set)
    chassis_rc_to_control_vector             0x08006e81   Thumb Code   320  chassis_task.o(i.chassis_rc_to_control_vector)
    chassis_task                             0x0800722d   Thumb Code   196  chassis_task.o(i.chassis_task)
    cmd_cali_gimbal_hook                     0x08007379   Thumb Code   194  gimbal_task.o(i.cmd_cali_gimbal_hook)
    delay_init                               0x08007445   Thumb Code    90  delay.o(i.delay_init)
    delay_ms                                 0x080074b1   Thumb Code    76  delay.o(i.delay_ms)
    delay_us                                 0x08007501   Thumb Code    76  delay.o(i.delay_us)
    first_order_filter_cali                  0x08007551   Thumb Code    84  user_lib.o(i.first_order_filter_cali)
    first_order_filter_init                  0x080075a5   Thumb Code    32  user_lib.o(i.first_order_filter_init)
    flash_read                               0x080075c9   Thumb Code    32  flash.o(i.flash_read)
    flash_write_single_address               0x080075e9   Thumb Code   184  flash.o(i.flash_write_single_address)
    flow_led_off                             0x080076a1   Thumb Code    20  led.o(i.flow_led_off)
    flow_led_on                              0x080076b9   Thumb Code    20  led.o(i.flow_led_on)
    fp32_constrain                           0x080076d1   Thumb Code    42  user_lib.o(i.fp32_constrain)
    fric1_on                                 0x080076fd   Thumb Code    14  fric.o(i.fric1_on)
    fric2_on                                 0x08007711   Thumb Code    14  fric.o(i.fric2_on)
    fric_PWM_configuration                   0x08007725   Thumb Code   306  fric.o(i.fric_PWM_configuration)
    fric_off                                 0x08007869   Thumb Code    24  fric.o(i.fric_off)
    get_Chassis_Motor_Measure_Point          0x080078bd   Thumb Code    18  can_receive.o(i.get_Chassis_Motor_Measure_Point)
    get_INS_angle_point                      0x080078d5   Thumb Code     4  ins_task.o(i.get_INS_angle_point)
    get_MPU6500_Gyro_Data_Point              0x080078dd   Thumb Code     4  ins_task.o(i.get_MPU6500_Gyro_Data_Point)
    get_Pitch_Gimbal_Motor_Measure_Point     0x080078e5   Thumb Code     4  can_receive.o(i.get_Pitch_Gimbal_Motor_Measure_Point)
    get_Trigger_Motor_Measure_Point          0x080078ed   Thumb Code     4  can_receive.o(i.get_Trigger_Motor_Measure_Point)
    get_Yaw_Gimbal_Motor_Measure_Point       0x080078f5   Thumb Code     4  can_receive.o(i.get_Yaw_Gimbal_Motor_Measure_Point)
    get_angle                                0x080078fd   Thumb Code   232  ahrs.o(i.get_angle)
    get_control_temperate                    0x080079e5   Thumb Code     8  calibrate_task.o(i.get_control_temperate)
    get_pitch_motor_point                    0x080079f1   Thumb Code     4  gimbal_task.o(i.get_pitch_motor_point)
    get_remote_control_point                 0x080079f9   Thumb Code     4  remote_control.o(i.get_remote_control_point)
    get_temprate                             0x08007a01   Thumb Code    80  adc.o(i.get_temprate)
    get_yaw_motor_point                      0x08007a5d   Thumb Code     4  gimbal_task.o(i.get_yaw_motor_point)
    gimbal_behaviour_control_set             0x08007b9d   Thumb Code   340  gimbal_behaviour.o(i.gimbal_behaviour_control_set)
    gimbal_behaviour_mode_set                0x08007d15   Thumb Code   134  gimbal_behaviour.o(i.gimbal_behaviour_mode_set)
    gimbal_cmd_to_chassis_stop               0x08008215   Thumb Code    38  gimbal_behaviour.o(i.gimbal_cmd_to_chassis_stop)
    gimbal_cmd_to_shoot_stop                 0x08008241   Thumb Code    30  gimbal_behaviour.o(i.gimbal_cmd_to_shoot_stop)
    gyro_offset                              0x0800859d   Thumb Code    98  mpu6500driver.o(i.gyro_offset)
    ist8310_GPIO_init                        0x08008605   Thumb Code    84  ist8310driver_middleware.o(i.ist8310_GPIO_init)
    ist8310_IIC_read_single_reg              0x0800865d   Thumb Code    40  ist8310driver_middleware.o(i.ist8310_IIC_read_single_reg)
    ist8310_IIC_write_single_reg             0x08008689   Thumb Code    32  ist8310driver_middleware.o(i.ist8310_IIC_write_single_reg)
    ist8310_RST_H                            0x080086ad   Thumb Code    12  ist8310driver_middleware.o(i.ist8310_RST_H)
    ist8310_RST_L                            0x080086bd   Thumb Code    12  ist8310driver_middleware.o(i.ist8310_RST_L)
    ist8310_auto_com_by_mpu6500              0x080086cd   Thumb Code    20  ist8310driver_middleware.o(i.ist8310_auto_com_by_mpu6500)
    ist8310_com_init                         0x080086e5   Thumb Code     2  ist8310driver_middleware.o(i.ist8310_com_init)
    ist8310_delay_ms                         0x080086e7   Thumb Code    12  ist8310driver_middleware.o(i.ist8310_delay_ms)
    ist8310_delay_us                         0x080086f3   Thumb Code    12  ist8310driver_middleware.o(i.ist8310_delay_us)
    ist8310_init                             0x08008701   Thumb Code   140  ist8310driver.o(i.ist8310_init)
    ist8310_read_over                        0x08008791   Thumb Code   126  ist8310driver.o(i.ist8310_read_over)
    laser_configuration                      0x08008815   Thumb Code    54  laser.o(i.laser_configuration)
    laser_off                                0x08008851   Thumb Code    14  laser.o(i.laser_off)
    laser_on                                 0x08008865   Thumb Code    14  laser.o(i.laser_on)
    led_configuration                        0x08008879   Thumb Code    94  led.o(i.led_configuration)
    led_green_off                            0x080088e5   Thumb Code    14  led.o(i.led_green_off)
    led_green_on                             0x080088f9   Thumb Code    14  led.o(i.led_green_on)
    led_red_off                              0x0800890d   Thumb Code    14  led.o(i.led_red_off)
    led_red_toggle                           0x08008921   Thumb Code    14  led.o(i.led_red_toggle)
    loop_fp32_constrain                      0x08008935   Thumb Code    96  user_lib.o(i.loop_fp32_constrain)
    main                                     0x08008995   Thumb Code    22  main.o(i.main)
    mpu6500_GPIO_init                        0x080089e1   Thumb Code    48  mpu6500driver_middleware.o(i.mpu6500_GPIO_init)
    mpu6500_SPI_NS_H                         0x08008a15   Thumb Code    12  mpu6500driver_middleware.o(i.mpu6500_SPI_NS_H)
    mpu6500_SPI_NS_L                         0x08008a25   Thumb Code    12  mpu6500driver_middleware.o(i.mpu6500_SPI_NS_L)
    mpu6500_com_init                         0x08008a89   Thumb Code     8  mpu6500driver_middleware.o(i.mpu6500_com_init)
    mpu6500_init                             0x08008a91   Thumb Code   192  mpu6500driver.o(i.mpu6500_init)
    mpu6500_middleware_delay_ms              0x08008b55   Thumb Code    12  mpu6500driver_middleware.o(i.mpu6500_middleware_delay_ms)
    mpu6500_middleware_delay_us              0x08008b61   Thumb Code    12  mpu6500driver_middleware.o(i.mpu6500_middleware_delay_us)
    mpu6500_read_over                        0x08008b6d   Thumb Code   304  mpu6500driver.o(i.mpu6500_read_over)
    mpu6500_read_single_reg                  0x08008cad   Thumb Code    32  mpu6500driver_middleware.o(i.mpu6500_read_single_reg)
    mpu6500_write_muli_reg                   0x08008ccd   Thumb Code    52  mpu6500driver_middleware.o(i.mpu6500_write_muli_reg)
    mpu6500_write_single_reg                 0x08008d01   Thumb Code    28  mpu6500driver_middleware.o(i.mpu6500_write_single_reg)
    pcTaskGetName                            0x08008d1d   Thumb Code    44  tasks.o(i.pcTaskGetName)
    power_ctrl_configuration                 0x08008d4d   Thumb Code    66  power_ctrl.o(i.power_ctrl_configuration)
    power_ctrl_off                           0x08008d95   Thumb Code    26  power_ctrl.o(i.power_ctrl_off)
    power_ctrl_on                            0x08008db5   Thumb Code    26  power_ctrl.o(i.power_ctrl_on)
    pvPortMalloc                             0x080098b9   Thumb Code   296  heap_4.o(i.pvPortMalloc)
    pvTaskIncrementMutexHeldCount            0x080099f5   Thumb Code    26  tasks.o(i.pvTaskIncrementMutexHeldCount)
    pxPortInitialiseStack                    0x08009a15   Thumb Code    38  port.o(i.pxPortInitialiseStack)
    ramp_calc                                0x08009ac5   Thumb Code    90  user_lib.o(i.ramp_calc)
    ramp_init                                0x08009b21   Thumb Code    40  user_lib.o(i.ramp_init)
    remote_control_init                      0x08009b4d   Thumb Code    16  remote_control.o(i.remote_control_init)
    set_cali_gimbal_hook                     0x08009b61   Thumb Code    28  gimbal_task.o(i.set_cali_gimbal_hook)
    shoot_control_loop                       0x08009d15   Thumb Code   378  shoot.o(i.shoot_control_loop)
    shoot_init                               0x08009f2d   Thumb Code   156  shoot.o(i.shoot_init)
    slove_RC_lost                            0x0800a1e5   Thumb Code    10  remote_control.o(i.slove_RC_lost)
    slove_data_error                         0x0800a1ef   Thumb Code    10  remote_control.o(i.slove_data_error)
    sqrtf                                    0x0800a1f9   Thumb Code    62  sqrtf_full.o(i.sqrtf)
    startTast                                0x0800a239   Thumb Code    24  start_task.o(i.startTast)
    start_task                               0x0800a265   Thumb Code   152  start_task.o(i.start_task)
    temperature_ADC_init                     0x0800a3a1   Thumb Code    80  adc.o(i.temperature_ADC_init)
    toe_is_error                             0x0800a3f5   Thumb Code    20  detect_task.o(i.toe_is_error)
    ulTaskNotifyTake                         0x0800a40d   Thumb Code   108  tasks.o(i.ulTaskNotifyTake)
    uxListRemove                             0x0800a4fb   Thumb Code    40  list.o(i.uxListRemove)
    uxTaskGetStackHighWaterMark              0x0800a525   Thumb Code    34  tasks.o(i.uxTaskGetStackHighWaterMark)
    vListInitialise                          0x0800a54d   Thumb Code    26  list.o(i.vListInitialise)
    vListInitialiseItem                      0x0800a567   Thumb Code     6  list.o(i.vListInitialiseItem)
    vListInsert                              0x0800a56d   Thumb Code    52  list.o(i.vListInsert)
    vListInsertEnd                           0x0800a5a1   Thumb Code    24  list.o(i.vListInsertEnd)
    vPortEnterCritical                       0x0800a5b9   Thumb Code    76  port.o(i.vPortEnterCritical)
    vPortExitCritical                        0x0800a60d   Thumb Code    56  port.o(i.vPortExitCritical)
    vPortFree                                0x0800a649   Thumb Code   140  heap_4.o(i.vPortFree)
    vPortSetupTimerInterrupt                 0x0800a6dd   Thumb Code     2  freertos_middleware.o(i.vPortSetupTimerInterrupt)
    vPortValidateInterruptPriority           0x0800a6e1   Thumb Code   106  port.o(i.vPortValidateInterruptPriority)
    vQueueAddToRegistry                      0x0800a759   Thumb Code    38  queue.o(i.vQueueAddToRegistry)
    vQueueWaitForMessageRestricted           0x0800a785   Thumb Code    74  queue.o(i.vQueueWaitForMessageRestricted)
    vTaskDelay                               0x0800a7d1   Thumb Code    82  tasks.o(i.vTaskDelay)
    vTaskDelete                              0x0800a82d   Thumb Code   202  tasks.o(i.vTaskDelete)
    vTaskMissedYield                         0x0800a921   Thumb Code     8  tasks.o(i.vTaskMissedYield)
    vTaskNotifyGiveFromISR                   0x0800a92d   Thumb Code   216  tasks.o(i.vTaskNotifyGiveFromISR)
    vTaskPlaceOnEventList                    0x0800aa1d   Thumb Code    52  tasks.o(i.vTaskPlaceOnEventList)
    vTaskPlaceOnEventListRestricted          0x0800aa55   Thumb Code    60  tasks.o(i.vTaskPlaceOnEventListRestricted)
    vTaskPriorityInherit                     0x0800aa95   Thumb Code   164  tasks.o(i.vTaskPriorityInherit)
    vTaskSetTimeOutState                     0x0800ab45   Thumb Code    38  tasks.o(i.vTaskSetTimeOutState)
    vTaskStartScheduler                      0x0800ab75   Thumb Code   118  tasks.o(i.vTaskStartScheduler)
    vTaskSuspendAll                          0x0800ac09   Thumb Code    12  tasks.o(i.vTaskSuspendAll)
    vTaskSwitchContext                       0x0800ac19   Thumb Code   118  tasks.o(i.vTaskSwitchContext)
    xPortStartScheduler                      0x0800aca5   Thumb Code   288  port.o(i.xPortStartScheduler)
    xPortSysTickHandler                      0x0800ade1   Thumb Code    46  port.o(i.xPortSysTickHandler)
    xQueueGenericCreate                      0x0800ae15   Thumb Code    88  queue.o(i.xQueueGenericCreate)
    xQueueGenericReceive                     0x0800ae6d   Thumb Code   446  queue.o(i.xQueueGenericReceive)
    xQueueGenericReset                       0x0800b031   Thumb Code   146  queue.o(i.xQueueGenericReset)
    xQueueGenericSend                        0x0800b0c9   Thumb Code   452  queue.o(i.xQueueGenericSend)
    xQueueGenericSendFromISR                 0x0800b291   Thumb Code   264  queue.o(i.xQueueGenericSendFromISR)
    xTaskCheckForTimeOut                     0x0800b399   Thumb Code   132  tasks.o(i.xTaskCheckForTimeOut)
    xTaskCreate                              0x0800b425   Thumb Code    96  tasks.o(i.xTaskCreate)
    xTaskGetHandle                           0x0800b485   Thumb Code   142  tasks.o(i.xTaskGetHandle)
    xTaskGetSchedulerState                   0x0800b529   Thumb Code    24  tasks.o(i.xTaskGetSchedulerState)
    xTaskGetTickCount                        0x0800b549   Thumb Code     6  tasks.o(i.xTaskGetTickCount)
    xTaskIncrementTick                       0x0800b555   Thumb Code   282  tasks.o(i.xTaskIncrementTick)
    xTaskPriorityDisinherit                  0x0800b69d   Thumb Code   188  tasks.o(i.xTaskPriorityDisinherit)
    xTaskRemoveFromEventList                 0x0800b765   Thumb Code   128  tasks.o(i.xTaskRemoveFromEventList)
    xTaskResumeAll                           0x0800b7fd   Thumb Code   224  tasks.o(i.xTaskResumeAll)
    xTimerCreateTimerTask                    0x0800b901   Thumb Code    64  timers.o(i.xTimerCreateTimerTask)
    xTimerGenericCommand                     0x0800b955   Thumb Code   126  timers.o(i.xTimerGenericCommand)
    __aeabi_d2f                              0x0800b9d9   Thumb Code     0  d2f_clz.o(x$fpl$d2f)
    _d2f                                     0x0800b9d9   Thumb Code   700  d2f_clz.o(x$fpl$d2f)
    __fpl_dcmp_Inf                           0x0800bc9d   Thumb Code    24  dcmpi.o(x$fpl$dcmpinf)
    __aeabi_ddiv                             0x0800bcb5   Thumb Code     0  ddiv_clz.o(x$fpl$ddiv)
    _ddiv                                    0x0800bcb5   Thumb Code   748  ddiv_clz.o(x$fpl$ddiv)
    __aeabi_i2d                              0x0800c031   Thumb Code     0  dflt_clz.o(x$fpl$dflt)
    _dflt                                    0x0800c031   Thumb Code    46  dflt_clz.o(x$fpl$dflt)
    __dflt_normalise                         0x0800c05f   Thumb Code    26  dflt_clz.o(x$fpl$dfltn)
    __aeabi_cdcmple                          0x0800c079   Thumb Code     0  dleqf.o(x$fpl$dleqf)
    _dcmple                                  0x0800c079   Thumb Code   120  dleqf.o(x$fpl$dleqf)
    __fpl_dcmple_InfNaN                      0x0800c0d1   Thumb Code     0  dleqf.o(x$fpl$dleqf)
    __fpl_dnaninf                            0x0800c0f1   Thumb Code   258  dnaninf.o(x$fpl$dnaninf)
    __fpl_drenorm2                           0x0800c1f3   Thumb Code   106  drenorm_clz.o(x$fpl$drenorm)
    __fpl_drenorm1                           0x0800c25d   Thumb Code     6  drenorm_clz.o(x$fpl$drenorm)
    __fpl_dretinf                            0x0800c263   Thumb Code    12  dretinf.o(x$fpl$dretinf)
    __aeabi_cdrcmple                         0x0800c26f   Thumb Code     0  drleqf.o(x$fpl$drleqf)
    _drcmple                                 0x0800c26f   Thumb Code    98  drleqf.o(x$fpl$drleqf)
    __dunder                                 0x0800c2d1   Thumb Code   314  dunder_clz.o(x$fpl$dunder)
    __dunder_d                               0x0800c40b   Thumb Code    64  dunder_clz.o(x$fpl$dunder)
    __fpl_exception                          0x0800c44d   Thumb Code   454  except.o(x$fpl$exception)
    __aeabi_f2d                              0x0800c639   Thumb Code     0  f2d.o(x$fpl$f2d)
    _f2d                                     0x0800c639   Thumb Code   122  f2d.o(x$fpl$f2d)
    __fpl_fnaninf                            0x0800c6b3   Thumb Code   242  fnaninf.o(x$fpl$fnaninf)
    _fp_init                                 0x0800c7a5   Thumb Code    10  fpinit.o(x$fpl$fpinit)
    __fplib_config_fpu_vfp                   0x0800c7ad   Thumb Code     0  fpinit.o(x$fpl$fpinit)
    __fplib_config_pureend_doubles           0x0800c7ad   Thumb Code     0  fpinit.o(x$fpl$fpinit)
    __fpl_fretinf                            0x0800c7af   Thumb Code    10  fretinf.o(x$fpl$fretinf)
    __funder                                 0x0800c7b9   Thumb Code   254  funder_clz.o(x$fpl$funder)
    __funder_d                               0x0800c8b7   Thumb Code    62  funder_clz.o(x$fpl$funder)
    __fpl_return_NaN                         0x0800c8f5   Thumb Code   178  retnan.o(x$fpl$retnan)
    _fp_trapveneer                           0x0800c9a7   Thumb Code    36  trapv.o(x$fpl$trapveneer)
    __fpl_cmpreturn                          0x0800c9cb   Thumb Code    90  trapv.o(x$fpl$trapveneer)
    __I$use$fp                               0x0800ca24   Number         0  usenofp.o(x$fpl$usenofp)
    sinTable_f32                             0x0800cb40   Data        2052  arm_common_tables.o(.constdata)
    Region$$Table$$Base                      0x0800d344   Number         0  anon$$obj.o(Region$$Table)
    Region$$Table$$Limit                     0x0800d364   Number         0  anon$$obj.o(Region$$Table)
    SystemCoreClock                          0x20000000   Data           4  system_stm32f4xx.o(.data)
    AHBPrescTable                            0x20000004   Data          16  system_stm32f4xx.o(.data)
    pxCurrentTCB                             0x20000024   Data           4  tasks.o(.data)
    calibrate_task_stack                     0x200000a4   Data           4  calibrate_task.o(.data)
    cali_hook_fun                            0x200000d0   Data          20  calibrate_task.o(.data)
    chassis_high_water                       0x20000110   Data           4  chassis_task.o(.data)
    DetectTaskStack                          0x20000114   Data           4  detect_task.o(.data)
    FreeRTOSRunTimeTicks                     0x20000128   Data           8  freertos_middleware.o(.data)
    test                                     0x20000131   Data           1  gimbal_behaviour.o(.data)
    gimbal_high_water                        0x20000154   Data           4  gimbal_task.o(.data)
    INSTaskStack                             0x2000016c   Data           4  ins_task.o(.data)
    GIMBALTask_Handler                       0x2000020c   Data           4  start_task.o(.data)
    ChassisTask_Handler                      0x20000210   Data           4  start_task.o(.data)
    UserTaskStack                            0x20000224   Data           4  user_task.o(.data)
    xQueueRegistry                           0x20000238   Data          64  queue.o(.bss)
    tx2                                      0x20020cf0   Data          36  gimbal_task.o(.bss)
    angle_degree                             0x20020f58   Data          12  user_task.o(.bss)
    __libspace_start                         0x20020f64   Data          96  libspace.o(.bss)
    __temporary_stack_top$libspace           0x20020fc4   Data           0  libspace.o(.bss)



==============================================================================

Memory Map of the image

  Image Entry point : 0x080001ad

  Load Region LR_IROM1 (Base: 0x08000000, Size: 0x0000d59c, Max: 0x00200000, ABSOLUTE, COMPRESSED[0x0000d3d0])

    Execution Region ER_IROM1 (Exec base: 0x08000000, Load base: 0x08000000, Size: 0x0000d364, Max: 0x00200000, ABSOLUTE)

    Exec Addr    Load Addr    Size         Type   Attr      Idx    E Section Name        Object

    0x08000000   0x08000000   0x000001ac   Data   RO            3    RESET               startup_stm32f427xx.o
    0x080001ac   0x080001ac   0x00000008   Code   RO         9005  * !!!main             c_w.l(__main.o)
    0x080001b4   0x080001b4   0x00000034   Code   RO         9316    !!!scatter          c_w.l(__scatter.o)
    0x080001e8   0x080001e8   0x0000005a   Code   RO         9314    !!dczerorl2         c_w.l(__dczerorl2.o)
    0x08000242   0x08000242   0x00000002   PAD
    0x08000244   0x08000244   0x0000001c   Code   RO         9318    !!handler_zi        c_w.l(__scatter_zi.o)
    0x08000260   0x08000260   0x00000002   Code   RO         9187    .ARM.Collect$$libinit$$00000000  c_w.l(libinit.o)
    0x08000262   0x08000262   0x00000004   Code   RO         9196    .ARM.Collect$$libinit$$00000001  c_w.l(libinit2.o)
    0x08000266   0x08000266   0x00000000   Code   RO         9199    .ARM.Collect$$libinit$$00000004  c_w.l(libinit2.o)
    0x08000266   0x08000266   0x00000000   Code   RO         9202    .ARM.Collect$$libinit$$0000000A  c_w.l(libinit2.o)
    0x08000266   0x08000266   0x00000000   Code   RO         9204    .ARM.Collect$$libinit$$0000000C  c_w.l(libinit2.o)
    0x08000266   0x08000266   0x00000000   Code   RO         9206    .ARM.Collect$$libinit$$0000000E  c_w.l(libinit2.o)
    0x08000266   0x08000266   0x00000000   Code   RO         9209    .ARM.Collect$$libinit$$00000011  c_w.l(libinit2.o)
    0x08000266   0x08000266   0x00000000   Code   RO         9211    .ARM.Collect$$libinit$$00000013  c_w.l(libinit2.o)
    0x08000266   0x08000266   0x00000000   Code   RO         9213    .ARM.Collect$$libinit$$00000015  c_w.l(libinit2.o)
    0x08000266   0x08000266   0x00000000   Code   RO         9215    .ARM.Collect$$libinit$$00000017  c_w.l(libinit2.o)
    0x08000266   0x08000266   0x00000000   Code   RO         9217    .ARM.Collect$$libinit$$00000019  c_w.l(libinit2.o)
    0x08000266   0x08000266   0x00000000   Code   RO         9219    .ARM.Collect$$libinit$$0000001B  c_w.l(libinit2.o)
    0x08000266   0x08000266   0x00000000   Code   RO         9221    .ARM.Collect$$libinit$$0000001D  c_w.l(libinit2.o)
    0x08000266   0x08000266   0x00000000   Code   RO         9223    .ARM.Collect$$libinit$$0000001F  c_w.l(libinit2.o)
    0x08000266   0x08000266   0x00000000   Code   RO         9225    .ARM.Collect$$libinit$$00000021  c_w.l(libinit2.o)
    0x08000266   0x08000266   0x00000000   Code   RO         9227    .ARM.Collect$$libinit$$00000023  c_w.l(libinit2.o)
    0x08000266   0x08000266   0x00000000   Code   RO         9229    .ARM.Collect$$libinit$$00000025  c_w.l(libinit2.o)
    0x08000266   0x08000266   0x00000000   Code   RO         9233    .ARM.Collect$$libinit$$0000002C  c_w.l(libinit2.o)
    0x08000266   0x08000266   0x00000000   Code   RO         9235    .ARM.Collect$$libinit$$0000002E  c_w.l(libinit2.o)
    0x08000266   0x08000266   0x00000000   Code   RO         9237    .ARM.Collect$$libinit$$00000030  c_w.l(libinit2.o)
    0x08000266   0x08000266   0x00000000   Code   RO         9239    .ARM.Collect$$libinit$$00000032  c_w.l(libinit2.o)
    0x08000266   0x08000266   0x00000002   Code   RO         9240    .ARM.Collect$$libinit$$00000033  c_w.l(libinit2.o)
    0x08000268   0x08000268   0x00000002   Code   RO         9271    .ARM.Collect$$libshutdown$$00000000  c_w.l(libshutdown.o)
    0x0800026a   0x0800026a   0x00000000   Code   RO         9297    .ARM.Collect$$libshutdown$$00000002  c_w.l(libshutdown2.o)
    0x0800026a   0x0800026a   0x00000000   Code   RO         9299    .ARM.Collect$$libshutdown$$00000004  c_w.l(libshutdown2.o)
    0x0800026a   0x0800026a   0x00000000   Code   RO         9302    .ARM.Collect$$libshutdown$$00000007  c_w.l(libshutdown2.o)
    0x0800026a   0x0800026a   0x00000000   Code   RO         9305    .ARM.Collect$$libshutdown$$0000000A  c_w.l(libshutdown2.o)
    0x0800026a   0x0800026a   0x00000000   Code   RO         9307    .ARM.Collect$$libshutdown$$0000000C  c_w.l(libshutdown2.o)
    0x0800026a   0x0800026a   0x00000000   Code   RO         9310    .ARM.Collect$$libshutdown$$0000000F  c_w.l(libshutdown2.o)
    0x0800026a   0x0800026a   0x00000002   Code   RO         9311    .ARM.Collect$$libshutdown$$00000010  c_w.l(libshutdown2.o)
    0x0800026c   0x0800026c   0x00000000   Code   RO         9079    .ARM.Collect$$rtentry$$00000000  c_w.l(__rtentry.o)
    0x0800026c   0x0800026c   0x00000000   Code   RO         9146    .ARM.Collect$$rtentry$$00000002  c_w.l(__rtentry2.o)
    0x0800026c   0x0800026c   0x00000006   Code   RO         9158    .ARM.Collect$$rtentry$$00000004  c_w.l(__rtentry4.o)
    0x08000272   0x08000272   0x00000000   Code   RO         9148    .ARM.Collect$$rtentry$$00000009  c_w.l(__rtentry2.o)
    0x08000272   0x08000272   0x00000004   Code   RO         9149    .ARM.Collect$$rtentry$$0000000A  c_w.l(__rtentry2.o)
    0x08000276   0x08000276   0x00000000   Code   RO         9151    .ARM.Collect$$rtentry$$0000000C  c_w.l(__rtentry2.o)
    0x08000276   0x08000276   0x00000008   Code   RO         9152    .ARM.Collect$$rtentry$$0000000D  c_w.l(__rtentry2.o)
    0x0800027e   0x0800027e   0x00000002   Code   RO         9188    .ARM.Collect$$rtexit$$00000000  c_w.l(rtexit.o)
    0x08000280   0x08000280   0x00000000   Code   RO         9244    .ARM.Collect$$rtexit$$00000002  c_w.l(rtexit2.o)
    0x08000280   0x08000280   0x00000004   Code   RO         9245    .ARM.Collect$$rtexit$$00000003  c_w.l(rtexit2.o)
    0x08000284   0x08000284   0x00000006   Code   RO         9246    .ARM.Collect$$rtexit$$00000004  c_w.l(rtexit2.o)
    0x0800028a   0x0800028a   0x00000002   PAD
    0x0800028c   0x0800028c   0x000000b6   Code   RO         6325    .emb_text           port.o
    0x08000342   0x08000342   0x00000002   PAD
    0x08000344   0x08000344   0x0000004c   Code   RO            4    .text               startup_stm32f427xx.o
    0x08000390   0x08000390   0x00000078   Code   RO         8800    .text               arm_cortexM4lf_math.lib(arm_cos_f32.o)
    0x08000408   0x08000408   0x00000074   Code   RO         8853    .text               arm_cortexM4lf_math.lib(arm_sin_f32.o)
    0x0800047c   0x0800047c   0x0000003e   Code   RO         8993    .text               c_w.l(strlen.o)
    0x080004ba   0x080004ba   0x0000008a   Code   RO         8995    .text               c_w.l(rt_memcpy_v6.o)
    0x08000544   0x08000544   0x00000064   Code   RO         8997    .text               c_w.l(rt_memcpy_w.o)
    0x080005a8   0x080005a8   0x00000010   Code   RO         8999    .text               c_w.l(aeabi_memset.o)
    0x080005b8   0x080005b8   0x0000004e   Code   RO         9001    .text               c_w.l(rt_memclr_w.o)
    0x08000606   0x08000606   0x00000006   Code   RO         9003    .text               c_w.l(heapauxi.o)
    0x0800060c   0x0800060c   0x00000016   Code   RO         9080    .text               c_w.l(_rserrno.o)
    0x08000622   0x08000622   0x00000044   Code   RO         9091    .text               c_w.l(rt_memclr.o)
    0x08000666   0x08000666   0x00000002   PAD
    0x08000668   0x08000668   0x00000008   Code   RO         9163    .text               c_w.l(rt_errno_addr_intlibspace.o)
    0x08000670   0x08000670   0x00000030   Code   RO         9165    .text               c_w.l(_fptrap.o)
    0x080006a0   0x080006a0   0x00000008   Code   RO         9171    .text               c_w.l(libspace.o)
    0x080006a8   0x080006a8   0x0000004a   Code   RO         9174    .text               c_w.l(sys_stackheap_outer.o)
    0x080006f2   0x080006f2   0x00000012   Code   RO         9176    .text               c_w.l(exit.o)
    0x08000704   0x08000704   0x0000000e   Code   RO         9178    .text               c_w.l(defsig_fpe_outer.o)
    0x08000712   0x08000712   0x0000000a   Code   RO         9192    .text               c_w.l(defsig_exit.o)
    0x0800071c   0x0800071c   0x000000ac   Code   RO         9194    .text               c_w.l(defsig_fpe_inner.o)
    0x080007c8   0x080007c8   0x0000000c   Code   RO         9241    .text               c_w.l(sys_exit.o)
    0x080007d4   0x080007d4   0x00000032   Code   RO         9252    .text               c_w.l(defsig_general.o)
    0x08000806   0x08000806   0x0000000e   Code   RO         9258    .text               c_w.l(sys_wrch.o)
    0x08000814   0x08000814   0x00000002   Code   RO         9260    .text               c_w.l(use_no_semi.o)
    0x08000816   0x08000816   0x00000000   Code   RO         9262    .text               c_w.l(indicate_semi.o)
    0x08000816   0x08000816   0x00000006   Code   RO          353    i.ADC_ClearFlag     stm32f4xx_adc.o
    0x0800081c   0x0800081c   0x00000016   Code   RO          355    i.ADC_Cmd           stm32f4xx_adc.o
    0x08000832   0x08000832   0x00000002   PAD
    0x08000834   0x08000834   0x00000030   Code   RO          356    i.ADC_CommonInit    stm32f4xx_adc.o
    0x08000864   0x08000864   0x00000008   Code   RO          367    i.ADC_GetConversionValue  stm32f4xx_adc.o
    0x0800086c   0x0800086c   0x00000012   Code   RO          368    i.ADC_GetFlagStatus  stm32f4xx_adc.o
    0x0800087e   0x0800087e   0x00000002   PAD
    0x08000880   0x08000880   0x00000054   Code   RO          375    i.ADC_Init          stm32f4xx_adc.o
    0x080008d4   0x080008d4   0x000000b8   Code   RO          380    i.ADC_RegularChannelConfig  stm32f4xx_adc.o
    0x0800098c   0x0800098c   0x0000000a   Code   RO          382    i.ADC_SoftwareStartConv  stm32f4xx_adc.o
    0x08000996   0x08000996   0x00000002   PAD
    0x08000998   0x08000998   0x0000002c   Code   RO          385    i.ADC_TempSensorVrefintCmd  stm32f4xx_adc.o
    0x080009c4   0x080009c4   0x00000018   Code   RO         6400    i.AHRS_asinf        ahrs_middleware.o
    0x080009dc   0x080009dc   0x00000020   Code   RO         6401    i.AHRS_atan2f       ahrs_middleware.o
    0x080009fc   0x080009fc   0x00000018   Code   RO         6402    i.AHRS_cosf         ahrs_middleware.o
    0x08000a14   0x08000a14   0x0000001a   Code   RO         8710    i.AHRS_fabs         AHRS.lib(ahrs.o)
    0x08000a2e   0x08000a2e   0x00000002   PAD
    0x08000a30   0x08000a30   0x00000010   Code   RO         6403    i.AHRS_get_height   ahrs_middleware.o
    0x08000a40   0x08000a40   0x00000010   Code   RO         6404    i.AHRS_get_latitude  ahrs_middleware.o
    0x08000a50   0x08000a50   0x0000029c   Code   RO         8711    i.AHRS_init         AHRS.lib(ahrs.o)
    0x08000cec   0x08000cec   0x0000003c   Code   RO         6405    i.AHRS_invSqrt      ahrs_middleware.o
    0x08000d28   0x08000d28   0x00000018   Code   RO         6406    i.AHRS_sinf         ahrs_middleware.o
    0x08000d40   0x08000d40   0x0000013a   Code   RO         8712    i.AHRS_update       AHRS.lib(ahrs.o)
    0x08000e7a   0x08000e7a   0x0000007a   Code   RO         6870    i.BSP_init          main.o
    0x08000ef4   0x08000ef4   0x00000004   Code   RO           13    i.BusFault_Handler  stm32f4xx_it.o
    0x08000ef8   0x08000ef8   0x00000030   Code   RO         7799    i.CAN1_RX0_IRQHandler  can_receive.o
    0x08000f28   0x08000f28   0x00000110   Code   RO         7136    i.CAN1_mode_init    can.o
    0x08001038   0x08001038   0x00000030   Code   RO         7800    i.CAN2_RX0_IRQHandler  can_receive.o
    0x08001068   0x08001068   0x00000114   Code   RO         7137    i.CAN2_mode_init    can.o
    0x0800117c   0x0800117c   0x00000064   Code   RO         7801    i.CAN_CMD_CHASSIS   can_receive.o
    0x080011e0   0x080011e0   0x0000004c   Code   RO         7803    i.CAN_CMD_GIMBAL    can_receive.o
    0x0800122c   0x0800122c   0x00000058   Code   RO         7805    i.CAN_CMD_TX2       can_receive.o
    0x08001284   0x08001284   0x000000a8   Code   RO          597    i.CAN_ClearITPendingBit  stm32f4xx_can.o
    0x0800132c   0x0800132c   0x00000108   Code   RO          601    i.CAN_FilterInit    stm32f4xx_can.o
    0x08001434   0x08001434   0x0000003c   Code   RO         7806    i.CAN_GIMBAL_TO_CAN2  can_receive.o
    0x08001470   0x08001470   0x00000120   Code   RO          603    i.CAN_GetITStatus   stm32f4xx_can.o
    0x08001590   0x08001590   0x00000012   Code   RO          607    i.CAN_ITConfig      stm32f4xx_can.o
    0x080015a2   0x080015a2   0x00000114   Code   RO          608    i.CAN_Init          stm32f4xx_can.o
    0x080016b6   0x080016b6   0x000000f0   Code   RO          611    i.CAN_Receive       stm32f4xx_can.o
    0x080017a6   0x080017a6   0x00000126   Code   RO          616    i.CAN_Transmit      stm32f4xx_can.o
    0x080018cc   0x080018cc   0x000002b0   Code   RO         7807    i.CAN_hook          can_receive.o
    0x08001b7c   0x08001b7c   0x00000012   Code   RO          619    i.CheckITStatus     stm32f4xx_can.o
    0x08001b8e   0x08001b8e   0x00000002   PAD
    0x08001b90   0x08001b90   0x00000058   Code   RO         8393    i.DMA2_Stream5_IRQHandler  ins_task.o
    0x08001be8   0x08001be8   0x00000034   Code   RO         1374    i.DMA_ClearFlag     stm32f4xx_dma.o
    0x08001c1c   0x08001c1c   0x00000034   Code   RO         1375    i.DMA_ClearITPendingBit  stm32f4xx_dma.o
    0x08001c50   0x08001c50   0x00000016   Code   RO         1376    i.DMA_Cmd           stm32f4xx_dma.o
    0x08001c66   0x08001c66   0x00000002   PAD
    0x08001c68   0x08001c68   0x00000158   Code   RO         1377    i.DMA_DeInit        stm32f4xx_dma.o
    0x08001dc0   0x08001dc0   0x00000016   Code   RO         1378    i.DMA_DoubleBufferModeCmd  stm32f4xx_dma.o
    0x08001dd6   0x08001dd6   0x00000018   Code   RO         1379    i.DMA_DoubleBufferModeConfig  stm32f4xx_dma.o
    0x08001dee   0x08001dee   0x00000014   Code   RO         1381    i.DMA_GetCmdStatus  stm32f4xx_dma.o
    0x08001e02   0x08001e02   0x00000008   Code   RO         1382    i.DMA_GetCurrDataCounter  stm32f4xx_dma.o
    0x08001e0a   0x08001e0a   0x00000014   Code   RO         1383    i.DMA_GetCurrentMemoryTarget  stm32f4xx_dma.o
    0x08001e1e   0x08001e1e   0x00000002   PAD
    0x08001e20   0x08001e20   0x00000044   Code   RO         1385    i.DMA_GetFlagStatus  stm32f4xx_dma.o
    0x08001e64   0x08001e64   0x0000003a   Code   RO         1387    i.DMA_ITConfig      stm32f4xx_dma.o
    0x08001e9e   0x08001e9e   0x00000002   PAD
    0x08001ea0   0x08001ea0   0x00000058   Code   RO         1388    i.DMA_Init          stm32f4xx_dma.o
    0x08001ef8   0x08001ef8   0x00000004   Code   RO         1391    i.DMA_SetCurrDataCounter  stm32f4xx_dma.o
    0x08001efc   0x08001efc   0x00000002   Code   RO           14    i.DebugMon_Handler  stm32f4xx_it.o
    0x08001efe   0x08001efe   0x00000002   PAD
    0x08001f00   0x08001f00   0x000000d0   Code   RO         8061    i.DetectDisplay     detect_task.o
    0x08001fd0   0x08001fd0   0x00000124   Code   RO         8062    i.DetectHook        detect_task.o
    0x080020f4   0x080020f4   0x00000184   Code   RO         8063    i.DetectInit        detect_task.o
    0x08002278   0x08002278   0x00000294   Code   RO         8064    i.DetectTask        detect_task.o
    0x0800250c   0x0800250c   0x00000020   Code   RO         8394    i.EXTI9_5_IRQHandler  ins_task.o
    0x0800252c   0x0800252c   0x0000000c   Code   RO         1660    i.EXTI_ClearITPendingBit  stm32f4xx_exti.o
    0x08002538   0x08002538   0x00000018   Code   RO         1664    i.EXTI_GetITStatus  stm32f4xx_exti.o
    0x08002550   0x08002550   0x00000094   Code   RO         1665    i.EXTI_Init         stm32f4xx_exti.o
    0x080025e4   0x080025e4   0x0000000c   Code   RO         1725    i.FLASH_ClearFlag   stm32f4xx_flash.o
    0x080025f0   0x080025f0   0x00000088   Code   RO         1731    i.FLASH_EraseSector  stm32f4xx_flash.o
    0x08002678   0x08002678   0x00000054   Code   RO         1733    i.FLASH_GetStatus   stm32f4xx_flash.o
    0x080026cc   0x080026cc   0x00000014   Code   RO         1737    i.FLASH_Lock        stm32f4xx_flash.o
    0x080026e0   0x080026e0   0x00000050   Code   RO         1761    i.FLASH_ProgramWord  stm32f4xx_flash.o
    0x08002730   0x08002730   0x00000024   Code   RO         1763    i.FLASH_Unlock      stm32f4xx_flash.o
    0x08002754   0x08002754   0x00000022   Code   RO         1764    i.FLASH_WaitForLastOperation  stm32f4xx_flash.o
    0x08002776   0x08002776   0x00000070   Code   RO         8247    i.GIMBAL_Control_loop  gimbal_task.o
    0x080027e6   0x080027e6   0x00000084   Code   RO         8248    i.GIMBAL_Feedback_Update  gimbal_task.o
    0x0800286a   0x0800286a   0x00000002   PAD
    0x0800286c   0x0800286c   0x00000188   Code   RO         8249    i.GIMBAL_Init       gimbal_task.o
    0x080029f4   0x080029f4   0x000000c0   Code   RO         8250    i.GIMBAL_Mode_Change_Control_Transit  gimbal_task.o
    0x08002ab4   0x08002ab4   0x000000bc   Code   RO         8251    i.GIMBAL_PID_Calc   gimbal_task.o
    0x08002b70   0x08002b70   0x00000030   Code   RO         8252    i.GIMBAL_PID_Init   gimbal_task.o
    0x08002ba0   0x08002ba0   0x000000a4   Code   RO         8253    i.GIMBAL_Set_Contorl  gimbal_task.o
    0x08002c44   0x08002c44   0x00000012   Code   RO         8254    i.GIMBAL_Set_Mode   gimbal_task.o
    0x08002c56   0x08002c56   0x00000002   PAD
    0x08002c58   0x08002c58   0x000000f4   Code   RO         8255    i.GIMBAL_absolute_angle_limit  gimbal_task.o
    0x08002d4c   0x08002d4c   0x0000004a   Code   RO         8256    i.GIMBAL_relative_angle_limit  gimbal_task.o
    0x08002d96   0x08002d96   0x00000002   PAD
    0x08002d98   0x08002d98   0x000000f4   Code   RO         8257    i.GIMBAL_task       gimbal_task.o
    0x08002e8c   0x08002e8c   0x00000088   Code   RO         7210    i.GPIOB_Exti8_GPIO_Init  exit_init.o
    0x08002f14   0x08002f14   0x00000090   Code   RO         2221    i.GPIO_Init         stm32f4xx_gpio.o
    0x08002fa4   0x08002fa4   0x00000046   Code   RO         2222    i.GPIO_PinAFConfig  stm32f4xx_gpio.o
    0x08002fea   0x08002fea   0x00000012   Code   RO         2225    i.GPIO_ReadInputDataBit  stm32f4xx_gpio.o
    0x08002ffc   0x08002ffc   0x00000004   Code   RO         2228    i.GPIO_ResetBits    stm32f4xx_gpio.o
    0x08003000   0x08003000   0x00000004   Code   RO         2229    i.GPIO_SetBits      stm32f4xx_gpio.o
    0x08003004   0x08003004   0x00000008   Code   RO         2231    i.GPIO_ToggleBits   stm32f4xx_gpio.o
    0x0800300c   0x0800300c   0x000001d0   Code   RO         7238    i.GetSector         flash.o
    0x080031dc   0x080031dc   0x000001d4   Code   RO         7239    i.Get_Next_Flash_Address  flash.o
    0x080033b0   0x080033b0   0x00000030   Code   RO         8258    i.Gimbal_PID_clear  gimbal_task.o
    0x080033e0   0x080033e0   0x00000026   Code   RO         8259    i.Gimbal_Send_TX2_Data  gimbal_task.o
    0x08003406   0x08003406   0x00000004   Code   RO           15    i.HardFault_Handler  stm32f4xx_it.o
    0x0800340a   0x0800340a   0x00000002   PAD
    0x0800340c   0x0800340c   0x0000012c   Code   RO         8395    i.IMU_Cali_Slove    ins_task.o
    0x08003538   0x08003538   0x000000c0   Code   RO         8396    i.IMU_temp_Control  ins_task.o
    0x080035f8   0x080035f8   0x00000320   Code   RO         8397    i.INSTask           ins_task.o
    0x08003918   0x08003918   0x00000074   Code   RO         8398    i.INS_cali_gyro     ins_task.o
    0x0800398c   0x0800398c   0x00000020   Code   RO         8399    i.INS_set_cali_gyro  ins_task.o
    0x080039ac   0x080039ac   0x00000004   Code   RO           16    i.MemManage_Handler  stm32f4xx_it.o
    0x080039b0   0x080039b0   0x00000002   Code   RO           17    i.NMI_Handler       stm32f4xx_it.o
    0x080039b2   0x080039b2   0x00000002   PAD
    0x080039b4   0x080039b4   0x00000078   Code   RO          301    i.NVIC_Init         misc.o
    0x08003a2c   0x08003a2c   0x00000014   Code   RO          302    i.NVIC_PriorityGroupConfig  misc.o
    0x08003a40   0x08003a40   0x000001f0   Code   RO         8498    i.PID_Calc          pid.o
    0x08003c30   0x08003c30   0x00000060   Code   RO         8499    i.PID_Init          pid.o
    0x08003c90   0x08003c90   0x0000004c   Code   RO         8500    i.PID_clear         pid.o
    0x08003cdc   0x08003cdc   0x00000020   Code   RO         3159    i.RCC_AHB1PeriphClockCmd  stm32f4xx_rcc.o
    0x08003cfc   0x08003cfc   0x00000020   Code   RO         3168    i.RCC_APB1PeriphClockCmd  stm32f4xx_rcc.o
    0x08003d1c   0x08003d1c   0x00000020   Code   RO         3170    i.RCC_APB1PeriphResetCmd  stm32f4xx_rcc.o
    0x08003d3c   0x08003d3c   0x00000020   Code   RO         3171    i.RCC_APB2PeriphClockCmd  stm32f4xx_rcc.o
    0x08003d5c   0x08003d5c   0x00000020   Code   RO         3173    i.RCC_APB2PeriphResetCmd  stm32f4xx_rcc.o
    0x08003d7c   0x08003d7c   0x000000e8   Code   RO         3180    i.RCC_GetClocksFreq  stm32f4xx_rcc.o
    0x08003e64   0x08003e64   0x0000014c   Code   RO         7516    i.RC_Init           rc.o
    0x08003fb0   0x08003fb0   0x00000010   Code   RO         8528    i.RC_abs            remote_control.o
    0x08003fc0   0x08003fc0   0x000002d8   Code   RO         7691    i.RC_cmd_to_calibrate  calibrate_task.o
    0x08004298   0x08004298   0x00000098   Code   RO         8529    i.RC_data_is_error  remote_control.o
    0x08004330   0x08004330   0x00000054   Code   RO         7517    i.RC_restart        rc.o
    0x08004384   0x08004384   0x00000010   Code   RO         7518    i.RC_unable         rc.o
    0x08004394   0x08004394   0x000000da   Code   RO         8530    i.SBUS_TO_RC        remote_control.o
    0x0800446e   0x0800446e   0x00000002   PAD
    0x08004470   0x08004470   0x000000c0   Code   RO         7594    i.SPI5Init          spi.o
    0x08004530   0x08004530   0x00000030   Code   RO         7595    i.SPI5SetSpeedAndDataSize  spi.o
    0x08004560   0x08004560   0x00000074   Code   RO         7596    i.SPI5_DMA_Enable   spi.o
    0x080045d4   0x080045d4   0x000000f8   Code   RO         7597    i.SPI5_DMA_Init     spi.o
    0x080046cc   0x080046cc   0x00000018   Code   RO         4320    i.SPI_Cmd           stm32f4xx_spi.o
    0x080046e4   0x080046e4   0x00000012   Code   RO         4326    i.SPI_I2S_DMACmd    stm32f4xx_spi.o
    0x080046f6   0x080046f6   0x00000012   Code   RO         4328    i.SPI_I2S_GetFlagStatus  stm32f4xx_spi.o
    0x08004708   0x08004708   0x00000006   Code   RO         4331    i.SPI_I2S_ReceiveData  stm32f4xx_spi.o
    0x0800470e   0x0800470e   0x00000004   Code   RO         4332    i.SPI_I2S_SendData  stm32f4xx_spi.o
    0x08004712   0x08004712   0x0000003c   Code   RO         4333    i.SPI_Init          stm32f4xx_spi.o
    0x0800474e   0x0800474e   0x00000002   PAD
    0x08004750   0x08004750   0x00000040   Code   RO         4485    i.SYSCFG_EXTILineConfig  stm32f4xx_syscfg.o
    0x08004790   0x08004790   0x00000120   Code   RO          184    i.SetSysClock       system_stm32f4xx.o
    0x080048b0   0x080048b0   0x000001f4   Code   RO         8598    i.Shoot_Feedback_Update  shoot.o
    0x08004aa4   0x08004aa4   0x00000144   Code   RO         8599    i.Shoot_Set_Mode    shoot.o
    0x08004be8   0x08004be8   0x00000028   Code   RO          305    i.SysTick_CLKSourceConfig  misc.o
    0x08004c10   0x08004c10   0x00000010   Code   RO         8113    i.SysTick_Handler   freertos_middleware.o
    0x08004c20   0x08004c20   0x00000068   Code   RO          186    i.SystemInit        system_stm32f4xx.o
    0x08004c88   0x08004c88   0x00000030   Code   RO         8114    i.TIM3_IRQHandler   freertos_middleware.o
    0x08004cb8   0x08004cb8   0x000000dc   Code   RO         7654    i.TIM3_Init         timer.o
    0x08004d94   0x08004d94   0x00000024   Code   RO         7808    i.TIM6_DAC_IRQHandler  can_receive.o
    0x08004db8   0x08004db8   0x00000078   Code   RO         7655    i.TIM6_Init         timer.o
    0x08004e30   0x08004e30   0x00000018   Code   RO         4546    i.TIM_ARRPreloadConfig  stm32f4xx_tim.o
    0x08004e48   0x08004e48   0x00000006   Code   RO         4552    i.TIM_ClearFlag     stm32f4xx_tim.o
    0x08004e4e   0x08004e4e   0x00000018   Code   RO         4558    i.TIM_Cmd           stm32f4xx_tim.o
    0x08004e66   0x08004e66   0x0000001e   Code   RO         4560    i.TIM_CtrlPWMOutputs  stm32f4xx_tim.o
    0x08004e84   0x08004e84   0x00000190   Code   RO         4563    i.TIM_DeInit        stm32f4xx_tim.o
    0x08005014   0x08005014   0x00000022   Code   RO         4579    i.TIM_GetITStatus   stm32f4xx_tim.o
    0x08005036   0x08005036   0x00000012   Code   RO         4583    i.TIM_ITConfig      stm32f4xx_tim.o
    0x08005048   0x08005048   0x0000007c   Code   RO         4587    i.TIM_OC1Init       stm32f4xx_tim.o
    0x080050c4   0x080050c4   0x00000012   Code   RO         4590    i.TIM_OC1PreloadConfig  stm32f4xx_tim.o
    0x080050d6   0x080050d6   0x00000002   PAD
    0x080050d8   0x080050d8   0x000000a4   Code   RO         4592    i.TIM_OC2Init       stm32f4xx_tim.o
    0x0800517c   0x0800517c   0x0000001a   Code   RO         4595    i.TIM_OC2PreloadConfig  stm32f4xx_tim.o
    0x08005196   0x08005196   0x00000002   PAD
    0x08005198   0x08005198   0x00000078   Code   RO         4602    i.TIM_OC4Init       stm32f4xx_tim.o
    0x08005210   0x08005210   0x0000001a   Code   RO         4604    i.TIM_OC4PreloadConfig  stm32f4xx_tim.o
    0x0800522a   0x0800522a   0x00000004   Code   RO         4620    i.TIM_SetCompare1   stm32f4xx_tim.o
    0x0800522e   0x0800522e   0x00000004   Code   RO         4621    i.TIM_SetCompare2   stm32f4xx_tim.o
    0x08005232   0x08005232   0x00000004   Code   RO         4623    i.TIM_SetCompare4   stm32f4xx_tim.o
    0x08005236   0x08005236   0x00000002   PAD
    0x08005238   0x08005238   0x00000084   Code   RO         4630    i.TIM_TimeBaseInit  stm32f4xx_tim.o
    0x080052bc   0x080052bc   0x000000f0   Code   RO         8531    i.USART1_IRQHandler  remote_control.o
    0x080053ac   0x080053ac   0x00000012   Code   RO         5108    i.USART_ClearFlag   stm32f4xx_usart.o
    0x080053be   0x080053be   0x00000018   Code   RO         5112    i.USART_Cmd         stm32f4xx_usart.o
    0x080053d6   0x080053d6   0x00000012   Code   RO         5113    i.USART_DMACmd      stm32f4xx_usart.o
    0x080053e8   0x080053e8   0x000000f0   Code   RO         5114    i.USART_DeInit      stm32f4xx_usart.o
    0x080054d8   0x080054d8   0x00000054   Code   RO         5116    i.USART_GetITStatus  stm32f4xx_usart.o
    0x0800552c   0x0800552c   0x0000004a   Code   RO         5118    i.USART_ITConfig    stm32f4xx_usart.o
    0x08005576   0x08005576   0x00000002   PAD
    0x08005578   0x08005578   0x000000d4   Code   RO         5119    i.USART_Init        stm32f4xx_usart.o
    0x0800564c   0x0800564c   0x0000000a   Code   RO         5126    i.USART_ReceiveData  stm32f4xx_usart.o
    0x08005656   0x08005656   0x00000004   Code   RO           18    i.UsageFault_Handler  stm32f4xx_it.o
    0x0800565a   0x0800565a   0x00000002   PAD
    0x0800565c   0x0800565c   0x00000074   Code   RO         8691    i.UserTask          user_task.o
    0x080056d0   0x080056d0   0x00000026   Code   RO         9114    i.__ARM_fpclassifyf  m_wm.l(fpclassifyf.o)
    0x080056f6   0x080056f6   0x00000002   PAD
    0x080056f8   0x080056f8   0x0000012c   Code   RO         9037    i.__hardfp_asinf    m_wm.l(asinf.o)
    0x08005824   0x08005824   0x00000250   Code   RO         9049    i.__hardfp_atan2f   m_wm.l(atan2f.o)
    0x08005a74   0x08005a74   0x00000014   Code   RO         9061    i.__hardfp_fabs     m_wm.l(fabs.o)
    0x08005a88   0x08005a88   0x00000006   Code   RO         9117    i.__mathlib_flt_infnan  m_wm.l(funder.o)
    0x08005a8e   0x08005a8e   0x00000006   Code   RO         9118    i.__mathlib_flt_infnan2  m_wm.l(funder.o)
    0x08005a94   0x08005a94   0x00000010   Code   RO         9119    i.__mathlib_flt_invalid  m_wm.l(funder.o)
    0x08005aa4   0x08005aa4   0x00000010   Code   RO         9122    i.__mathlib_flt_underflow  m_wm.l(funder.o)
    0x08005ab4   0x08005ab4   0x00000030   Code   RO         6768    i.abs_limit         user_lib.o
    0x08005ae4   0x08005ae4   0x000001d0   Code   RO         8713    i.accel_comple_filter  AHRS.lib(ahrs.o)
    0x08005cb4   0x08005cb4   0x0000018c   Code   RO         8714    i.accel_update_kp_ki  AHRS.lib(ahrs.o)
    0x08005e40   0x08005e40   0x0000016c   Code   RO         8715    i.angle_to_quat     AHRS.lib(ahrs.o)
    0x08005fac   0x08005fac   0x000000b8   Code   RO         7097    i.buzzer_init       buzzer.o
    0x08006064   0x08006064   0x00000010   Code   RO         7098    i.buzzer_off        buzzer.o
    0x08006074   0x08006074   0x0000001c   Code   RO         7099    i.buzzer_on         buzzer.o
    0x08006090   0x08006090   0x00000180   Code   RO         8260    i.calc_gimbal_cali  gimbal_task.o
    0x08006210   0x08006210   0x000000ec   Code   RO         7692    i.cali_data_read    calibrate_task.o
    0x080062fc   0x080062fc   0x00000084   Code   RO         7693    i.cali_data_write   calibrate_task.o
    0x08006380   0x08006380   0x0000006c   Code   RO         7694    i.cali_gimbal_hook  calibrate_task.o
    0x080063ec   0x080063ec   0x0000005c   Code   RO         7695    i.cali_gyro_hook    calibrate_task.o
    0x08006448   0x08006448   0x00000054   Code   RO         7696    i.cali_head_hook    calibrate_task.o
    0x0800649c   0x0800649c   0x000000b8   Code   RO         7697    i.cali_param_init   calibrate_task.o
    0x08006554   0x08006554   0x00000148   Code   RO         7698    i.calibrate_task    calibrate_task.o
    0x0800669c   0x0800669c   0x000000a0   Code   RO         7913    i.chassis_behaviour_control_set  chassis_behaviour.o
    0x0800673c   0x0800673c   0x0000009c   Code   RO         7914    i.chassis_behaviour_mode_set  chassis_behaviour.o
    0x080067d8   0x080067d8   0x000001c4   Code   RO         7991    i.chassis_control_loop  chassis_task.o
    0x0800699c   0x0800699c   0x00000060   Code   RO         7915    i.chassis_engineer_follow_chassis_yaw_control  chassis_behaviour.o
    0x080069fc   0x080069fc   0x00000164   Code   RO         7992    i.chassis_feedback_update  chassis_task.o
    0x08006b60   0x08006b60   0x0000011c   Code   RO         7916    i.chassis_infantry_follow_gimbal_yaw_control  chassis_behaviour.o
    0x08006c7c   0x08006c7c   0x000000e0   Code   RO         7993    i.chassis_init      chassis_task.o
    0x08006d5c   0x08006d5c   0x00000058   Code   RO         7994    i.chassis_mode_change_control_transit  chassis_task.o
    0x08006db4   0x08006db4   0x00000044   Code   RO         7917    i.chassis_no_follow_yaw_control  chassis_behaviour.o
    0x08006df8   0x08006df8   0x0000002c   Code   RO         7918    i.chassis_no_move_control  chassis_behaviour.o
    0x08006e24   0x08006e24   0x0000005c   Code   RO         7919    i.chassis_open_set_control  chassis_behaviour.o
    0x08006e80   0x08006e80   0x0000015c   Code   RO         7995    i.chassis_rc_to_control_vector  chassis_task.o
    0x08006fdc   0x08006fdc   0x0000023c   Code   RO         7996    i.chassis_set_contorl  chassis_task.o
    0x08007218   0x08007218   0x00000012   Code   RO         7997    i.chassis_set_mode  chassis_task.o
    0x0800722a   0x0800722a   0x00000002   PAD
    0x0800722c   0x0800722c   0x000000cc   Code   RO         7998    i.chassis_task      chassis_task.o
    0x080072f8   0x080072f8   0x00000054   Code   RO         7999    i.chassis_vector_to_mecanum_wheel_speed  chassis_task.o
    0x0800734c   0x0800734c   0x0000002c   Code   RO         7920    i.chassis_zero_force_control  chassis_behaviour.o
    0x08007378   0x08007378   0x000000cc   Code   RO         8261    i.cmd_cali_gimbal_hook  gimbal_task.o
    0x08007444   0x08007444   0x0000006c   Code   RO         7169    i.delay_init        delay.o
    0x080074b0   0x080074b0   0x00000050   Code   RO         7170    i.delay_ms          delay.o
    0x08007500   0x08007500   0x00000050   Code   RO         7171    i.delay_us          delay.o
    0x08007550   0x08007550   0x00000054   Code   RO         6769    i.first_order_filter_cali  user_lib.o
    0x080075a4   0x080075a4   0x00000024   Code   RO         6770    i.first_order_filter_init  user_lib.o
    0x080075c8   0x080075c8   0x00000020   Code   RO         7240    i.flash_read        flash.o
    0x080075e8   0x080075e8   0x000000b8   Code   RO         7242    i.flash_write_single_address  flash.o
    0x080076a0   0x080076a0   0x00000018   Code   RO         7390    i.flow_led_off      led.o
    0x080076b8   0x080076b8   0x00000018   Code   RO         7391    i.flow_led_on       led.o
    0x080076d0   0x080076d0   0x0000002a   Code   RO         6771    i.fp32_constrain    user_lib.o
    0x080076fa   0x080076fa   0x00000002   PAD
    0x080076fc   0x080076fc   0x00000014   Code   RO         7306    i.fric1_on          fric.o
    0x08007710   0x08007710   0x00000014   Code   RO         7307    i.fric2_on          fric.o
    0x08007724   0x08007724   0x00000144   Code   RO         7308    i.fric_PWM_configuration  fric.o
    0x08007868   0x08007868   0x0000001c   Code   RO         7309    i.fric_off          fric.o
    0x08007884   0x08007884   0x00000038   Code   RO         7054    i.get_ADC           adc.o
    0x080078bc   0x080078bc   0x00000018   Code   RO         7809    i.get_Chassis_Motor_Measure_Point  can_receive.o
    0x080078d4   0x080078d4   0x00000008   Code   RO         8400    i.get_INS_angle_point  ins_task.o
    0x080078dc   0x080078dc   0x00000008   Code   RO         8402    i.get_MPU6500_Gyro_Data_Point  ins_task.o
    0x080078e4   0x080078e4   0x00000008   Code   RO         7810    i.get_Pitch_Gimbal_Motor_Measure_Point  can_receive.o
    0x080078ec   0x080078ec   0x00000008   Code   RO         7811    i.get_Trigger_Motor_Measure_Point  can_receive.o
    0x080078f4   0x080078f4   0x00000008   Code   RO         7812    i.get_Yaw_Gimbal_Motor_Measure_Point  can_receive.o
    0x080078fc   0x080078fc   0x000000e8   Code   RO         8716    i.get_angle         AHRS.lib(ahrs.o)
    0x080079e4   0x080079e4   0x0000000c   Code   RO         7700    i.get_control_temperate  calibrate_task.o
    0x080079f0   0x080079f0   0x00000008   Code   RO         8262    i.get_pitch_motor_point  gimbal_task.o
    0x080079f8   0x080079f8   0x00000008   Code   RO         8532    i.get_remote_control_point  remote_control.o
    0x08007a00   0x08007a00   0x0000005c   Code   RO         7055    i.get_temprate      adc.o
    0x08007a5c   0x08007a5c   0x00000008   Code   RO         8263    i.get_yaw_motor_point  gimbal_task.o
    0x08007a64   0x08007a64   0x00000138   Code   RO         8160    i.gimbal_absolute_angle_control  gimbal_behaviour.o
    0x08007b9c   0x08007b9c   0x00000178   Code   RO         8161    i.gimbal_behaviour_control_set  gimbal_behaviour.o
    0x08007d14   0x08007d14   0x0000008c   Code   RO         8162    i.gimbal_behaviour_mode_set  gimbal_behaviour.o
    0x08007da0   0x08007da0   0x000002a4   Code   RO         8163    i.gimbal_behavour_set  gimbal_behaviour.o
    0x08008044   0x08008044   0x000001d0   Code   RO         8164    i.gimbal_cali_control  gimbal_behaviour.o
    0x08008214   0x08008214   0x0000002c   Code   RO         8165    i.gimbal_cmd_to_chassis_stop  gimbal_behaviour.o
    0x08008240   0x08008240   0x00000024   Code   RO         8166    i.gimbal_cmd_to_shoot_stop  gimbal_behaviour.o
    0x08008264   0x08008264   0x000000c4   Code   RO         8167    i.gimbal_init_control  gimbal_behaviour.o
    0x08008328   0x08008328   0x00000020   Code   RO         8168    i.gimbal_motionless_control  gimbal_behaviour.o
    0x08008348   0x08008348   0x0000005c   Code   RO         8264    i.gimbal_motor_absolute_angle_control  gimbal_task.o
    0x080083a4   0x080083a4   0x00000022   Code   RO         8265    i.gimbal_motor_raw_angle_control  gimbal_task.o
    0x080083c6   0x080083c6   0x00000002   PAD
    0x080083c8   0x080083c8   0x000000d8   Code   RO         8266    i.gimbal_motor_relative_angle_control_pitch  gimbal_task.o
    0x080084a0   0x080084a0   0x000000d0   Code   RO         8267    i.gimbal_motor_relative_angle_control_yaw  gimbal_task.o
    0x08008570   0x08008570   0x0000000c   Code   RO         8169    i.gimbal_relative_angle_control  gimbal_behaviour.o
    0x0800857c   0x0800857c   0x00000020   Code   RO         8170    i.gimbal_zero_force_control  gimbal_behaviour.o
    0x0800859c   0x0800859c   0x00000068   Code   RO         6628    i.gyro_offset       mpu6500driver.o
    0x08008604   0x08008604   0x00000058   Code   RO         6531    i.ist8310_GPIO_init  ist8310driver_middleware.o
    0x0800865c   0x0800865c   0x0000002c   Code   RO         6533    i.ist8310_IIC_read_single_reg  ist8310driver_middleware.o
    0x08008688   0x08008688   0x00000024   Code   RO         6535    i.ist8310_IIC_write_single_reg  ist8310driver_middleware.o
    0x080086ac   0x080086ac   0x00000010   Code   RO         6536    i.ist8310_RST_H     ist8310driver_middleware.o
    0x080086bc   0x080086bc   0x00000010   Code   RO         6537    i.ist8310_RST_L     ist8310driver_middleware.o
    0x080086cc   0x080086cc   0x00000018   Code   RO         6538    i.ist8310_auto_com_by_mpu6500  ist8310driver_middleware.o
    0x080086e4   0x080086e4   0x00000002   Code   RO         6539    i.ist8310_com_init  ist8310driver_middleware.o
    0x080086e6   0x080086e6   0x0000000c   Code   RO         6540    i.ist8310_delay_ms  ist8310driver_middleware.o
    0x080086f2   0x080086f2   0x0000000c   Code   RO         6541    i.ist8310_delay_us  ist8310driver_middleware.o
    0x080086fe   0x080086fe   0x00000002   PAD
    0x08008700   0x08008700   0x00000090   Code   RO         6496    i.ist8310_init      ist8310driver.o
    0x08008790   0x08008790   0x00000084   Code   RO         6498    i.ist8310_read_over  ist8310driver.o
    0x08008814   0x08008814   0x0000003c   Code   RO         7351    i.laser_configuration  laser.o
    0x08008850   0x08008850   0x00000014   Code   RO         7352    i.laser_off         laser.o
    0x08008864   0x08008864   0x00000014   Code   RO         7353    i.laser_on          laser.o
    0x08008878   0x08008878   0x0000006c   Code   RO         7393    i.led_configuration  led.o
    0x080088e4   0x080088e4   0x00000014   Code   RO         7394    i.led_green_off     led.o
    0x080088f8   0x080088f8   0x00000014   Code   RO         7395    i.led_green_on      led.o
    0x0800890c   0x0800890c   0x00000014   Code   RO         7397    i.led_red_off       led.o
    0x08008920   0x08008920   0x00000014   Code   RO         7399    i.led_red_toggle    led.o
    0x08008934   0x08008934   0x00000060   Code   RO         6776    i.loop_fp32_constrain  user_lib.o
    0x08008994   0x08008994   0x00000016   Code   RO         6871    i.main              main.o
    0x080089aa   0x080089aa   0x00000002   PAD
    0x080089ac   0x080089ac   0x00000034   Code   RO         8268    i.motor_ecd_to_angle_change  gimbal_task.o
    0x080089e0   0x080089e0   0x00000034   Code   RO         6682    i.mpu6500_GPIO_init  mpu6500driver_middleware.o
    0x08008a14   0x08008a14   0x00000010   Code   RO         6683    i.mpu6500_SPI_NS_H  mpu6500driver_middleware.o
    0x08008a24   0x08008a24   0x00000010   Code   RO         6684    i.mpu6500_SPI_NS_L  mpu6500driver_middleware.o
    0x08008a34   0x08008a34   0x00000054   Code   RO         6685    i.mpu6500_SPI_read_write_byte  mpu6500driver_middleware.o
    0x08008a88   0x08008a88   0x00000008   Code   RO         6686    i.mpu6500_com_init  mpu6500driver_middleware.o
    0x08008a90   0x08008a90   0x000000c4   Code   RO         6629    i.mpu6500_init      mpu6500driver.o
    0x08008b54   0x08008b54   0x0000000c   Code   RO         6687    i.mpu6500_middleware_delay_ms  mpu6500driver_middleware.o
    0x08008b60   0x08008b60   0x0000000c   Code   RO         6688    i.mpu6500_middleware_delay_us  mpu6500driver_middleware.o
    0x08008b6c   0x08008b6c   0x00000140   Code   RO         6632    i.mpu6500_read_over  mpu6500driver.o
    0x08008cac   0x08008cac   0x00000020   Code   RO         6690    i.mpu6500_read_single_reg  mpu6500driver_middleware.o
    0x08008ccc   0x08008ccc   0x00000034   Code   RO         6691    i.mpu6500_write_muli_reg  mpu6500driver_middleware.o
    0x08008d00   0x08008d00   0x0000001c   Code   RO         6692    i.mpu6500_write_single_reg  mpu6500driver_middleware.o
    0x08008d1c   0x08008d1c   0x00000030   Code   RO         5776    i.pcTaskGetName     tasks.o
    0x08008d4c   0x08008d4c   0x00000048   Code   RO         7471    i.power_ctrl_configuration  power_ctrl.o
    0x08008d94   0x08008d94   0x00000020   Code   RO         7472    i.power_ctrl_off    power_ctrl.o
    0x08008db4   0x08008db4   0x00000020   Code   RO         7473    i.power_ctrl_on     power_ctrl.o
    0x08008dd4   0x08008dd4   0x00000098   Code   RO         5777    i.prvAddCurrentTaskToDelayedList  tasks.o
    0x08008e6c   0x08008e6c   0x000000b8   Code   RO         5778    i.prvAddNewTaskToReadyList  tasks.o
    0x08008f24   0x08008f24   0x00000064   Code   RO         6146    i.prvCheckForValidListAndQueue  timers.o
    0x08008f88   0x08008f88   0x00000064   Code   RO         5779    i.prvCheckTasksWaitingTermination  tasks.o
    0x08008fec   0x08008fec   0x0000002a   Code   RO         5541    i.prvCopyDataFromQueue  queue.o
    0x08009016   0x08009016   0x0000007c   Code   RO         5542    i.prvCopyDataToQueue  queue.o
    0x08009092   0x08009092   0x00000012   Code   RO         5780    i.prvDeleteTCB      tasks.o
    0x080090a4   0x080090a4   0x00000028   Code   RO         6147    i.prvGetNextExpireTime  timers.o
    0x080090cc   0x080090cc   0x0000007c   Code   RO         6276    i.prvHeapInit       heap_4.o
    0x08009148   0x08009148   0x00000028   Code   RO         5781    i.prvIdleTask       tasks.o
    0x08009170   0x08009170   0x0000002e   Code   RO         5544    i.prvInitialiseNewQueue  queue.o
    0x0800919e   0x0800919e   0x000000b4   Code   RO         5782    i.prvInitialiseNewTask  tasks.o
    0x08009252   0x08009252   0x00000002   PAD
    0x08009254   0x08009254   0x00000068   Code   RO         5783    i.prvInitialiseTaskLists  tasks.o
    0x080092bc   0x080092bc   0x00000068   Code   RO         6277    i.prvInsertBlockIntoFreeList  heap_4.o
    0x08009324   0x08009324   0x00000058   Code   RO         6149    i.prvInsertTimerInActiveList  timers.o
    0x0800937c   0x0800937c   0x0000001a   Code   RO         5545    i.prvIsQueueEmpty   queue.o
    0x08009396   0x08009396   0x0000001e   Code   RO         5546    i.prvIsQueueFull    queue.o
    0x080093b4   0x080093b4   0x00000090   Code   RO         5547    i.prvNotifyQueueSetContainer  queue.o
    0x08009444   0x08009444   0x00000064   Code   RO         6150    i.prvProcessExpiredTimer  timers.o
    0x080094a8   0x080094a8   0x000000f8   Code   RO         6151    i.prvProcessReceivedCommands  timers.o
    0x080095a0   0x080095a0   0x00000074   Code   RO         6152    i.prvProcessTimerOrBlockTask  timers.o
    0x08009614   0x08009614   0x00000034   Code   RO         5785    i.prvResetNextTaskUnblockTime  tasks.o
    0x08009648   0x08009648   0x0000002c   Code   RO         6153    i.prvSampleTimeNow  timers.o
    0x08009674   0x08009674   0x0000009e   Code   RO         5786    i.prvSearchForNameWithinSingleList  tasks.o
    0x08009712   0x08009712   0x00000002   PAD
    0x08009714   0x08009714   0x000000a0   Code   RO         6154    i.prvSwitchTimerLists  timers.o
    0x080097b4   0x080097b4   0x00000016   Code   RO         5787    i.prvTaskCheckFreeStackSpace  tasks.o
    0x080097ca   0x080097ca   0x00000002   PAD
    0x080097cc   0x080097cc   0x00000040   Code   RO         6326    i.prvTaskExitError  port.o
    0x0800980c   0x0800980c   0x0000001a   Code   RO         6155    i.prvTimerTask      timers.o
    0x08009826   0x08009826   0x00000092   Code   RO         5548    i.prvUnlockQueue    queue.o
    0x080098b8   0x080098b8   0x0000013c   Code   RO         6278    i.pvPortMalloc      heap_4.o
    0x080099f4   0x080099f4   0x00000020   Code   RO         5790    i.pvTaskIncrementMutexHeldCount  tasks.o
    0x08009a14   0x08009a14   0x0000002c   Code   RO         6327    i.pxPortInitialiseStack  port.o
    0x08009a40   0x08009a40   0x00000084   Code   RO         8721    i.quat_normalization  AHRS.lib(ahrs.o)
    0x08009ac4   0x08009ac4   0x0000005a   Code   RO         6777    i.ramp_calc         user_lib.o
    0x08009b1e   0x08009b1e   0x00000002   PAD
    0x08009b20   0x08009b20   0x0000002c   Code   RO         6778    i.ramp_init         user_lib.o
    0x08009b4c   0x08009b4c   0x00000014   Code   RO         8533    i.remote_control_init  remote_control.o
    0x08009b60   0x08009b60   0x00000020   Code   RO         8269    i.set_cali_gimbal_hook  gimbal_task.o
    0x08009b80   0x08009b80   0x00000194   Code   RO         8600    i.shoot_bullet_control  shoot.o
    0x08009d14   0x08009d14   0x000001b4   Code   RO         8601    i.shoot_control_loop  shoot.o
    0x08009ec8   0x08009ec8   0x00000064   Code   RO         8602    i.shoot_done_control  shoot.o
    0x08009f2c   0x08009f2c   0x000000c8   Code   RO         8603    i.shoot_init        shoot.o
    0x08009ff4   0x08009ff4   0x000001f0   Code   RO         8604    i.shoot_ready_control  shoot.o
    0x0800a1e4   0x0800a1e4   0x0000000a   Code   RO         8534    i.slove_RC_lost     remote_control.o
    0x0800a1ee   0x0800a1ee   0x0000000a   Code   RO         8535    i.slove_data_error  remote_control.o
    0x0800a1f8   0x0800a1f8   0x0000003e   Code   RO         9135    i.sqrtf             m_wm.l(sqrtf_full.o)
    0x0800a236   0x0800a236   0x00000002   PAD
    0x0800a238   0x0800a238   0x0000002c   Code   RO         8657    i.startTast         start_task.o
    0x0800a264   0x0800a264   0x00000110   Code   RO         8658    i.start_task        start_task.o
    0x0800a374   0x0800a374   0x0000002c   Code   RO         7056    i.temperature_ADC_Reset  adc.o
    0x0800a3a0   0x0800a3a0   0x00000054   Code   RO         7057    i.temperature_ADC_init  adc.o
    0x0800a3f4   0x0800a3f4   0x00000018   Code   RO         8066    i.toe_is_error      detect_task.o
    0x0800a40c   0x0800a40c   0x00000074   Code   RO         5791    i.ulTaskNotifyTake  tasks.o
    0x0800a480   0x0800a480   0x0000007a   Code   RO         8722    i.update_w          AHRS.lib(ahrs.o)
    0x0800a4fa   0x0800a4fa   0x00000028   Code   RO         5504    i.uxListRemove      list.o
    0x0800a522   0x0800a522   0x00000002   PAD
    0x0800a524   0x0800a524   0x00000028   Code   RO         5793    i.uxTaskGetStackHighWaterMark  tasks.o
    0x0800a54c   0x0800a54c   0x0000001a   Code   RO         5505    i.vListInitialise   list.o
    0x0800a566   0x0800a566   0x00000006   Code   RO         5506    i.vListInitialiseItem  list.o
    0x0800a56c   0x0800a56c   0x00000034   Code   RO         5507    i.vListInsert       list.o
    0x0800a5a0   0x0800a5a0   0x00000018   Code   RO         5508    i.vListInsertEnd    list.o
    0x0800a5b8   0x0800a5b8   0x00000054   Code   RO         6329    i.vPortEnterCritical  port.o
    0x0800a60c   0x0800a60c   0x0000003c   Code   RO         6330    i.vPortExitCritical  port.o
    0x0800a648   0x0800a648   0x00000094   Code   RO         6279    i.vPortFree         heap_4.o
    0x0800a6dc   0x0800a6dc   0x00000002   Code   RO         8115    i.vPortSetupTimerInterrupt  freertos_middleware.o
    0x0800a6de   0x0800a6de   0x00000002   PAD
    0x0800a6e0   0x0800a6e0   0x00000078   Code   RO         6331    i.vPortValidateInterruptPriority  port.o
    0x0800a758   0x0800a758   0x0000002c   Code   RO         5554    i.vQueueAddToRegistry  queue.o
    0x0800a784   0x0800a784   0x0000004a   Code   RO         5558    i.vQueueWaitForMessageRestricted  queue.o
    0x0800a7ce   0x0800a7ce   0x00000002   PAD
    0x0800a7d0   0x0800a7d0   0x0000005c   Code   RO         5799    i.vTaskDelay        tasks.o
    0x0800a82c   0x0800a82c   0x000000f4   Code   RO         5801    i.vTaskDelete       tasks.o
    0x0800a920   0x0800a920   0x0000000c   Code   RO         5805    i.vTaskMissedYield  tasks.o
    0x0800a92c   0x0800a92c   0x000000f0   Code   RO         5806    i.vTaskNotifyGiveFromISR  tasks.o
    0x0800aa1c   0x0800aa1c   0x00000038   Code   RO         5807    i.vTaskPlaceOnEventList  tasks.o
    0x0800aa54   0x0800aa54   0x00000040   Code   RO         5808    i.vTaskPlaceOnEventListRestricted  tasks.o
    0x0800aa94   0x0800aa94   0x000000b0   Code   RO         5810    i.vTaskPriorityInherit  tasks.o
    0x0800ab44   0x0800ab44   0x00000030   Code   RO         5814    i.vTaskSetTimeOutState  tasks.o
    0x0800ab74   0x0800ab74   0x00000094   Code   RO         5815    i.vTaskStartScheduler  tasks.o
    0x0800ac08   0x0800ac08   0x00000010   Code   RO         5817    i.vTaskSuspendAll   tasks.o
    0x0800ac18   0x0800ac18   0x0000008c   Code   RO         5818    i.vTaskSwitchContext  tasks.o
    0x0800aca4   0x0800aca4   0x0000013c   Code   RO         6332    i.xPortStartScheduler  port.o
    0x0800ade0   0x0800ade0   0x00000034   Code   RO         6333    i.xPortSysTickHandler  port.o
    0x0800ae14   0x0800ae14   0x00000058   Code   RO         5563    i.xQueueGenericCreate  queue.o
    0x0800ae6c   0x0800ae6c   0x000001c4   Code   RO         5564    i.xQueueGenericReceive  queue.o
    0x0800b030   0x0800b030   0x00000098   Code   RO         5565    i.xQueueGenericReset  queue.o
    0x0800b0c8   0x0800b0c8   0x000001c8   Code   RO         5566    i.xQueueGenericSend  queue.o
    0x0800b290   0x0800b290   0x00000108   Code   RO         5567    i.xQueueGenericSendFromISR  queue.o
    0x0800b398   0x0800b398   0x0000008c   Code   RO         5819    i.xTaskCheckForTimeOut  tasks.o
    0x0800b424   0x0800b424   0x00000060   Code   RO         5820    i.xTaskCreate       tasks.o
    0x0800b484   0x0800b484   0x000000a4   Code   RO         5824    i.xTaskGetHandle    tasks.o
    0x0800b528   0x0800b528   0x00000020   Code   RO         5825    i.xTaskGetSchedulerState  tasks.o
    0x0800b548   0x0800b548   0x0000000c   Code   RO         5826    i.xTaskGetTickCount  tasks.o
    0x0800b554   0x0800b554   0x00000148   Code   RO         5828    i.xTaskIncrementTick  tasks.o
    0x0800b69c   0x0800b69c   0x000000c8   Code   RO         5831    i.xTaskPriorityDisinherit  tasks.o
    0x0800b764   0x0800b764   0x00000098   Code   RO         5832    i.xTaskRemoveFromEventList  tasks.o
    0x0800b7fc   0x0800b7fc   0x00000104   Code   RO         5834    i.xTaskResumeAll    tasks.o
    0x0800b900   0x0800b900   0x00000054   Code   RO         6159    i.xTimerCreateTimerTask  timers.o
    0x0800b954   0x0800b954   0x00000084   Code   RO         6160    i.xTimerGenericCommand  timers.o
    0x0800b9d8   0x0800b9d8   0x000002c4   Code   RO         9007    x$fpl$d2f           g_wm.l(d2f_clz.o)
    0x0800bc9c   0x0800bc9c   0x00000018   Code   RO         9093    x$fpl$dcmpinf       g_wm.l(dcmpi.o)
    0x0800bcb4   0x0800bcb4   0x0000037c   Code   RO         9010    x$fpl$ddiv          g_wm.l(ddiv_clz.o)
    0x0800c030   0x0800c030   0x0000002e   Code   RO         9014    x$fpl$dflt          g_wm.l(dflt_clz.o)
    0x0800c05e   0x0800c05e   0x0000001a   Code   RO         9015    x$fpl$dfltn         g_wm.l(dflt_clz.o)
    0x0800c078   0x0800c078   0x00000078   Code   RO         9019    x$fpl$dleqf         g_wm.l(dleqf.o)
    0x0800c0f0   0x0800c0f0   0x00000102   Code   RO         9095    x$fpl$dnaninf       g_wm.l(dnaninf.o)
    0x0800c1f2   0x0800c1f2   0x00000070   Code   RO         9097    x$fpl$drenorm       g_wm.l(drenorm_clz.o)
    0x0800c262   0x0800c262   0x0000000c   Code   RO         9099    x$fpl$dretinf       g_wm.l(dretinf.o)
    0x0800c26e   0x0800c26e   0x00000062   Code   RO         9021    x$fpl$drleqf        g_wm.l(drleqf.o)
    0x0800c2d0   0x0800c2d0   0x0000017a   Code   RO         9101    x$fpl$dunder        g_wm.l(dunder_clz.o)
    0x0800c44a   0x0800c44a   0x00000002   PAD
    0x0800c44c   0x0800c44c   0x000001ec   Code   RO         9103    x$fpl$exception     g_wm.l(except.o)
    0x0800c638   0x0800c638   0x0000007a   Code   RO         9023    x$fpl$f2d           g_wm.l(f2d.o)
    0x0800c6b2   0x0800c6b2   0x000000f2   Code   RO         9105    x$fpl$fnaninf       g_wm.l(fnaninf.o)
    0x0800c7a4   0x0800c7a4   0x0000000a   Code   RO         9256    x$fpl$fpinit        g_wm.l(fpinit.o)
    0x0800c7ae   0x0800c7ae   0x0000000a   Code   RO         9107    x$fpl$fretinf       g_wm.l(fretinf.o)
    0x0800c7b8   0x0800c7b8   0x0000013c   Code   RO         9109    x$fpl$funder        g_wm.l(funder_clz.o)
    0x0800c8f4   0x0800c8f4   0x000000b2   Code   RO         9169    x$fpl$retnan        g_wm.l(retnan.o)
    0x0800c9a6   0x0800c9a6   0x0000007e   Code   RO         9111    x$fpl$trapveneer    g_wm.l(trapv.o)
    0x0800ca24   0x0800ca24   0x00000000   Code   RO         9113    x$fpl$usenofp       g_wm.l(usenofp.o)
    0x0800ca24   0x0800ca24   0x0000000c   Data   RO         6499    .constdata          ist8310driver.o
    0x0800ca30   0x0800ca30   0x0000002a   Data   RO         6634    .constdata          mpu6500driver.o
    0x0800ca5a   0x0800ca5a   0x0000000f   Data   RO         7702    .constdata          calibrate_task.o
    0x0800ca69   0x0800ca69   0x00000003   PAD
    0x0800ca6c   0x0800ca6c   0x00000020   Data   RO         8001    .constdata          chassis_task.o
    0x0800ca8c   0x0800ca8c   0x00000030   Data   RO         8068    .constdata          detect_task.o
    0x0800cabc   0x0800cabc   0x00000030   Data   RO         8271    .constdata          gimbal_task.o
    0x0800caec   0x0800caec   0x00000030   Data   RO         8404    .constdata          ins_task.o
    0x0800cb1c   0x0800cb1c   0x00000018   Data   RO         8606    .constdata          shoot.o
    0x0800cb34   0x0800cb34   0x0000000c   Data   RO         8723    .constdata          AHRS.lib(ahrs.o)
    0x0800cb40   0x0800cb40   0x00000804   Data   RO         8933    .constdata          arm_cortexM4lf_math.lib(arm_common_tables.o)
    0x0800d344   0x0800d344   0x00000020   Data   RO         9312    Region$$Table       anon$$obj.o


    Execution Region RW_IRAM1 (Exec base: 0x20000000, Load base: 0x0800d364, Size: 0x000213c8, Max: 0x00030000, ABSOLUTE, COMPRESSED[0x0000006c])

    Exec Addr    Load Addr    Size         Type   Attr      Idx    E Section Name        Object

    0x20000000   COMPRESSED   0x00000014   Data   RW          187    .data               system_stm32f4xx.o
    0x20000014   COMPRESSED   0x00000010   Data   RW         3212    .data               stm32f4xx_rcc.o
    0x20000024   COMPRESSED   0x0000003c   Data   RW         5837    .data               tasks.o
    0x20000060   COMPRESSED   0x00000014   Data   RW         6166    .data               timers.o
    0x20000074   COMPRESSED   0x00000018   Data   RW         6284    .data               heap_4.o
    0x2000008c   COMPRESSED   0x0000000c   Data   RW         6334    .data               port.o
    0x20000098   COMPRESSED   0x00000001   Data   RW         6635    .data               mpu6500driver.o
    0x20000099   COMPRESSED   0x00000003   PAD
    0x2000009c   COMPRESSED   0x00000008   Data   RW         7172    .data               delay.o
    0x200000a4   COMPRESSED   0x00000054   Data   RW         7703    .data               calibrate_task.o
    0x200000f8   COMPRESSED   0x00000001   Data   RW         7814    .data               can_receive.o
    0x200000f9   COMPRESSED   0x00000003   PAD
    0x200000fc   COMPRESSED   0x00000011   Data   RW         7922    .data               chassis_behaviour.o
    0x2000010d   COMPRESSED   0x00000003   PAD
    0x20000110   COMPRESSED   0x00000004   Data   RW         8002    .data               chassis_task.o
    0x20000114   COMPRESSED   0x0000000e   Data   RW         8069    .data               detect_task.o
    0x20000122   COMPRESSED   0x00000006   PAD
    0x20000128   COMPRESSED   0x00000008   Data   RW         8116    .data               freertos_middleware.o
    0x20000130   COMPRESSED   0x00000024   Data   RW         8172    .data               gimbal_behaviour.o
    0x20000154   COMPRESSED   0x00000014   Data   RW         8272    .data               gimbal_task.o
    0x20000168   COMPRESSED   0x00000080   Data   RW         8405    .data               ins_task.o
    0x200001e8   COMPRESSED   0x00000002   Data   RW         8537    .data               remote_control.o
    0x200001ea   COMPRESSED   0x00000002   PAD
    0x200001ec   COMPRESSED   0x0000001c   Data   RW         8607    .data               shoot.o
    0x20000208   COMPRESSED   0x0000001c   Data   RW         8660    .data               start_task.o
    0x20000224   COMPRESSED   0x00000004   Data   RW         8693    .data               user_task.o
    0x20000228   COMPRESSED   0x00000010   Data   RW         8724    .data               AHRS.lib(ahrs.o)
    0x20000238        -       0x00000040   Zero   RW         5578    .bss                queue.o
    0x20000278        -       0x000002e4   Zero   RW         5836    .bss                tasks.o
    0x2000055c        -       0x00000028   Zero   RW         6165    .bss                timers.o
    0x20000584        -       0x00020000   Zero   RW         6283    .bss                heap_4.o
    0x20020584        -       0x000000b5   Zero   RW         7701    .bss                calibrate_task.o
    0x20020639   COMPRESSED   0x00000003   PAD
    0x2002063c        -       0x00000084   Zero   RW         7813    .bss                can_receive.o
    0x200206c0        -       0x00000244   Zero   RW         8000    .bss                chassis_task.o
    0x20020904        -       0x0000015a   Zero   RW         8067    .bss                detect_task.o
    0x20020a5e   COMPRESSED   0x00000002   PAD
    0x20020a60        -       0x000002b4   Zero   RW         8270    .bss                gimbal_task.o
    0x20020d14        -       0x00000124   Zero   RW         8403    .bss                ins_task.o
    0x20020e38        -       0x0000005e   Zero   RW         8536    .bss                remote_control.o
    0x20020e96   COMPRESSED   0x00000002   PAD
    0x20020e98        -       0x000000c0   Zero   RW         8605    .bss                shoot.o
    0x20020f58        -       0x0000000c   Zero   RW         8692    .bss                user_task.o
    0x20020f64        -       0x00000060   Zero   RW         9172    .bss                c_w.l(libspace.o)
    0x20020fc4   COMPRESSED   0x00000004   PAD
    0x20020fc8        -       0x00000000   Zero   RW            2    HEAP                startup_stm32f427xx.o
    0x20020fc8        -       0x00000400   Zero   RW            1    STACK               startup_stm32f427xx.o


==============================================================================

Image component sizes


      Code (inc. data)   RO Data    RW Data    ZI Data      Debug   Object Name

       276         26          0          0          0       2498   adc.o
       196         12          0          0          0       5792   ahrs_middleware.o
       228         20          0          0          0       2063   buzzer.o
      1904        110         15         84        181      19536   calibrate_task.o
       548         16          0          0          0       2214   can.o
      1192         92          0          1        132      13530   can_receive.o
       944         74          0         17          0      16761   chassis_behaviour.o
      2346        132         32          4        580       8995   chassis_task.o
         0          0          0          0          0       7376   croutine.o
       268         26          0          8          0       2399   delay.o
      1572         80         48         14        346       5955   detect_task.o
         0          0          0          0          0      12060   event_groups.o
       136          6          0          0          0        772   exit_init.o
      1148        178          0          0          0       4442   flash.o
        66          8          0          8          0       2674   freertos_middleware.o
       392         34          0          0          0       2590   fric.o
      2320        168          0         36          0      14786   gimbal_behaviour.o
      3132        172         48         20        692      18974   gimbal_task.o
       692         62          0         24     131072       4767   heap_4.o
      1576        208         48        128        292      10808   ins_task.o
       276         10         12          0          0       2823   ist8310driver.o
       250         24          0          0          0       6240   ist8310driver_middleware.o
       100         18          0          0          0       1713   laser.o
       236         46          0          0          0       4007   led.o
       148          0          0          0          0       3590   list.o
       144          0          0          0          0       4138   main.o
       180         24          0          0          0       2273   misc.o
       620         26         42          1          0       4613   mpu6500driver.o
       312         18          0          0          0       7139   mpu6500driver_middleware.o
       668         12          0          0          0       3170   pid.o
       922         86          0         12          0      11690   port.o
       136         18          0          0          0       1992   power_ctrl.o
      2088         22          0          0         64      18029   queue.o
       432         36          0          0          0       2567   rc.o
       674         38          0          2         94       7611   remote_control.o
      2460        244         24         28        192       8390   shoot.o
       604         36          0          0          0       2915   spi.o
       316        140          0         28          0       1762   start_task.o
        76         28        428          0       1024        944   startup_stm32f427xx.o
       424         34          0          0          0       7141   stm32f4xx_adc.o
      1566         16          0          0          0       6862   stm32f4xx_can.o
       782         68          0          0          0      10050   stm32f4xx_dma.o
       184         16          0          0          0       2280   stm32f4xx_exti.o
       402         40          0          0          0       4881   stm32f4xx_flash.o
       248          0          0          0          0       4417   stm32f4xx_gpio.o
        20          0          0          0          0     355561   stm32f4xx_it.o
       392         48          0         16          0       6237   stm32f4xx_rcc.o
       130          0          0          0          0       4443   stm32f4xx_spi.o
        64          4          0          0          0        704   stm32f4xx_syscfg.o
      1158        110          0          0          0      12104   stm32f4xx_tim.o
       680         42          0          0          0       6562   stm32f4xx_usart.o
       392         32          0         20          0     326341   system_stm32f4xx.o
      3866        474          0         60        740      31002   tasks.o
       340         14          0          0          0       1668   timer.o
      1138        116          0         20         40      18251   timers.o
       440          8          0          0          0       5959   user_lib.o
       116         14          0          4         12       1644   user_task.o

    ----------------------------------------------------------------------
     41986       3286        732        552     135468    1060705   Object Totals
         0          0         32          0          0          0   (incl. Generated)
        66          0          3         17          7          0   (incl. Padding)

    ----------------------------------------------------------------------

      Code (inc. data)   RO Data    RW Data    ZI Data      Debug   Library Member Name

      2718         84         12         16          0       9922   ahrs.o
         0          0       2052          0          0       4636   arm_common_tables.o
       120         12          0          0          0      16970   arm_cos_f32.o
       116         12          0          0          0        658   arm_sin_f32.o
        90          0          0          0          0          0   __dczerorl2.o
         8          0          0          0          0         68   __main.o
         0          0          0          0          0          0   __rtentry.o
        12          0          0          0          0          0   __rtentry2.o
         6          0          0          0          0          0   __rtentry4.o
        52          8          0          0          0          0   __scatter.o
        28          0          0          0          0          0   __scatter_zi.o
        48          4          0          0          0         84   _fptrap.o
        22          0          0          0          0        100   _rserrno.o
        16          0          0          0          0         68   aeabi_memset.o
        10          0          0          0          0         68   defsig_exit.o
       172        110          0          0          0         76   defsig_fpe_inner.o
        14          0          0          0          0         80   defsig_fpe_outer.o
        50          0          0          0          0         88   defsig_general.o
        18          0          0          0          0         80   exit.o
         6          0          0          0          0        152   heapauxi.o
         0          0          0          0          0          0   indicate_semi.o
         2          0          0          0          0          0   libinit.o
         6          0          0          0          0          0   libinit2.o
         2          0          0          0          0          0   libshutdown.o
         2          0          0          0          0          0   libshutdown2.o
         8          4          0          0         96         68   libspace.o
         8          4          0          0          0         68   rt_errno_addr_intlibspace.o
        68          0          0          0          0         68   rt_memclr.o
        78          0          0          0          0         80   rt_memclr_w.o
       138          0          0          0          0         68   rt_memcpy_v6.o
       100          0          0          0          0         80   rt_memcpy_w.o
         2          0          0          0          0          0   rtexit.o
        10          0          0          0          0          0   rtexit2.o
        62          0          0          0          0         76   strlen.o
        12          4          0          0          0         68   sys_exit.o
        74          0          0          0          0         80   sys_stackheap_outer.o
        14          0          0          0          0         76   sys_wrch.o
         2          0          0          0          0         68   use_no_semi.o
       708         16          0          0          0        140   d2f_clz.o
        24          0          0          0          0        116   dcmpi.o
       892        152          0          0          0        292   ddiv_clz.o
        72          0          0          0          0        232   dflt_clz.o
       120          8          0          0          0        140   dleqf.o
       258          4          0          0          0        156   dnaninf.o
       112          0          0          0          0        160   drenorm_clz.o
        12          0          0          0          0        116   dretinf.o
        98          0          0          0          0        128   drleqf.o
       378          0          0          0          0        168   dunder_clz.o
       492         36          0          0          0        148   except.o
       122          8          0          0          0        132   f2d.o
       242          4          0          0          0        144   fnaninf.o
        10          0          0          0          0        116   fpinit.o
        10          0          0          0          0        116   fretinf.o
       316          0          0          0          0        132   funder_clz.o
       178          0          0          0          0        116   retnan.o
       126          0          0          0          0        148   trapv.o
         0          0          0          0          0          0   usenofp.o
       300         42          0          0          0        176   asinf.o
       592         90          0          0          0        184   atan2f.o
        20          0          0          0          0        124   fabs.o
        38          0          0          0          0        116   fpclassifyf.o
        44         12          0          0          0        464   funder.o
        62          0          0          0          0        136   sqrtf_full.o

    ----------------------------------------------------------------------
      9334        614       2064         16        100      37750   Library Totals
        14          0          0          0          4          0   (incl. Padding)

    ----------------------------------------------------------------------

      Code (inc. data)   RO Data    RW Data    ZI Data      Debug   Library Name

      2718         84         12         16          0       9922   AHRS.lib
       236         24       2052          0          0      22264   arm_cortexM4lf_math.lib
      1140        134          0          0         96       1664   c_w.l
      4170        228          0          0          0       2700   g_wm.l
      1056        144          0          0          0       1200   m_wm.l

    ----------------------------------------------------------------------
      9334        614       2064         16        100      37750   Library Totals

    ----------------------------------------------------------------------

==============================================================================


      Code (inc. data)   RO Data    RW Data    ZI Data      Debug   

     51320       3900       2796        568     135568    1059171   Grand Totals
     51320       3900       2796        108     135568    1059171   ELF Image Totals (compressed)
     51320       3900       2796        108          0          0   ROM Totals

==============================================================================

    Total RO  Size (Code + RO Data)                54116 (  52.85kB)
    Total RW  Size (RW Data + ZI Data)            136136 ( 132.95kB)
    Total ROM Size (Code + RO Data + RW Data)      54224 (  52.95kB)

==============================================================================

