<html>
<body>
<pre>
<h1>µVision Build Log</h1>
<h2>Tool Versions:</h2>
IDE-Version: ¦ÌVision V5.26.2.0
Copyright (C) 2018 ARM Ltd and ARM Germany GmbH. All rights reserved.
License Information: Yuan You, The Ohio State University, LIC=9WSKP-MVB5H-63WMB-2M8JT-GF985-PWIT3
 
Tool Versions:
Toolchain:       MDK-ARM Plus  Version: 5.26.2.0
Toolchain Path:  D:\Keil_v5\ARM\ARMCC\Bin
C Compiler:      Armcc.exe V5.06 update 6 (build 750)
Assembler:       Armasm.exe V5.06 update 6 (build 750)
Linker/Locator:  ArmLink.exe V5.06 update 6 (build 750)
Library Manager: ArmAr.exe V5.06 update 6 (build 750)
Hex Converter:   FromElf.exe V5.06 update 6 (build 750)
CPU DLL:         SARMCM3.DLL V5.26.2.0
Dialog DLL:      DCM.DLL V1.17.2.0
Target DLL:      Segger\JL2CM3.dll V2.99.31.0
Dialog DLL:      TCM.DLL V1.36.1.0
 
<h2>Project:</h2>
D:\OneDrive - The Ohio State University\RoboMaster\RM-editing\standard\Project\standard.uvprojx
Project File Date:  04/09/2019

<h2>Output:</h2>
*** Using Compiler 'V5.06 update 6 (build 750)', folder: 'D:\Keil_v5\ARM\ARMCC\Bin'
Build target 'standard'
compiling detect_task.c...
compiling start_task.c...
compiling calibrate_task.c...
compiling chassis_behaviour.c...
compiling chassis_task.c...
compiling gimbal_behaviour.c...
compiling gimbal_task.c...
..\user\APP\gimbal_task\gimbal_task.c(658): warning:  #177-D: function "gimbal_motor_absolute_angle_control"  was declared but never referenced
  static void gimbal_motor_absolute_angle_control(Gimbal_Motor_t *gimbal_motor)
..\user\APP\gimbal_task\gimbal_task.c: 1 warning, 0 errors
compiling CAN_receive.c...
compiling shoot.c...
linking...
Program Size: Code=50576 RO-data=2772 RW-data=632 ZI-data=135384  
FromELF: creating hex file...
".\Objects\infantry.axf" - 0 Error(s), 1 Warning(s).

<h2>Software Packages used:</h2>

Package Vendor: Keil
                http://www.keil.com/pack/Keil.STM32F4xx_DFP.2.13.0.pack
                Keil.STM32F4xx_DFP.2.13.0
                STMicroelectronics STM32F4 Series Device Support, Drivers and Examples

<h2>Collection of Component include folders:</h2>
  .\RTE\_standard
  D:\Keil_v5\ARM\PACK\Keil\STM32F4xx_DFP\2.13.0\Drivers\CMSIS\Device\ST\STM32F4xx\Include

<h2>Collection of Component Files used:</h2>
Build Time Elapsed:  00:00:04
</pre>
</body>
</html>
