<html>
<body>
<pre>
<h1>µVision Build Log</h1>
<h2>Tool Versions:</h2>
IDE-Version: µVision V5.25.2.0
Copyright (C) 2018 ARM Ltd and ARM Germany GmbH. All rights reserved.
License Information: Yuxuan Han, tony3641 inc, LIC=GE7Z9-4JH8U-66BQS-LMCG3-DBAKS-CBEYT
 
Tool Versions:
Toolchain:       MDK-ARM Professional  Version: 5.25.2.0
Toolchain Path:  C:\Keil_v5\ARM\ARMCC\Bin
C Compiler:      Armcc.exe V5.06 update 6 (build 750)
Assembler:       Armasm.exe V5.06 update 6 (build 750)
Linker/Locator:  ArmLink.exe V5.06 update 6 (build 750)
Library Manager: ArmAr.exe V5.06 update 6 (build 750)
Hex Converter:   FromElf.exe V5.06 update 6 (build 750)
CPU DLL:         SARMCM3.DLL V5.25.2.0
Dialog DLL:      DCM.DLL V1.17.1.0
Target DLL:      STLink\ST-LINKIII-KEIL_SWO.dll V3.0.1.0
Dialog DLL:      TCM.DLL V1.35.1.0
 
<h2>Project:</h2>
C:\Users\tony3\Desktop\OSURM2019\OSU_Robomaster_Embedded_Dev\OSU_RoboMaster_Embeded_Hero\standard\Project\standard.uvprojx
Project File Date:  05/28/2019

<h2>Output:</h2>
*** Using Compiler 'V5.06 update 6 (build 750)', folder: 'C:\Keil_v5\ARM\ARMCC\Bin'
Build target 'standard'
compiling chassis_task.c...
..\user\APP\chassis_task\chassis_task.c(101): warning:  #1035-D: single-precision operand implicitly converted to double-precision
            coeff/=0.9;
..\user\APP\chassis_task\chassis_task.c(108): warning:  #1035-D: single-precision operand implicitly converted to double-precision
            coeff*=0.85;
..\user\APP\chassis_task\chassis_task.c: 2 warnings, 0 errors
linking...
Program Size: Code=57576 RO-data=2788 RW-data=784 ZI-data=139560  
FromELF: creating hex file...
".\Objects\infantry.axf" - 0 Error(s), 2 Warning(s).

<h2>Software Packages used:</h2>

Package Vendor: Keil
                http://www.keil.com/pack/Keil.STM32F4xx_DFP.2.13.0.pack
                Keil.STM32F4xx_DFP.2.13.0
                STMicroelectronics STM32F4 Series Device Support, Drivers and Examples

<h2>Collection of Component include folders:</h2>
  .\RTE\_standard
  C:\Keil_v5\ARM\PACK\Keil\STM32F4xx_DFP\2.13.0\Drivers\CMSIS\Device\ST\STM32F4xx\Include

<h2>Collection of Component Files used:</h2>
Build Time Elapsed:  00:00:03
</pre>
</body>
</html>
