<html>
<body>
<pre>
<h1>µVision Build Log</h1>
<h2>Tool Versions:</h2>
IDE-Version: µVision V5.26.2.0
Copyright (C) 2018 ARM Ltd and ARM Germany GmbH. All rights reserved.
License Information: Yuxuan Han,  , LIC=GE7BS-LGGYP-RE2H3-AMRUM-58IHY-BJFVT
 
Tool Versions:
Toolchain:       MDK-ARM Professional  Version: 5.26.2.0
Toolchain Path:  C:\Keil_v5\ARM\ARMCC\Bin
C Compiler:      Armcc.exe V5.06 update 6 (build 750)
Assembler:       Armasm.exe V5.06 update 6 (build 750)
Linker/Locator:  ArmLink.exe V5.06 update 6 (build 750)
Library Manager: ArmAr.exe V5.06 update 6 (build 750)
Hex Converter:   FromElf.exe V5.06 update 6 (build 750)
CPU DLL:         SARMCM3.DLL V5.26.2.0
Dialog DLL:      DCM.DLL V1.17.2.0
Target DLL:      STLink\ST-LINKIII-KEIL_SWO.dll V3.0.5.0
Dialog DLL:      TCM.DLL V1.36.1.0
 
<h2>Project:</h2>
C:\Users\tony3\Contacts\Desktop\OSU_Robomaster_Embedded-Dev\OSU_Robomaster_Embedded_Dev\test_code\Project\standard.uvprojx
Project File Date:  02/08/2019

<h2>Output:</h2>
*** Using Compiler 'V5.06 update 6 (build 750)', folder: 'C:\Keil_v5\ARM\ARMCC\Bin'
Rebuild target 'standard'
assembling startup_stm32f427xx.s...
compiling stm32f4xx_it.c...
compiling misc.c...
compiling stm32f4xx_cec.c...
compiling stm32f4xx_adc.c...
compiling stm32f4xx_can.c...
compiling system_stm32f4xx.c...
compiling stm32f4xx_crc.c...
compiling stm32f4xx_dbgmcu.c...
compiling stm32f4xx_cryp_tdes.c...
compiling stm32f4xx_cryp.c...
compiling stm32f4xx_cryp_des.c...
compiling stm32f4xx_dac.c...
compiling stm32f4xx_dcmi.c...
compiling stm32f4xx_cryp_aes.c...
compiling stm32f4xx_dma.c...
compiling stm32f4xx_dfsdm.c...
compiling stm32f4xx_dsi.c...
compiling stm32f4xx_exti.c...
compiling stm32f4xx_flash.c...
compiling stm32f4xx_dma2d.c...
compiling stm32f4xx_flash_ramfunc.c...
compiling stm32f4xx_hash.c...
compiling stm32f4xx_fmc.c...
compiling stm32f4xx_fmpi2c.c...
compiling stm32f4xx_gpio.c...
compiling stm32f4xx_hash_md5.c...
compiling stm32f4xx_hash_sha1.c...
compiling stm32f4xx_i2c.c...
compiling stm32f4xx_iwdg.c...
compiling stm32f4xx_lptim.c...
compiling stm32f4xx_pwr.c...
compiling stm32f4xx_ltdc.c...
compiling stm32f4xx_qspi.c...
compiling stm32f4xx_rcc.c...
compiling stm32f4xx_rng.c...
compiling stm32f4xx_sdio.c...
compiling stm32f4xx_spdifrx.c...
compiling stm32f4xx_rtc.c...
compiling stm32f4xx_sai.c...
compiling stm32f4xx_syscfg.c...
compiling croutine.c...
compiling event_groups.c...
compiling stm32f4xx_spi.c...
compiling list.c...
compiling heap_4.c...
compiling timers.c...
compiling queue.c...
compiling tasks.c...
compiling stm32f4xx_tim.c...
compiling ist8310driver.c...
compiling port.c...
compiling mpu6500driver.c...
compiling AHRS_middleware.c...
compiling stm32f4xx_usart.c...
compiling stm32f4xx_wwdg.c...
compiling user_lib.c...
compiling mpu6500driver_middleware.c...
compiling ist8310driver_middleware.c...
compiling buzzer.c...
compiling adc.c...
compiling main.c...
compiling can.c...
compiling delay.c...
compiling exit_init.c...
compiling fric.c...
compiling power_ctrl.c...
compiling flash.c...
compiling laser.c...
compiling led.c...
compiling calibrate_task.c...
compiling sys.c...
compiling chassis_behaviour.c...
compiling rc.c...
compiling rng.c...
compiling detect_task.c...
compiling uart.c...
uart.h(5): warning:  #1295-D: Deprecated declaration uart_init - give arg types
  void uart_init();
uart.h(7): warning:  #1-D: last line of file ends without a newline
  #endif
uart.c: 2 warnings, 0 errors
compiling timer.c...
compiling spi.c...
compiling chassis_task.c...
compiling pid.c...
compiling CAN_receive.c...
compiling gimbal_behaviour.c...
compiling gimbal_task.c...
compiling user_task.c...
compiling start_task.c...
..\user\APP\start_task\start_task.c(62): warning:  #177-D: variable "ReceiveTask_Handler"  was declared but never referenced
  static TaskHandle_t ReceiveTask_Handler;
..\user\APP\start_task\start_task.c: 1 warning, 0 errors
compiling receive_task.c...
Receive_Task.h(4): warning:  #1-D: last line of file ends without a newline
  #endif
receive_task.c: 1 warning, 0 errors
compiling FreeRTOS_middleware.c...
compiling remote_control.c...
compiling INS_task.c...
compiling shoot.c...
linking...
Program Size: Code=49524 RO-data=2772 RW-data=580 ZI-data=135268  
FromELF: creating hex file...
".\Objects\infantry.axf" - 0 Error(s), 4 Warning(s).

<h2>Software Packages used:</h2>

Package Vendor: Keil
                http://www.keil.com/pack/Keil.STM32F4xx_DFP.2.13.0.pack
                Keil.STM32F4xx_DFP.2.13.0
                STMicroelectronics STM32F4 Series Device Support, Drivers and Examples

<h2>Collection of Component include folders:</h2>
  .\RTE\_standard
  C:\Keil_v5\ARM\PACK\Keil\STM32F4xx_DFP\2.13.0\Drivers\CMSIS\Device\ST\STM32F4xx\Include

<h2>Collection of Component Files used:</h2>
Build Time Elapsed:  00:00:21
</pre>
</body>
</html>
